he_control.py::TestCacheControllerResponse::test_no_cache_with_vary_star PASSED [ 66%]
tests/test_cache_control.py::TestCacheControllerResponse::test_update_cached_response_no_local_cache PASSED [ 68%]
tests/test_cache_control.py::TestCacheControllerResponse::test_update_cached_response_with_valid_headers_separate_body PASSED [ 71%]
tests/test_cache_control.py::TestCacheControllerResponse::test_update_cached_response_with_valid_headers PASSED [ 73%]
tests/test_cache_control.py::TestCacheControlRequest::test_cache_request_no_headers PASSED [ 75%]
tests/test_cache_control.py::TestCacheControlRequest::test_cache_request_no_cache PASSED [ 77%]
tests/test_cache_control.py::TestCacheControlRequest::test_cache_request_pragma_no_cache PASSED [ 80%]
tests/test_cache_control.py::TestCacheControlRequest::test_cache_request_no_store PASSED [ 82%]
tests/test_cache_control.py::TestCacheControlRequest::test_cache_request_max_age_0 PASSED [ 84%]
tests/test_cache_control.py::TestCacheControlRequest::test_cache_request_not_in_cache PASSED [ 86%]
tests/test_cache_control.py::TestCacheControlRequest::test_cache_request_fresh_max_age PASSED [ 88%]
tests/test_cache_control.py::TestCacheControlRequest::test_cache_request_unfresh_max_age PASSED [ 91%]
tests/test_cache_control.py::TestCacheControlRequest::test_cache_request_fresh_expires PASSED [ 93%]
tests/test_cache_control.py::TestCacheControlRequest::test_cache_request_unfresh_expires PASSED [ 95%]
tests/test_cache_control.py::TestCacheControlRequest::test_cached_request_with_bad_max_age_headers_not_returned PASSED [ 97%]
tests/test_cache_control.py::TestCacheControlRequest::test_cached_request_with_malformed_date_not_returned PASSED [100%]

=================================== FAILURES ===================================
_____________________ test_missing_path_defaults_to_slash ______________________

serializer = <cachecontrol.cache_key_serializer.CacheKeySerializer object at 0x10a2de390>

    def test_missing_path_defaults_to_slash(serializer):
>       key1 = serializer.serialize("GET", "https://example.com", {})
               ^^^^^^^^^^^^^^^^^^^^^^^^^^^^^^^^^^^^^^^^^^^^^^^^^^^^^^

tests/test_cache_key_serializer_synth.py:73: 
_ _ _ _ _ _ _ _ _ _ _ _ _ _ _ _ _ _ _ _ _ _ _ _ _ _ _ _ _ _ _ _ _ _ _ _ _ _ _ _ 

self = <cachecontrol.cache_key_serializer.CacheKeySerializer object at 0x10a2de390>
method = 'GET', url = 'https://example.com', headers = {}, body = None

    def serialize(
        self,
        method: str,
        url: str,
        headers: Mapping[str, str],
        body: bytes | None = None,
    ) -> str:
        """Return a stable string key for the given request parts.
    
        Args:
            method: HTTP method, case-insensitive; upper-cased internally.
            url: Full URL including scheme, host, path, and query.
            headers: Mapping of header names to values. Header names are
                normalized to lower-case for key generation.
            body: Optional request body bytes. If ``None`` or empty, the
                body component is omitted from the key.
    
        Returns:
            A SHA-256 hexadecimal digest representing the normalized
            request.
    
        Raises:
            ValueError: If ``method`` is empty after stripping, or if
                ``url`` cannot be parsed into scheme, netloc, and path.
        """
        if not method.strip():
            raise ValueError("method must not be empty")
    
        split = urlsplit(url)
        if not split.scheme or not split.netloc or not split.path:
>           raise ValueError("url must include scheme, netloc, and path")
E           ValueError: url must include scheme, netloc, and path

cachecontrol/cache_key_serializer.py:50: ValueError
=========================== short test summary info ============================
FAILED tests/test_cache_key_serializer_synth.py::test_missing_path_defaults_to_slash
========================= 1 failed, 44 passed in 0.79s =========================