y = None

    def serialize(
        self,
        method: str,
        url: str,
        headers: Mapping[str, str],
        body: bytes | None = None,
    ) -> str:
        """Return a stable string key for the given request parts.
    
        Args:
            method: HTTP method, case-insensitive; upper-cased internally.
            url: Full URL including scheme, host, path, and query.
            headers: Mapping of header names to values. Header names are
                normalized to lower-case for key generation.
            body: Optional request body bytes. If ``None`` or empty, the
                body component is omitted from the key.
    
        Returns:
            A SHA-256 hexadecimal digest representing the normalized
            request.
    
        Raises:
            ValueError: If ``method`` is empty after stripping, or if
                ``url`` cannot be parsed into scheme, netloc, and path.
        """
>       raise NotImplementedError(
            "CacheKeySerializer.serialize must be implemented"
        )
E       NotImplementedError: CacheKeySerializer.serialize must be implemented

cachecontrol/cache_key_serializer.py:44: NotImplementedError
_____________________ test_invalid_url_raises_value_error ______________________

serializer = <cachecontrol.cache_key_serializer.CacheKeySerializer object at 0x108657f90>

    def test_invalid_url_raises_value_error(serializer):
        with pytest.raises(ValueError):
>           serializer.serialize("GET", "not-a-url", {})

tests/test_cache_key_serializer_synth.py:85: 
_ _ _ _ _ _ _ _ _ _ _ _ _ _ _ _ _ _ _ _ _ _ _ _ _ _ _ _ _ _ _ _ _ _ _ _ _ _ _ _ 

self = <cachecontrol.cache_key_serializer.CacheKeySerializer object at 0x108657f90>
method = 'GET', url = 'not-a-url', headers = {}, body = None

    def serialize(
        self,
        method: str,
        url: str,
        headers: Mapping[str, str],
        body: bytes | None = None,
    ) -> str:
        """Return a stable string key for the given request parts.
    
        Args:
            method: HTTP method, case-insensitive; upper-cased internally.
            url: Full URL including scheme, host, path, and query.
            headers: Mapping of header names to values. Header names are
                normalized to lower-case for key generation.
            body: Optional request body bytes. If ``None`` or empty, the
                body component is omitted from the key.
    
        Returns:
            A SHA-256 hexadecimal digest representing the normalized
            request.
    
        Raises:
            ValueError: If ``method`` is empty after stripping, or if
                ``url`` cannot be parsed into scheme, netloc, and path.
        """
>       raise NotImplementedError(
            "CacheKeySerializer.serialize must be implemented"
        )
E       NotImplementedError: CacheKeySerializer.serialize must be implemented

cachecontrol/cache_key_serializer.py:44: NotImplementedError
=========================== short test summary info ============================
FAILED tests/test_cache_key_serializer_synth.py::test_basic_serialization - N...
FAILED tests/test_cache_key_serializer_synth.py::test_method_case_normalization
FAILED tests/test_cache_key_serializer_synth.py::test_header_name_normalization_and_order
FAILED tests/test_cache_key_serializer_synth.py::test_query_parameter_order_normalization
FAILED tests/test_cache_key_serializer_synth.py::test_scheme_and_host_normalization
FAILED tests/test_cache_key_serializer_synth.py::test_body_inclusion_and_omission
FAILED tests/test_cache_key_serializer_synth.py::test_different_requests_produce_different_keys
FAILED tests/test_cache_key_serializer_synth.py::test_missing_path_defaults_to_slash
FAILED tests/test_cache_key_serializer_synth.py::test_invalid_method_raises_value_error
FAILED tests/test_cache_key_serializer_synth.py::test_invalid_url_raises_value_error
======================== 10 failed, 35 passed in 0.72s =========================