name_raises PASSED [ 13%]
tests/test_cache_control_parser_synth.py::test_merge_overrides PASSED    [ 15%]
tests/test_cache_control_parser_synth.py::test_merge_empty PASSED        [ 17%]
tests/test_cache_control_parser_synth.py::test_str_sorting_and_formatting PASSED [ 20%]
tests/test_cache_control_parser_synth.py::test_str_quoting PASSED        [ 22%]
tests/test_serialization.py::TestSerializer::test_load_by_version_v0 PASSED [ 24%]
tests/test_serialization.py::TestSerializer::test_load_by_version_v1 PASSED [ 26%]
tests/test_serialization.py::TestSerializer::test_load_by_version_v2 PASSED [ 28%]
tests/test_serialization.py::TestSerializer::test_load_by_version_v3 PASSED [ 31%]
tests/test_serialization.py::TestSerializer::test_read_version_v4 PASSED [ 33%]
tests/test_serialization.py::TestSerializer::test_read_latest_version_streamable PASSED [ 35%]
tests/test_serialization.py::TestSerializer::test_read_latest_version PASSED [ 37%]
tests/test_serialization.py::TestSerializer::test_no_vary_header PASSED  [ 40%]
tests/test_serialization.py::TestSerializer::test_no_body_creates_response_file_handle_on_dumps PASSED [ 42%]
tests/test_serialization.py::TestSerializer::test_no_incomplete_read_on_dumps PASSED [ 44%]
tests/test_cache_control.py::TestCacheControllerResponse::test_no_cache_non_20x_response PASSED [ 46%]
tests/test_cache_control.py::TestCacheControllerResponse::test_no_cache_with_no_date PASSED [ 48%]
tests/test_cache_control.py::TestCacheControllerResponse::test_no_cache_with_malformed_date PASSED [ 51%]
tests/test_cache_control.py::TestCacheControllerResponse::test_no_cache_with_wrong_sized_body PASSED [ 53%]
tests/test_cache_control.py::TestCacheControllerResponse::test_cache_response_no_cache_control PASSED [ 55%]
tests/test_cache_control.py::TestCacheControllerResponse::test_cache_response_cache_max_age PASSED [ 57%]
tests/test_cache_control.py::TestCacheControllerResponse::test_cache_response_cache_max_age_with_invalid_value_not_cached PASSED [ 60%]
tests/test_cache_control.py::TestCacheControllerResponse::test_cache_response_no_store PASSED [ 62%]
tests/test_cache_control.py::TestCacheControllerResponse::test_cache_response_no_store_with_etag PASSED [ 64%]
tests/test_cache_control.py::TestCacheControllerResponse::test_no_cache_with_vary_star PASSED [ 66%]
tests/test_cache_control.py::TestCacheControllerResponse::test_update_cached_response_no_local_cache PASSED [ 68%]
tests/test_cache_control.py::TestCacheControllerResponse::test_update_cached_response_with_valid_headers_separate_body PASSED [ 71%]
tests/test_cache_control.py::TestCacheControllerResponse::test_update_cached_response_with_valid_headers PASSED [ 73%]
tests/test_cache_control.py::TestCacheControlRequest::test_cache_request_no_headers PASSED [ 75%]
tests/test_cache_control.py::TestCacheControlRequest::test_cache_request_no_cache PASSED [ 77%]
tests/test_cache_control.py::TestCacheControlRequest::test_cache_request_pragma_no_cache PASSED [ 80%]
tests/test_cache_control.py::TestCacheControlRequest::test_cache_request_no_store PASSED [ 82%]
tests/test_cache_control.py::TestCacheControlRequest::test_cache_request_max_age_0 PASSED [ 84%]
tests/test_cache_control.py::TestCacheControlRequest::test_cache_request_not_in_cache PASSED [ 86%]
tests/test_cache_control.py::TestCacheControlRequest::test_cache_request_fresh_max_age PASSED [ 88%]
tests/test_cache_control.py::TestCacheControlRequest::test_cache_request_unfresh_max_age PASSED [ 91%]
tests/test_cache_control.py::TestCacheControlRequest::test_cache_request_fresh_expires PASSED [ 93%]
tests/test_cache_control.py::TestCacheControlRequest::test_cache_request_unfresh_expires PASSED [ 95%]
tests/test_cache_control.py::TestCacheControlRequest::test_cached_request_with_bad_max_age_headers_not_returned PASSED [ 97%]
tests/test_cache_control.py::TestCacheControlRequest::test_cached_request_with_malformed_date_not_returned PASSED [100%]

============================== 45 passed in 0.77s ==============================