============================= test session starts ==============================
collecting ... collected 33 items

tests/test_cache_control.py::TestCacheControlRequest::test_cache_request_fresh_expires PASSED [  3%]
tests/test_cache_control.py::TestCacheControlRequest::test_cache_request_fresh_max_age PASSED [  6%]
tests/test_cache_control.py::TestCacheControlRequest::test_cache_request_max_age_0 PASSED [  9%]
tests/test_cache_control.py::TestCacheControlRequest::test_cache_request_no_cache PASSED [ 12%]
tests/test_cache_control.py::TestCacheControlRequest::test_cache_request_no_headers PASSED [ 15%]
tests/test_cache_control.py::TestCacheControlRequest::test_cache_request_no_store PASSED [ 18%]
tests/test_cache_control.py::TestCacheControlRequest::test_cache_request_not_in_cache PASSED [ 21%]
tests/test_cache_control.py::TestCacheControlRequest::test_cache_request_pragma_no_cache PASSED [ 24%]
tests/test_cache_control.py::TestCacheControlRequest::test_cache_request_unfresh_expires PASSED [ 27%]
tests/test_cache_control.py::TestCacheControlRequest::test_cache_request_unfresh_max_age PASSED [ 30%]
tests/test_cache_control.py::TestCacheControlRequest::test_cached_request_with_bad_max_age_headers_not_returned PASSED [ 33%]
tests/test_cache_control.py::TestCacheControlRequest::test_cached_request_with_malformed_date_not_returned PASSED [ 36%]
tests/test_cache_control.py::TestCacheControllerResponse::test_cache_response_cache_max_age PASSED [ 39%]
tests/test_cache_control.py::TestCacheControllerResponse::test_cache_response_cache_max_age_with_invalid_value_not_cached PASSED [ 42%]
tests/test_cache_control.py::TestCacheControllerResponse::test_cache_response_no_cache_control PASSED [ 45%]
tests/test_cache_control.py::TestCacheControllerResponse::test_cache_response_no_store PASSED [ 48%]
tests/test_cache_control.py::TestCacheControllerResponse::test_cache_response_no_store_with_etag PASSED [ 51%]
tests/test_cache_control.py::TestCacheControllerResponse::test_no_cache_non_20x_response PASSED [ 54%]
tests/test_cache_control.py::TestCacheControllerResponse::test_no_cache_with_malformed_date PASSED [ 57%]
tests/test_cache_control.py::TestCacheControllerResponse::test_no_cache_with_no_date PASSED [ 60%]
tests/test_cache_control.py::TestCacheControllerResponse::test_no_cache_with_vary_star PASSED [ 63%]
tests/test_cache_control.py::TestCacheControllerResponse::test_no_cache_with_wrong_sized_body PASSED [ 66%]
tests/test_cache_control.py::TestCacheControllerResponse::test_update_cached_response_no_local_cache PASSED [ 69%]
tests/test_cache_control.py::TestCacheControllerResponse::test_update_cached_response_with_valid_headers PASSED [ 72%]
tests/test_cache_control.py::TestCacheControllerResponse::test_update_cached_response_with_valid_headers_separate_body PASSED [ 75%]
tests/test_etag.py::TestDisabledETags::test_expired_etags_if_none_match_response PASSED [ 78%]
tests/test_etag.py::TestETag::test_etags_get_example PASSED              [ 81%]
tests/test_etag.py::TestETag::test_etags_get_no_cache PASSED             [ 84%]
tests/test_etag.py::TestETag::test_etags_get_with_range PASSED           [ 87%]
tests/test_etag.py::TestReleaseConnection::test_not_modified_releases_connection PASSED [ 90%]
tests/test_storage_redis.py::TestRedisCache::test_set_expiration_datetime PASSED [ 93%]
tests/test_storage_redis.py::TestRedisCache::test_set_expiration_datetime_aware PASSED [ 96%]
tests/test_storage_redis.py::TestRedisCache::test_set_expiration_int PASSED [100%]

============================== 33 passed in 0.82s ==============================