ache_control.py::TestCacheControlRequest::test_cache_request_unfresh_expires PASSED [ 69%]
tests/test_cache_control.py::TestCacheControlRequest::test_cached_request_with_bad_max_age_headers_not_returned PASSED [ 72%]
tests/test_cache_control.py::TestCacheControlRequest::test_cached_request_with_malformed_date_not_returned PASSED [ 75%]
tests/test_storage_redis.py::TestRedisCache::test_set_expiration_datetime FAILED [ 78%]
tests/test_storage_redis.py::TestRedisCache::test_set_expiration_datetime_aware FAILED [ 81%]
tests/test_storage_redis.py::TestRedisCache::test_set_expiration_int FAILED [ 84%]
tests/test_etag.py::TestETag::test_etags_get_example PASSED              [ 87%]
tests/test_etag.py::TestETag::test_etags_get_no_cache PASSED             [ 90%]
tests/test_etag.py::TestETag::test_etags_get_with_range PASSED           [ 93%]
tests/test_etag.py::TestDisabledETags::test_expired_etags_if_none_match_response PASSED [ 96%]
tests/test_etag.py::TestReleaseConnection::test_not_modified_releases_connection PASSED [100%]

=================================== FAILURES ===================================
_________________ TestRedisCache.test_set_expiration_datetime __________________

self = <tests.test_storage_redis.TestRedisCache object at 0x7ff2b4ca3650>

    def test_set_expiration_datetime(self):
>       self.cache.set("foo", "bar", expires=datetime(2014, 2, 2))

tests/test_storage_redis.py:17: 
_ _ _ _ _ _ _ _ _ _ _ _ _ _ _ _ _ _ _ _ _ _ _ _ _ _ _ _ _ _ _ _ _ _ _ _ _ _ _ _ 

self = <cachecontrol.caches.redis_cache.RedisCache object at 0x7ff2b4bc6510>
key = 'foo', value = 'bar', expires = datetime.datetime(2014, 2, 2, 0, 0)

    def set(
        self, key: str, value: bytes, expires: int | datetime | None = None
    ) -> None:
>       raise NotImplementedError("TODO: implement this function")
E       NotImplementedError: TODO: implement this function

cachecontrol/caches/redis_cache.py:26: NotImplementedError
______________ TestRedisCache.test_set_expiration_datetime_aware _______________

self = <tests.test_storage_redis.TestRedisCache object at 0x7ff2b4ca2190>

    def test_set_expiration_datetime_aware(self):
>       self.cache.set("foo", "bar", expires=datetime(2014, 2, 2, tzinfo=timezone.utc))

tests/test_storage_redis.py:21: 
_ _ _ _ _ _ _ _ _ _ _ _ _ _ _ _ _ _ _ _ _ _ _ _ _ _ _ _ _ _ _ _ _ _ _ _ _ _ _ _ 

self = <cachecontrol.caches.redis_cache.RedisCache object at 0x7ff2b5094750>
key = 'foo', value = 'bar'
expires = datetime.datetime(2014, 2, 2, 0, 0, tzinfo=datetime.timezone.utc)

    def set(
        self, key: str, value: bytes, expires: int | datetime | None = None
    ) -> None:
>       raise NotImplementedError("TODO: implement this function")
E       NotImplementedError: TODO: implement this function

cachecontrol/caches/redis_cache.py:26: NotImplementedError
____________________ TestRedisCache.test_set_expiration_int ____________________

self = <tests.test_storage_redis.TestRedisCache object at 0x7ff2b4cd58d0>

    def test_set_expiration_int(self):
>       self.cache.set("foo", "bar", expires=600)

tests/test_storage_redis.py:25: 
_ _ _ _ _ _ _ _ _ _ _ _ _ _ _ _ _ _ _ _ _ _ _ _ _ _ _ _ _ _ _ _ _ _ _ _ _ _ _ _ 

self = <cachecontrol.caches.redis_cache.RedisCache object at 0x7ff2b4a00390>
key = 'foo', value = 'bar', expires = 600

    def set(
        self, key: str, value: bytes, expires: int | datetime | None = None
    ) -> None:
>       raise NotImplementedError("TODO: implement this function")
E       NotImplementedError: TODO: implement this function

cachecontrol/caches/redis_cache.py:26: NotImplementedError
=========================== short test summary info ============================
FAILED tests/test_storage_redis.py::TestRedisCache::test_set_expiration_datetime
FAILED tests/test_storage_redis.py::TestRedisCache::test_set_expiration_datetime_aware
FAILED tests/test_storage_redis.py::TestRedisCache::test_set_expiration_int
========================= 3 failed, 30 passed in 0.86s =========================