43)   [0m[1m    375.0320 (2.75)   [0m[1m   42.0259 (722.00) [0m   57;1467[1m    2,511.7417 (0.35)   [0m   85719           1
test_scientific     [1m    290.9801 (2.37)   [0m[1m   45,207.9694 (24.64)  [0m[1m    397.6247 (2.89)   [0m[1m    310.7283 (9.77)   [0m[1m    375.0320 (2.75)   [0m[1m   41.0364 (705.00) [0m  440;2903[1m    2,514.9344 (0.35)   [0m  167842           1
test_metric         [1m    415.9519 (3.39)   [0m[1m   73,458.0099 (40.04)  [0m[1m    512.6603 (3.73)   [0m[1m    469.0061 (14.75)  [0m[1m    500.0038 (3.66)   [0m[32m[1m    0.0582 (1.0)    [0m 391;61405[1m    1,950.6096 (0.27)   [0m  145455           1
test_intcomma       [1m    429.1505 (3.50)   [0m[1m    4,145.8523 (2.26)   [0m[1m    469.9930 (3.42)   [0m[1m     83.0701 (2.61)   [0m[1m    466.6479 (3.42)   [0m[1m   27.0520 (464.75) [0m 1119;1524[1m    2,127.6915 (0.29)   [0m   83043          20
test_naturalsize    [1m    499.9456 (4.07)   [0m[1m   89,334.0330 (48.70)  [0m[1m    636.6983 (4.63)   [0m[1m    509.8896 (16.04)  [0m[1m    624.9757 (4.58)   [0m[1m   41.0364 (705.00) [0m  249;3481[1m    1,570.6025 (0.22)   [0m   83334           1
test_naturalday     [1m    529.1513 (4.31)   [0m[1m    7,293.7488 (3.98)   [0m[1m    582.9502 (4.24)   [0m[1m    105.6156 (3.32)   [0m[1m    574.9986 (4.21)   [0m[1m   33.3501 (572.95) [0m 1497;1935[1m    1,715.4123 (0.24)   [0m   85107          20
test_naturaldelta   [1m    540.9820 (4.41)   [0m[1m   47,957.9903 (26.14)  [0m[1m    668.0811 (4.86)   [0m[1m    419.2491 (13.19)  [0m[1m    666.0121 (4.88)   [0m[1m   41.9677 (721.00) [0m  117;3703[1m    1,496.8243 (0.21)   [0m  127665           1
test_intword        [1m    666.0121 (5.43)   [0m[1m   52,417.0464 (28.57)  [0m[1m    801.6568 (5.83)   [0m[1m    409.1596 (12.87)  [0m[1m    791.9734 (5.80)   [0m[1m   82.9459 (>1000.0)[0m  134;1480[1m    1,247.4166 (0.17)   [0m   99592           1
test_fractional     [1m    916.0140 (7.47)   [0m[1m   51,292.0087 (27.96)  [0m[1m  1,071.0718 (7.79)   [0m[1m    609.3359 (19.17)  [0m[1m  1,041.9753 (7.63)   [0m[1m   83.0041 (>1000.0)[0m    66;891[1m      933.6442 (0.13)   [0m   40134           1
test_naturaltime    [1m  1,416.9491 (11.55)  [0m[1m   62,457.9843 (34.05)  [0m[1m  1,638.0605 (11.91)  [0m[1m    748.3991 (23.54)  [0m[1m  1,624.9833 (11.90)  [0m[1m  123.9823 (>1000.0)[0m  243;1356[1m      610.4781 (0.08)   [0m   95612           1
test_naturaldate    [1m  1,499.9532 (12.23)  [0m[1m   66,707.9585 (36.36)  [0m[1m  1,700.2643 (12.36)  [0m[1m    754.5616 (23.74)  [0m[1m  1,666.9510 (12.20)  [0m[1m   83.9937 (>1000.0)[0m  203;1121[1m      588.1438 (0.08)   [0m   44118           1
test_precisedelta   [31m[1m  4,667.0320 (38.04)  [0m[31m[1m  185,540.9937 (101.14) [0m[31m[1m  5,157.1669 (37.50)  [0m[31m[1m  1,677.4706 (52.77)  [0m[31m[1m  5,082.9840 (37.22)  [0m[31m[1m  291.9696 (>1000.0)[0m   224;590[31m[1m      193.9049 (0.03)   [0m   32044           1
[33m--------------------------------------------------------------------------------------------------------------------------------------------------------------------------------------------------------------[0m

Legend:
  Outliers: 1 Standard Deviation from Mean; 1.5 IQR (InterQuartile Range) from 1st Quartile and 3rd Quartile.
  OPS: Operations Per Second, computed as 1 / Mean
[36m[1m=========================== short test summary info ============================[0m
[31mFAILED[0m tests/test_refactor_guard_swe_synth_0013.py::[1mtest_target_function_is_simplified[0m - AssertionError: metric 的函数体仍有 26 行有效代码（重构前 26 行），要求不超...
[31mFAILED[0m tests/test_refactor_guard_swe_synth_0013.py::[1mtest_target_function_complexity_reduced[0m - AssertionError: metric 的圈复杂度仍为 12（重构前 12），要求不超过 6。请减少...
[31m======================== [31m[1m2 failed[0m, [32m244 passed[0m[31m in 6.17s[0m[31m =========================[0m