6 (2.33)   [0m[1m  46,374.9748 (72.94)  [0m[1m    396.6168 (2.88)   [0m[1m    408.2892 (24.98)  [0m[1m    375.0320 (2.73)   [0m[1m   41.0364 (705.00) [0m   144;863[1m    2,521.3251 (0.35)   [0m   56472           1
test_metric         [1m    415.9519 (3.32)   [0m[1m  54,000.0037 (84.93)  [0m[1m    513.1372 (3.72)   [0m[1m    429.3387 (26.27)  [0m[1m    500.0038 (3.64)   [0m[32m[1m    0.0582 (1.0)    [0m 332;52721[1m    1,948.7966 (0.27)   [0m  121833           1
test_intcomma       [1m    422.8990 (3.38)   [0m[1m   5,841.6481 (9.19)   [0m[1m    481.5802 (3.50)   [0m[1m     93.7159 (5.73)   [0m[1m    475.0007 (3.46)   [0m[1m   25.0002 (429.50) [0m 1325;3608[1m    2,076.4974 (0.29)   [0m   84804          20
test_naturalsize    [1m    500.0038 (3.99)   [0m[1m  59,957.9653 (94.31)  [0m[1m    646.3045 (4.69)   [0m[1m    444.2738 (27.18)  [0m[1m    625.0339 (4.55)   [0m[1m   41.0364 (705.00) [0m  390;5554[1m    1,547.2584 (0.21)   [0m  141164           1
test_naturalday     [1m    520.7985 (4.16)   [0m[1m   6,837.4997 (10.75)  [0m[1m    576.6910 (4.19)   [0m[1m    106.0522 (6.49)   [0m[1m    570.8484 (4.16)   [0m[1m   27.1015 (465.60) [0m 1466;2617[1m    1,734.0309 (0.24)   [0m   85712          20
test_naturaldelta   [1m    542.0297 (4.33)   [0m[1m  44,582.9937 (70.12)  [0m[1m    678.1515 (4.92)   [0m[1m    395.6106 (24.20)  [0m[1m    667.0016 (4.86)   [0m[1m    1.0477 (18.00)  [0m 119;48582[1m    1,474.5968 (0.20)   [0m  102997           1
test_intword        [1m    665.9538 (5.32)   [0m[1m  57,334.0221 (90.18)  [0m[1m    792.6876 (5.75)   [0m[1m    538.2158 (32.93)  [0m[1m    791.0421 (5.76)   [0m[1m   42.0259 (722.00) [0m  123;3547[1m    1,261.5310 (0.17)   [0m  109087           1
test_fractional     [1m    916.0140 (7.31)   [0m[1m  47,792.0403 (75.17)  [0m[1m  1,070.5610 (7.77)   [0m[1m    545.4172 (33.37)  [0m[1m  1,042.0335 (7.59)   [0m[1m   83.0041 (>1000.0)[0m    68;830[1m      934.0897 (0.13)   [0m   43638           1
test_naturaldate    [1m  1,417.0073 (11.31)  [0m[1m  54,958.0436 (86.44)  [0m[1m  1,629.8625 (11.83)  [0m[1m    756.0728 (46.26)  [0m[1m  1,584.0051 (11.54)  [0m[1m   83.0623 (>1000.0)[0m  302;2941[1m      613.5487 (0.08)   [0m   72728           1
test_naturaltime    [1m  1,417.0073 (11.31)  [0m[1m  49,041.9916 (77.14)  [0m[1m  1,633.3878 (11.85)  [0m[1m    704.7131 (43.12)  [0m[1m  1,624.9833 (11.84)  [0m[1m  123.9823 (>1000.0)[0m  177;1350[1m      612.2245 (0.08)   [0m   88890           1
test_precisedelta   [31m[1m  4,749.9780 (37.92)  [0m[31m[1m  68,209.0176 (107.28) [0m[31m[1m  5,229.9230 (37.96)  [0m[31m[1m  1,594.7506 (97.57)  [0m[31m[1m  5,166.9776 (37.64)  [0m[31m[1m  290.9801 (>1000.0)[0m   137;326[31m[1m      191.2074 (0.03)   [0m   17254           1
[33m-------------------------------------------------------------------------------------------------------------------------------------------------------------------------------------------------------------[0m

Legend:
  Outliers: 1 Standard Deviation from Mean; 1.5 IQR (InterQuartile Range) from 1st Quartile and 3rd Quartile.
  OPS: Operations Per Second, computed as 1 / Mean
[36m[1m=========================== short test summary info ============================[0m
[31mFAILED[0m tests/test_refactor_guard_swe_synth_0014.py::[1mtest_target_function_is_simplified[0m - AssertionError: naturalsize 的函数体仍有 19 行有效代码（重构前 19 行），要...
[31mFAILED[0m tests/test_refactor_guard_swe_synth_0014.py::[1mtest_target_function_complexity_reduced[0m - AssertionError: naturalsize 的圈复杂度仍为 12（重构前 12），要求不超过 5。...
[31mFAILED[0m tests/test_refactor_guard_swe_synth_0014.py::[1mtest_no_new_monolithic_function[0m - AssertionError: 以下函数体量超过 12 行：[('naturalsize', 19)]。把代码整体搬...
[31m=================== [31m[1m3 failed[0m, [32m98 passed[0m, [33m74 skipped[0m[31m in 6.41s[0m[31m ===================[0m