t,
        the last one encountered wins. Missing or empty values produce an empty dict.
        '''
>       raise NotImplementedError('Not implemented')
E       NotImplementedError: Not implemented

cachecontrol/cache_control_directives.py:25: NotImplementedError
____________________________ test_get_max_age_valid ____________________________

    def test_get_max_age_valid():
>       assert get_max_age({'Cache-Control': 'max-age=3600'}) == 3600
               ^^^^^^^^^^^^^^^^^^^^^^^^^^^^^^^^^^^^^^^^^^^^^^

tests/test_cache_control_directives_synth.py:49: 
_ _ _ _ _ _ _ _ _ _ _ _ _ _ _ _ _ _ _ _ _ _ _ _ _ _ _ _ _ _ _ _ _ _ _ _ _ _ _ _ 

headers = {'Cache-Control': 'max-age=3600'}

    def get_max_age(headers: Mapping[str, str]) -> int | None:
        '''Return the integer value of the max-age directive if present and valid.
    
        Returns ``None`` if the directive is missing, has no value, or its value cannot
        be parsed as a Python ``int``.
        '''
>       raise NotImplementedError('Not implemented')
E       NotImplementedError: Not implemented

cachecontrol/cache_control_directives.py:34: NotImplementedError
_______________ test_get_max_age_invalid_or_missing_returns_none _______________

    def test_get_max_age_invalid_or_missing_returns_none():
>       assert get_max_age({'Cache-Control': 'max-age=abc'}) is None
               ^^^^^^^^^^^^^^^^^^^^^^^^^^^^^^^^^^^^^^^^^^^^^

tests/test_cache_control_directives_synth.py:53: 
_ _ _ _ _ _ _ _ _ _ _ _ _ _ _ _ _ _ _ _ _ _ _ _ _ _ _ _ _ _ _ _ _ _ _ _ _ _ _ _ 

headers = {'Cache-Control': 'max-age=abc'}

    def get_max_age(headers: Mapping[str, str]) -> int | None:
        '''Return the integer value of the max-age directive if present and valid.
    
        Returns ``None`` if the directive is missing, has no value, or its value cannot
        be parsed as a Python ``int``.
        '''
>       raise NotImplementedError('Not implemented')
E       NotImplementedError: Not implemented

cachecontrol/cache_control_directives.py:34: NotImplementedError
______________________________ test_has_directive ______________________________

    def test_has_directive():
        headers = {'Cache-Control': 'no-store, max-age=0'}
>       assert has_directive(headers, 'no-store') is True
               ^^^^^^^^^^^^^^^^^^^^^^^^^^^^^^^^^^

tests/test_cache_control_directives_synth.py:60: 
_ _ _ _ _ _ _ _ _ _ _ _ _ _ _ _ _ _ _ _ _ _ _ _ _ _ _ _ _ _ _ _ _ _ _ _ _ _ _ _ 

headers = {'Cache-Control': 'no-store, max-age=0'}, directive = 'no-store'

    def has_directive(headers: Mapping[str, str], directive: str) -> bool:
        '''Return True if *directive* is present in the Cache-Control header.
    
        Directive matching is case-insensitive.
        '''
>       raise NotImplementedError('Not implemented')
E       NotImplementedError: Not implemented

cachecontrol/cache_control_directives.py:42: NotImplementedError
=========================== short test summary info ============================
FAILED tests/test_cache_control_directives_synth.py::test_parse_simple_directives
FAILED tests/test_cache_control_directives_synth.py::test_parse_quoted_value_preserves_comma
FAILED tests/test_cache_control_directives_synth.py::test_parse_duplicate_directive_last_wins
FAILED tests/test_cache_control_directives_synth.py::test_parse_normalizes_directive_names
FAILED tests/test_cache_control_directives_synth.py::test_parse_ignores_empty_and_invalid_fragments
FAILED tests/test_cache_control_directives_synth.py::test_cache_control_from_headers_missing_header
FAILED tests/test_cache_control_directives_synth.py::test_cache_control_from_headers_case_insensitive
FAILED tests/test_cache_control_directives_synth.py::test_get_max_age_valid
FAILED tests/test_cache_control_directives_synth.py::test_get_max_age_invalid_or_missing_returns_none
FAILED tests/test_cache_control_directives_synth.py::test_has_directive - Not...
======================== 10 failed, 35 passed in 0.77s =========================