============================= test session starts ==============================
collecting ... collected 9 items

tests/test_idna_utils_synth.py::test_to_ascii_unicode_domain PASSED      [ 11%]
tests/test_idna_utils_synth.py::test_to_ascii_strips_trailing_dot_and_lowercases PASSED [ 22%]
tests/test_idna_utils_synth.py::test_to_ascii_ascii_domain_unchanged PASSED [ 33%]
tests/test_idna_utils_synth.py::test_to_ascii_empty_hostname PASSED      [ 44%]
tests/test_idna_utils_synth.py::test_to_ascii_invalid_characters PASSED  [ 55%]
tests/test_idna_utils_synth.py::test_to_unicode_punycode_domain PASSED   [ 66%]
tests/test_idna_utils_synth.py::test_to_unicode_ascii_domain_unchanged PASSED [ 77%]
tests/test_idna_utils_synth.py::test_to_unicode_strips_trailing_dot_and_lowercases PASSED [ 88%]
tests/test_idna_utils_synth.py::test_to_unicode_invalid_punycode FAILED  [100%]

=================================== FAILURES ===================================
_______________________ test_to_unicode_invalid_punycode _______________________

    def test_to_unicode_invalid_punycode():
>       with pytest.raises(ValueError):
E       Failed: DID NOT RAISE ValueError

tests/test_idna_utils_synth.py:46: Failed
=========================== short test summary info ============================
FAILED tests/test_idna_utils_synth.py::test_to_unicode_invalid_punycode - Fai...
========================= 1 failed, 8 passed in 0.02s ==========================