aise NotImplementedError("to_unicode not implemented")
E       NotImplementedError: to_unicode not implemented

tldextract/idna_utils.py:35: NotImplementedError
____________________ test_to_unicode_ascii_domain_unchanged ____________________

    def test_to_unicode_ascii_domain_unchanged():
>       assert to_unicode("example.com") == "example.com"
               ^^^^^^^^^^^^^^^^^^^^^^^^^

tests/test_idna_utils_synth.py:38: 
_ _ _ _ _ _ _ _ _ _ _ _ _ _ _ _ _ _ _ _ _ _ _ _ _ _ _ _ _ _ _ _ _ _ _ _ _ _ _ _ 

hostname = 'example.com'

    def to_unicode(hostname: str) -> str:
        """Convert an ASCII IDNA hostname to its Unicode form.
    
        Args:
            hostname: The hostname to convert, expected to be ASCII and possibly
                containing punycode labels.
    
        Returns:
            The Unicode hostname, with no trailing dot.
    
        Raises:
            ValueError: If the hostname is not a valid IDNA hostname.
        """
>       raise NotImplementedError("to_unicode not implemented")
E       NotImplementedError: to_unicode not implemented

tldextract/idna_utils.py:35: NotImplementedError
______________ test_to_unicode_strips_trailing_dot_and_lowercases ______________

    def test_to_unicode_strips_trailing_dot_and_lowercases():
>       assert to_unicode("XN--MNICH-KVA.COM.") == "münich.com"
               ^^^^^^^^^^^^^^^^^^^^^^^^^^^^^^^^

tests/test_idna_utils_synth.py:42: 
_ _ _ _ _ _ _ _ _ _ _ _ _ _ _ _ _ _ _ _ _ _ _ _ _ _ _ _ _ _ _ _ _ _ _ _ _ _ _ _ 

hostname = 'XN--MNICH-KVA.COM.'

    def to_unicode(hostname: str) -> str:
        """Convert an ASCII IDNA hostname to its Unicode form.
    
        Args:
            hostname: The hostname to convert, expected to be ASCII and possibly
                containing punycode labels.
    
        Returns:
            The Unicode hostname, with no trailing dot.
    
        Raises:
            ValueError: If the hostname is not a valid IDNA hostname.
        """
>       raise NotImplementedError("to_unicode not implemented")
E       NotImplementedError: to_unicode not implemented

tldextract/idna_utils.py:35: NotImplementedError
_______________________ test_to_unicode_invalid_punycode _______________________

    def test_to_unicode_invalid_punycode():
        with pytest.raises(ValueError):
>           to_unicode("xn--invalid.com")

tests/test_idna_utils_synth.py:47: 
_ _ _ _ _ _ _ _ _ _ _ _ _ _ _ _ _ _ _ _ _ _ _ _ _ _ _ _ _ _ _ _ _ _ _ _ _ _ _ _ 

hostname = 'xn--invalid.com'

    def to_unicode(hostname: str) -> str:
        """Convert an ASCII IDNA hostname to its Unicode form.
    
        Args:
            hostname: The hostname to convert, expected to be ASCII and possibly
                containing punycode labels.
    
        Returns:
            The Unicode hostname, with no trailing dot.
    
        Raises:
            ValueError: If the hostname is not a valid IDNA hostname.
        """
>       raise NotImplementedError("to_unicode not implemented")
E       NotImplementedError: to_unicode not implemented

tldextract/idna_utils.py:35: NotImplementedError
=========================== short test summary info ============================
FAILED tests/test_idna_utils_synth.py::test_to_ascii_unicode_domain - NotImpl...
FAILED tests/test_idna_utils_synth.py::test_to_ascii_strips_trailing_dot_and_lowercases
FAILED tests/test_idna_utils_synth.py::test_to_ascii_ascii_domain_unchanged
FAILED tests/test_idna_utils_synth.py::test_to_ascii_empty_hostname - NotImpl...
FAILED tests/test_idna_utils_synth.py::test_to_ascii_invalid_characters - Not...
FAILED tests/test_idna_utils_synth.py::test_to_unicode_punycode_domain - NotI...
FAILED tests/test_idna_utils_synth.py::test_to_unicode_ascii_domain_unchanged
FAILED tests/test_idna_utils_synth.py::test_to_unicode_strips_trailing_dot_and_lowercases
FAILED tests/test_idna_utils_synth.py::test_to_unicode_invalid_punycode - Not...
============================== 9 failed in 0.03s ===============================