============================= test session starts ==============================
collecting ... collected 21 items

tests/test_refactor_guard_swe_synth_0007.py::test_signature_unchanged PASSED [  4%]
tests/test_refactor_guard_swe_synth_0007.py::test_target_function_is_simplified FAILED [  9%]
tests/test_refactor_guard_swe_synth_0007.py::test_target_function_complexity_reduced FAILED [ 14%]
tests/test_refactor_guard_swe_synth_0007.py::test_no_new_monolithic_function PASSED [ 19%]
tests/test_itsdangerous/test_signer.py::TestSigner::test_signer PASSED   [ 23%]
tests/test_itsdangerous/test_signer.py::TestSigner::test_no_separator PASSED [ 28%]
tests/test_itsdangerous/test_signer.py::TestSigner::test_broken_signature PASSED [ 33%]
tests/test_itsdangerous/test_signer.py::TestSigner::test_changed_value PASSED [ 38%]
tests/test_itsdangerous/test_signer.py::TestSigner::test_invalid_separator PASSED [ 42%]
tests/test_itsdangerous/test_signer.py::TestSigner::test_key_derivation[concat] PASSED [ 47%]
tests/test_itsdangerous/test_signer.py::TestSigner::test_key_derivation[django-concat] PASSED [ 52%]
tests/test_itsdangerous/test_signer.py::TestSigner::test_key_derivation[hmac] PASSED [ 57%]
tests/test_itsdangerous/test_signer.py::TestSigner::test_key_derivation[none] PASSED [ 61%]
tests/test_itsdangerous/test_signer.py::TestSigner::test_invalid_key_derivation PASSED [ 66%]
tests/test_itsdangerous/test_signer.py::TestSigner::test_digest_method PASSED [ 71%]
tests/test_itsdangerous/test_signer.py::TestSigner::test_algorithm[None] PASSED [ 76%]
tests/test_itsdangerous/test_signer.py::TestSigner::test_algorithm[algorithm1] PASSED [ 80%]
tests/test_itsdangerous/test_signer.py::TestSigner::test_algorithm[algorithm2] PASSED [ 85%]
tests/test_itsdangerous/test_signer.py::TestSigner::test_algorithm[algorithm3] PASSED [ 90%]
tests/test_itsdangerous/test_signer.py::TestSigner::test_secret_keys PASSED [ 95%]
tests/test_itsdangerous/test_signer.py::test_abstract_algorithm PASSED   [100%]

=================================== FAILURES ===================================
______________________ test_target_function_is_simplified ______________________

    def test_target_function_is_simplified():
        """目标函数的有效代码行数必须降下来（把职责拆分到更小的单元中）。"""
        lines, _, node = _target()
        n = _effective_body_lines(node, lines)
>       assert n <= MAX_TARGET_BODY_LINES, (
            "%s 的函数体仍有 %d 行有效代码（重构前 %d 行），要求不超过 %d 行。"
            "请将独立职责提取为单独的函数/方法，而不是原地压缩代码。"
            % (SYMBOL, n, BEFORE["body_lines"], MAX_TARGET_BODY_LINES)
        )
E       AssertionError: Signer.derive_key 的函数体仍有 18 行有效代码（重构前 18 行），要求不超过 10 行。请将独立职责提取为单独的函数/方法，而不是原地压缩代码。
E       assert 18 <= 10

tests/test_refactor_guard_swe_synth_0007.py:136: AssertionError
___________________ test_target_function_complexity_reduced ____________________

    def test_target_function_complexity_reduced():
        """目标函数的圈复杂度必须降下来（分支/循环/短路判断更少）。"""
        _, _, node = _target()
        cx = _cyclomatic(node)
>       assert cx <= MAX_TARGET_COMPLEXITY, (
            "%s 的圈复杂度仍为 %d（重构前 %d），要求不超过 %d。"
            "请减少嵌套分支，把条件判断收敛到辅助函数中。"
            % (SYMBOL, cx, BEFORE["cyclomatic"], MAX_TARGET_COMPLEXITY)
        )
E       AssertionError: Signer.derive_key 的圈复杂度仍为 6（重构前 6），要求不超过 3。请减少嵌套分支，把条件判断收敛到辅助函数中。
E       assert 6 <= 3

tests/test_refactor_guard_swe_synth_0007.py:147: AssertionError
=========================== short test summary info ============================
FAILED tests/test_refactor_guard_swe_synth_0007.py::test_target_function_is_simplified
FAILED tests/test_refactor_guard_swe_synth_0007.py::test_target_function_complexity_reduced
========================= 2 failed, 19 passed in 0.03s =========================