============================= test session starts ==============================
collecting ... collected 37 items

tests/test_expires_heuristics.py::TestExpiresAfter::test_expires_after_one_day PASSED [  2%]
tests/test_expires_heuristics.py::TestHeuristicWith3xxResponse::test_heuristic_applies_to_301 PASSED [  5%]
tests/test_expires_heuristics.py::TestHeuristicWith3xxResponse::test_heuristic_applies_to_304 PASSED [  8%]
tests/test_expires_heuristics.py::TestHeuristicWithoutWarning::test_no_header_change_means_no_warning_header PASSED [ 10%]
tests/test_expires_heuristics.py::TestLastModified::test_last_modified PASSED [ 13%]
tests/test_expires_heuristics.py::TestModifiedUnitTests::test_expires_is_not_replaced_when_present PASSED [ 16%]
tests/test_expires_heuristics.py::TestModifiedUnitTests::test_expiry_is_no_more_that_twenty_four_hours PASSED [ 18%]
tests/test_expires_heuristics.py::TestModifiedUnitTests::test_last_modified_is_not_used_when_cache_control_present PASSED [ 21%]
tests/test_expires_heuristics.py::TestModifiedUnitTests::test_last_modified_is_not_used_when_status_is_unknown PASSED [ 24%]
tests/test_expires_heuristics.py::TestModifiedUnitTests::test_last_modified_is_used PASSED [ 27%]
tests/test_expires_heuristics.py::TestModifiedUnitTests::test_last_modified_is_used_when_cache_control_public PASSED [ 29%]
tests/test_expires_heuristics.py::TestModifiedUnitTests::test_no_expiry_is_inferred_when_no_last_modified_is_present PASSED [ 32%]
tests/test_expires_heuristics.py::TestModifiedUnitTests::test_warning_is_not_added_when_heuristic_was_not_used PASSED [ 35%]
tests/test_expires_heuristics.py::TestModifiedUnitTests::test_warning_not_added_when_response_more_recent_than_24_hours PASSED [ 37%]
tests/test_expires_heuristics.py::TestOneDayCache::test_cache_for_one_day PASSED [ 40%]
tests/test_expires_heuristics.py::TestUseExpiresHeuristic::test_expires_heuristic_arg PASSED [ 43%]
tests/test_regressions.py::Test39::test_file_cache_recognizes_consumed_file_handle PASSED [ 45%]
tests/test_regressions.py::test_getattr_during_gc PASSED                 [ 48%]
tests/test_storage_filecache.py::TestFileCache::test_body_stored_inline PASSED [ 51%]
tests/test_storage_filecache.py::TestFileCache::test_filecache_directory_already_exists PASSED [ 54%]
tests/test_storage_filecache.py::TestFileCache::test_filecache_directory_not_exists PASSED [ 56%]
tests/test_storage_filecache.py::TestFileCache::test_filecache_from_cache PASSED [ 59%]
tests/test_storage_filecache.py::TestFileCache::test_filecache_with_delete_request PASSED [ 62%]
tests/test_storage_filecache.py::TestFileCache::test_filecache_with_put_request PASSED [ 64%]
tests/test_storage_filecache.py::TestFileCache::test_key_length PASSED   [ 67%]
tests/test_storage_filecache.py::TestFileCache::test_lock_class PASSED   [ 70%]
tests/test_storage_filecache.py::TestFileCache::test_simple_lockfile_arg PASSED [ 72%]
tests/test_storage_filecache.py::TestSeparateBodyFileCache::test_body_actually_stored_separately PASSED [ 75%]
tests/test_storage_filecache.py::TestSeparateBodyFileCache::test_filecache_directory_already_exists PASSED [ 78%]
tests/test_storage_filecache.py::TestSeparateBodyFileCache::test_filecache_directory_not_exists PASSED [ 81%]
tests/test_storage_filecache.py::TestSeparateBodyFileCache::test_filecache_from_cache PASSED [ 83%]
tests/test_storage_filecache.py::TestSeparateBodyFileCache::test_filecache_with_delete_request PASSED [ 86%]
tests/test_storage_filecache.py::TestSeparateBodyFileCache::test_filecache_with_put_request PASSED [ 89%]
tests/test_storage_filecache.py::TestSeparateBodyFileCache::test_key_length PASSED [ 91%]
tests/test_storage_filecache.py::TestSeparateBodyFileCache::test_lock_class PASSED [ 94%]
tests/test_storage_filecache.py::TestSeparateBodyFileCache::test_simple_lockfile_arg PASSED [ 97%]
tests/test_vary.py::TestVary::test_vary_example PASSED                   [100%]

============================== 37 passed in 0.81s ==============================