] PASSED [ 14%]
tests/test_itsdangerous/test_serializer.py::TestSerializer::test_changed_value[Serializer-<lambda>0] PASSED [ 17%]
tests/test_itsdangerous/test_serializer.py::TestSerializer::test_changed_value[Serializer-<lambda>1] PASSED [ 19%]
tests/test_itsdangerous/test_serializer.py::TestSerializer::test_changed_value[Serializer-<lambda>2] PASSED [ 21%]
tests/test_itsdangerous/test_serializer.py::TestSerializer::test_changed_value[Serializer-<lambda>3] PASSED [ 24%]
tests/test_itsdangerous/test_serializer.py::TestSerializer::test_changed_value[serializer_factory1-<lambda>0] PASSED [ 26%]
tests/test_itsdangerous/test_serializer.py::TestSerializer::test_changed_value[serializer_factory1-<lambda>1] PASSED [ 29%]
tests/test_itsdangerous/test_serializer.py::TestSerializer::test_changed_value[serializer_factory1-<lambda>2] PASSED [ 31%]
tests/test_itsdangerous/test_serializer.py::TestSerializer::test_changed_value[serializer_factory1-<lambda>3] PASSED [ 34%]
tests/test_itsdangerous/test_serializer.py::TestSerializer::test_fallback_signers[Serializer] PASSED [ 36%]
tests/test_itsdangerous/test_serializer.py::TestSerializer::test_fallback_signers[serializer_factory1] PASSED [ 39%]
tests/test_itsdangerous/test_serializer.py::TestSerializer::test_file[Serializer] PASSED [ 41%]
tests/test_itsdangerous/test_serializer.py::TestSerializer::test_file[serializer_factory1] PASSED [ 43%]
tests/test_itsdangerous/test_serializer.py::TestSerializer::test_iter_unsigners[Serializer] PASSED [ 46%]
tests/test_itsdangerous/test_serializer.py::TestSerializer::test_iter_unsigners[serializer_factory1] PASSED [ 48%]
tests/test_itsdangerous/test_serializer.py::TestSerializer::test_loads_unsafe[Serializer] PASSED [ 51%]
tests/test_itsdangerous/test_serializer.py::TestSerializer::test_loads_unsafe[serializer_factory1] PASSED [ 53%]
tests/test_itsdangerous/test_serializer.py::TestSerializer::test_serializer[Serializer-None] PASSED [ 56%]
tests/test_itsdangerous/test_serializer.py::TestSerializer::test_serializer[Serializer-True] PASSED [ 58%]
tests/test_itsdangerous/test_serializer.py::TestSerializer::test_serializer[Serializer-str] PASSED [ 60%]
tests/test_itsdangerous/test_serializer.py::TestSerializer::test_serializer[Serializer-text] PASSED [ 63%]
tests/test_itsdangerous/test_serializer.py::TestSerializer::test_serializer[Serializer-value4] PASSED [ 65%]
tests/test_itsdangerous/test_serializer.py::TestSerializer::test_serializer[Serializer-value5] PASSED [ 68%]
tests/test_itsdangerous/test_serializer.py::TestSerializer::test_serializer[serializer_factory1-None] PASSED [ 70%]
tests/test_itsdangerous/test_serializer.py::TestSerializer::test_serializer[serializer_factory1-True] PASSED [ 73%]
tests/test_itsdangerous/test_serializer.py::TestSerializer::test_serializer[serializer_factory1-str] PASSED [ 75%]
tests/test_itsdangerous/test_serializer.py::TestSerializer::test_serializer[serializer_factory1-text] PASSED [ 78%]
tests/test_itsdangerous/test_serializer.py::TestSerializer::test_serializer[serializer_factory1-value4] PASSED [ 80%]
tests/test_itsdangerous/test_serializer.py::TestSerializer::test_serializer[serializer_factory1-value5] PASSED [ 82%]
tests/test_itsdangerous/test_serializer.py::TestSerializer::test_serializer_kwargs[Serializer] PASSED [ 85%]
tests/test_itsdangerous/test_serializer.py::TestSerializer::test_serializer_kwargs[serializer_factory1] PASSED [ 87%]
tests/test_itsdangerous/test_serializer.py::TestSerializer::test_signer_cls[Serializer] PASSED [ 90%]
tests/test_itsdangerous/test_serializer.py::TestSerializer::test_signer_cls[serializer_factory1] PASSED [ 92%]
tests/test_itsdangerous/test_serializer.py::TestSerializer::test_signer_kwargs[Serializer] PASSED [ 95%]
tests/test_itsdangerous/test_serializer.py::TestSerializer::test_signer_kwargs[serializer_factory1] PASSED [ 97%]
tests/test_itsdangerous/test_serializer.py::test_digests PASSED          [100%]

============================== 41 passed in 0.03s ==============================