 literals are an error. Use :func:`extract_hostname` if the
        input may be an IP address.
    
        Raises:
            ValueError: If the input cannot be normalized (for example, invalid
                IDNA input).
        '''
>       raise NotImplementedError('TODO: implement normalize_hostname')
E       NotImplementedError: TODO: implement normalize_hostname

tldextract/hostname_utils.py:48: NotImplementedError
______________ test_normalize_hostname_rejects_ip_address_literal ______________

    def test_normalize_hostname_rejects_ip_address_literal():
        with pytest.raises(ValueError):
>           normalize_hostname('127.0.0.1')

tests/test_hostname_utils_synth.py:46: 
_ _ _ _ _ _ _ _ _ _ _ _ _ _ _ _ _ _ _ _ _ _ _ _ _ _ _ _ _ _ _ _ _ _ _ _ _ _ _ _ 

hostname = '127.0.0.1', keep_unicode = False

    def normalize_hostname(hostname: str, *, keep_unicode: bool = False) -> str:
        '''Normalize a DNS hostname.
    
        The following transformations are applied:
    
        * surrounding whitespace is stripped
        * trailing dots are removed
        * letters are lowercased
        * when *keep_unicode* is ``False``, non-ASCII labels are encoded to
          IDNA/punycode ASCII and existing punycode labels are left as-is
        * when *keep_unicode* is ``True``, punycode labels are decoded to Unicode
          and Unicode input is left as Unicode
    
        IP address literals are an error. Use :func:`extract_hostname` if the
        input may be an IP address.
    
        Raises:
            ValueError: If the input cannot be normalized (for example, invalid
                IDNA input).
        '''
>       raise NotImplementedError('TODO: implement normalize_hostname')
E       NotImplementedError: TODO: implement normalize_hostname

tldextract/hostname_utils.py:48: NotImplementedError
___________ test_split_domain_returns_labels_and_handles_empty_input ___________

    def test_split_domain_returns_labels_and_handles_empty_input():
>       assert split_domain('www.example.com') == ['www', 'example', 'com']
               ^^^^^^^^^^^^^^^^^^^^^^^^^^^^^^^

tests/test_hostname_utils_synth.py:50: 
_ _ _ _ _ _ _ _ _ _ _ _ _ _ _ _ _ _ _ _ _ _ _ _ _ _ _ _ _ _ _ _ _ _ _ _ _ _ _ _ 

hostname = 'www.example.com'

    def split_domain(hostname: str) -> list[str]:
        '''Split a DNS hostname into its labels.
    
        Labels are returned in order from most general to most specific, i.e. the
        last element is the public suffix.  IPv4/IPv6 addresses are not valid
        input and will raise :class:`ValueError`.
    
        Raises:
            ValueError: If the input cannot be normalized.
        '''
>       raise NotImplementedError('TODO: implement split_domain')
E       NotImplementedError: TODO: implement split_domain

tldextract/hostname_utils.py:61: NotImplementedError
=========================== short test summary info ============================
FAILED tests/test_hostname_utils_synth.py::test_extract_hostname_from_url_with_schema_and_port
FAILED tests/test_hostname_utils_synth.py::test_extract_hostname_from_plain_hostname_string
FAILED tests/test_hostname_utils_synth.py::test_extract_hostname_removes_whitespace_and_trailing_dot
FAILED tests/test_hostname_utils_synth.py::test_extract_hostname_returns_ipv4_literal_unchanged
FAILED tests/test_hostname_utils_synth.py::test_extract_hostname_returns_ipv6_literal_unchanged
FAILED tests/test_hostname_utils_synth.py::test_extract_hostname_raises_value_error_for_url_without_hostname
FAILED tests/test_hostname_utils_synth.py::test_normalize_hostname_encodes_unicode_to_ascii_punycode
FAILED tests/test_hostname_utils_synth.py::test_normalize_hostname_keep_unicode_decodes_punycode
FAILED tests/test_hostname_utils_synth.py::test_normalize_hostname_rejects_ip_address_literal
FAILED tests/test_hostname_utils_synth.py::test_split_domain_returns_labels_and_handles_empty_input
============================== 10 failed in 0.03s ==============================