istic.update_headers(resp) == {}
               ^^^^^^^^^^^^^^^^^^^^^^^^^^^^^^^^^^^

tests/test_expires_heuristics.py:177: 
_ _ _ _ _ _ _ _ _ _ _ _ _ _ _ _ _ _ _ _ _ _ _ _ _ _ _ _ _ _ _ _ _ _ _ _ _ _ _ _ 

self = <cachecontrol.heuristics.LastModified object at 0x10b689650>
resp = <tests.utils.DummyResponse object at 0x10b689d90>

    def update_headers(self, resp: HTTPResponse) -> dict[str, str]:
>       raise NotImplementedError("TODO: implement this function")
E       NotImplementedError: TODO: implement this function

cachecontrol/heuristics.py:125: NotImplementedError
__ TestModifiedUnitTests.test_last_modified_is_used_when_cache_control_public __

self = <tests.test_expires_heuristics.TestModifiedUnitTests object at 0x10b531fd0>

    def test_last_modified_is_used_when_cache_control_public(self):
        resp = DummyResponse(
            200,
            {
                "Date": self.now,
                "Last-Modified": self.week_ago,
                "Cache-Control": "public",
            },
        )
>       modified = self.heuristic.update_headers(resp)
                   ^^^^^^^^^^^^^^^^^^^^^^^^^^^^^^^^^^^

tests/test_expires_heuristics.py:188: 
_ _ _ _ _ _ _ _ _ _ _ _ _ _ _ _ _ _ _ _ _ _ _ _ _ _ _ _ _ _ _ _ _ _ _ _ _ _ _ _ 

self = <cachecontrol.heuristics.LastModified object at 0x10b5c8750>
resp = <tests.utils.DummyResponse object at 0x11486fa50>

    def update_headers(self, resp: HTTPResponse) -> dict[str, str]:
>       raise NotImplementedError("TODO: implement this function")
E       NotImplementedError: TODO: implement this function

cachecontrol/heuristics.py:125: NotImplementedError
_____ TestModifiedUnitTests.test_expiry_is_no_more_that_twenty_four_hours ______

self = <tests.test_expires_heuristics.TestModifiedUnitTests object at 0x10b5332d0>

    def test_expiry_is_no_more_that_twenty_four_hours(self):
        resp = DummyResponse(200, {"Date": self.now, "Last-Modified": self.year_ago})
>       modified = self.heuristic.update_headers(resp)
                   ^^^^^^^^^^^^^^^^^^^^^^^^^^^^^^^^^^^

tests/test_expires_heuristics.py:203: 
_ _ _ _ _ _ _ _ _ _ _ _ _ _ _ _ _ _ _ _ _ _ _ _ _ _ _ _ _ _ _ _ _ _ _ _ _ _ _ _ 

self = <cachecontrol.heuristics.LastModified object at 0x10b6acc50>
resp = <tests.utils.DummyResponse object at 0x10b6acb10>

    def update_headers(self, resp: HTTPResponse) -> dict[str, str]:
>       raise NotImplementedError("TODO: implement this function")
E       NotImplementedError: TODO: implement this function

cachecontrol/heuristics.py:125: NotImplementedError
--------------------------- Captured stderr teardown ---------------------------
[21/Aug/2026:02:52:48] ENGINE HTTP Server cherrypy._cpwsgi_server.CPWSGIServer(('127.0.0.1', 49555)) shut down
---------------------------- Captured log teardown -----------------------------
INFO     cherrypy.error:_cplogging.py:213 [21/Aug/2026:02:52:48] ENGINE HTTP Server cherrypy._cpwsgi_server.CPWSGIServer(('127.0.0.1', 49555)) shut down
=========================== short test summary info ============================
FAILED tests/test_expires_heuristics.py::TestLastModified::test_last_modified
FAILED tests/test_expires_heuristics.py::TestModifiedUnitTests::test_no_expiry_is_inferred_when_no_last_modified_is_present
FAILED tests/test_expires_heuristics.py::TestModifiedUnitTests::test_expires_is_not_replaced_when_present
FAILED tests/test_expires_heuristics.py::TestModifiedUnitTests::test_last_modified_is_used
FAILED tests/test_expires_heuristics.py::TestModifiedUnitTests::test_last_modified_is_not_used_when_cache_control_present
FAILED tests/test_expires_heuristics.py::TestModifiedUnitTests::test_last_modified_is_not_used_when_status_is_unknown
FAILED tests/test_expires_heuristics.py::TestModifiedUnitTests::test_last_modified_is_used_when_cache_control_public
FAILED tests/test_expires_heuristics.py::TestModifiedUnitTests::test_expiry_is_no_more_that_twenty_four_hours
========================= 8 failed, 8 passed in 0.76s ==========================