in encode
    s = alabel(label)
        ^^^^^^^^^^^^^
.venv_swe/lib/python3.11/site-packages/idna/core.py:543: in alabel
    ulabel(label_bytes)
.venv_swe/lib/python3.11/site-packages/idna/core.py:592: in ulabel
    check_label(label_bytes)
_ _ _ _ _ _ _ _ _ _ _ _ _ _ _ _ _ _ _ _ _ _ _ _ _ _ _ _ _ _ _ _ _ _ _ _ _ _ _ _ 

label = ''

    def check_label(label: str | bytes | bytearray) -> None:
        """Run the full set of IDNA 2008 validity checks on a single label.
    
        Applies, in order: NFC normalisation (:func:`check_nfc`), hyphen
        restrictions (:func:`check_hyphen_ok`), the no-leading-combiner rule
        (:func:`check_initial_combiner`), per-codepoint validity (PVALID,
        CONTEXTJ, CONTEXTO classes from :rfc:`5892`), and the Bidi Rule
        (:func:`check_bidi`).
    
        :param label: The label to validate. ``bytes`` or ``bytearray`` input
            is decoded as UTF-8 first.
        :raises IDNAError: If the label is empty or fails a structural rule.
        :raises InvalidCodepoint: If the label contains a DISALLOWED or
            UNASSIGNED codepoint.
        :raises InvalidCodepointContext: If a CONTEXTJ or CONTEXTO codepoint
            is not valid in its context.
        :raises IDNABidiError: If the Bidi Rule is violated.
        """
        if len(label) > _max_input_length:
            raise IDNAError("Label too long", code="input_too_long")
        if isinstance(label, (bytes, bytearray)):
            try:
                label = label.decode("utf-8")
            except UnicodeDecodeError as err:
                raise IDNAError("Invalid UTF-8 in label", code="invalid_utf8") from err
        if len(label) == 0:
>           raise IDNAError("Empty Label", code="empty_label")
E           idna.core.IDNAError: Empty Label

.venv_swe/lib/python3.11/site-packages/idna/core.py:467: IDNAError

The above exception was the direct cause of the following exception:

    def test_split_domain():
        assert split_domain("www.example.com") == ["www", "example", "com"]
        assert split_domain("example.com.") == ["example", "com"]
        assert split_domain("") == []
>       assert split_domain(".example.com") == ["", "example", "com"]
               ^^^^^^^^^^^^^^^^^^^^^^^^^^^^

tests/test_domain_utils_synth.py:30: 
_ _ _ _ _ _ _ _ _ _ _ _ _ _ _ _ _ _ _ _ _ _ _ _ _ _ _ _ _ _ _ _ _ _ _ _ _ _ _ _ 
tldextract/domain_utils.py:46: in split_domain
    normalized = normalize_domain(domain)
                 ^^^^^^^^^^^^^^^^^^^^^^^^
_ _ _ _ _ _ _ _ _ _ _ _ _ _ _ _ _ _ _ _ _ _ _ _ _ _ _ _ _ _ _ _ _ _ _ _ _ _ _ _ 

domain = '.example.com'

    def normalize_domain(domain: str) -> str:
        """Normalize a domain name to lowercase ASCII without trailing dots.
    
        Args:
            domain: A domain name as a string, possibly containing Unicode
                characters or trailing dots.
    
        Returns:
            The normalized domain name as lowercase ASCII, with trailing dots
            removed. If the input is an empty string or consists only of dots,
            an empty string is returned.
    
        Raises:
            ValueError: If the domain contains invalid Unicode characters that
                cannot be encoded to ASCII via IDNA.
        """
        if not isinstance(domain, str):
            raise TypeError("domain must be a string")
        domain = domain.rstrip(".")
        if not domain:
            return ""
        domain = domain.lower()
        try:
            domain = idna.encode(domain, uts46=True).decode("ascii")
        except idna.IDNAError as exc:
>           raise ValueError(f"Invalid domain name: {exc}") from exc
E           ValueError: Invalid domain name: Empty Label

tldextract/domain_utils.py:31: ValueError
=========================== short test summary info ============================
FAILED tests/test_domain_utils_synth.py::test_split_domain - ValueError: Inva...
========================= 1 failed, 7 passed in 0.04s ==========================