

    def test_initially_empty():
>       hist = RetryHistory()
               ^^^^^^^^^^^^^^

tests/test_retry_history_synth.py:5: 
_ _ _ _ _ _ _ _ _ _ _ _ _ _ _ _ _ _ _ _ _ _ _ _ _ _ _ _ _ _ _ _ _ _ _ _ _ _ _ _ 

self = <tenacity.retry_history.RetryHistory object at 0x7f5df8f62e10>

    def __init__(self) -> None:
        """Initialize an empty retry history."""
>       raise NotImplementedError("")
E       NotImplementedError

tenacity/retry_history.py:22: NotImplementedError
________________________ test_record_success_increments ________________________

    def test_record_success_increments():
>       hist = RetryHistory()
               ^^^^^^^^^^^^^^

tests/test_retry_history_synth.py:15: 
_ _ _ _ _ _ _ _ _ _ _ _ _ _ _ _ _ _ _ _ _ _ _ _ _ _ _ _ _ _ _ _ _ _ _ _ _ _ _ _ 

self = <tenacity.retry_history.RetryHistory object at 0x7f5df8f7fa90>

    def __init__(self) -> None:
        """Initialize an empty retry history."""
>       raise NotImplementedError("")
E       NotImplementedError

tenacity/retry_history.py:22: NotImplementedError
________________________ test_record_failure_increments ________________________

    def test_record_failure_increments():
>       hist = RetryHistory()
               ^^^^^^^^^^^^^^

tests/test_retry_history_synth.py:24: 
_ _ _ _ _ _ _ _ _ _ _ _ _ _ _ _ _ _ _ _ _ _ _ _ _ _ _ _ _ _ _ _ _ _ _ _ _ _ _ _ 

self = <tenacity.retry_history.RetryHistory object at 0x7f5df93da610>

    def __init__(self) -> None:
        """Initialize an empty retry history."""
>       raise NotImplementedError("")
E       NotImplementedError

tenacity/retry_history.py:22: NotImplementedError
_____________________ test_mixed_records_and_success_rate ______________________

    def test_mixed_records_and_success_rate():
>       hist = RetryHistory()
               ^^^^^^^^^^^^^^

tests/test_retry_history_synth.py:33: 
_ _ _ _ _ _ _ _ _ _ _ _ _ _ _ _ _ _ _ _ _ _ _ _ _ _ _ _ _ _ _ _ _ _ _ _ _ _ _ _ 

self = <tenacity.retry_history.RetryHistory object at 0x7f5df8f88910>

    def __init__(self) -> None:
        """Initialize an empty retry history."""
>       raise NotImplementedError("")
E       NotImplementedError

tenacity/retry_history.py:22: NotImplementedError
_________________________ test_idle_time_accumulation __________________________

    def test_idle_time_accumulation():
>       hist = RetryHistory()
               ^^^^^^^^^^^^^^

tests/test_retry_history_synth.py:44: 
_ _ _ _ _ _ _ _ _ _ _ _ _ _ _ _ _ _ _ _ _ _ _ _ _ _ _ _ _ _ _ _ _ _ _ _ _ _ _ _ 

self = <tenacity.retry_history.RetryHistory object at 0x7f5df8f611d0>

    def __init__(self) -> None:
        """Initialize an empty retry history."""
>       raise NotImplementedError("")
E       NotImplementedError

tenacity/retry_history.py:22: NotImplementedError
__________________________ test_mean_idle_time_empty ___________________________

    def test_mean_idle_time_empty():
>       hist = RetryHistory()
               ^^^^^^^^^^^^^^

tests/test_retry_history_synth.py:53: 
_ _ _ _ _ _ _ _ _ _ _ _ _ _ _ _ _ _ _ _ _ _ _ _ _ _ _ _ _ _ _ _ _ _ _ _ _ _ _ _ 

self = <tenacity.retry_history.RetryHistory object at 0x7f5df8f9c650>

    def __init__(self) -> None:
        """Initialize an empty retry history."""
>       raise NotImplementedError("")
E       NotImplementedError

tenacity/retry_history.py:22: NotImplementedError
=========================== short test summary info ============================
FAILED tests/test_retry_history_synth.py::test_initially_empty - NotImplement...
FAILED tests/test_retry_history_synth.py::test_record_success_increments - No...
FAILED tests/test_retry_history_synth.py::test_record_failure_increments - No...
FAILED tests/test_retry_history_synth.py::test_mixed_records_and_success_rate
FAILED tests/test_retry_history_synth.py::test_idle_time_accumulation - NotIm...
FAILED tests/test_retry_history_synth.py::test_mean_idle_time_empty - NotImpl...
============================== 6 failed in 0.06s ===============================