trollerResponse object at 0x10c0b9090>
tmp_path = PosixPath('/private/var/folders/rx/wxh4f2gx1mvdgc6spgk22bmw0000gn/T/pytest-of-jacobliang/pytest-45/test_update_cached_response_wi0')

    def test_update_cached_response_with_valid_headers_separate_body(self, tmp_path):
        """
        If the local cache has the given URL ``update_cached_response()`` will:
    
        1. Load the body from the cache.
        2. Update the stored headers to match the returned response.
    
        This is the version for a cache that stores a separate body.
        """
        cache = SeparateBodyFileCache(os.fsdecode(tmp_path))
>       self.update_cached_response_with_valid_headers_test(cache)

tests/test_cache_control.py:163: 
_ _ _ _ _ _ _ _ _ _ _ _ _ _ _ _ _ _ _ _ _ _ _ _ _ _ _ _ _ _ _ _ _ _ _ _ _ _ _ _ 
tests/test_cache_control.py:201: in update_cached_response_with_valid_headers_test
    cc._cache_set(url, req, cached_resp, b"my body")
_ _ _ _ _ _ _ _ _ _ _ _ _ _ _ _ _ _ _ _ _ _ _ _ _ _ _ _ _ _ _ _ _ _ _ _ _ _ _ _ 

self = <cachecontrol.controller.CacheController object at 0x10c1f3990>
cache_url = 'http://localhost:123/x'
request = <tests.utils.DummyRequest object at 0x10c1f0c50>
response = <tests.utils.DummyResponse object at 0x10c0c6d50>, body = b'my body'
expires_time = None

    def _cache_set(
        self,
        cache_url: str,
        request: PreparedRequest,
        response: HTTPResponse,
        body: bytes | None = None,
        expires_time: int | None = None,
    ) -> None:
        """
        Store the data in the cache.
        """
>       raise NotImplementedError("TODO: implement this function")
E       NotImplementedError: TODO: implement this function

cachecontrol/controller.py:307: NotImplementedError
__ TestCacheControllerResponse.test_update_cached_response_with_valid_headers __

self = <tests.test_cache_control.TestCacheControllerResponse object at 0x10c0b9790>

    def test_update_cached_response_with_valid_headers(self):
        """
        If the local cache has the given URL ``update_cached_response()`` will:
    
        1. Load the body from the cache.
        2. Update the stored headers to match the returned response.
    
        This is the version for non-separate body.
        """
        cache = DictCache({})
>       self.update_cached_response_with_valid_headers_test(cache)

tests/test_cache_control.py:175: 
_ _ _ _ _ _ _ _ _ _ _ _ _ _ _ _ _ _ _ _ _ _ _ _ _ _ _ _ _ _ _ _ _ _ _ _ _ _ _ _ 
tests/test_cache_control.py:201: in update_cached_response_with_valid_headers_test
    cc._cache_set(url, req, cached_resp, b"my body")
_ _ _ _ _ _ _ _ _ _ _ _ _ _ _ _ _ _ _ _ _ _ _ _ _ _ _ _ _ _ _ _ _ _ _ _ _ _ _ _ 

self = <cachecontrol.controller.CacheController object at 0x10c23c650>
cache_url = 'http://localhost:123/x'
request = <tests.utils.DummyRequest object at 0x10c23c850>
response = <tests.utils.DummyResponse object at 0x10c23c910>, body = b'my body'
expires_time = None

    def _cache_set(
        self,
        cache_url: str,
        request: PreparedRequest,
        response: HTTPResponse,
        body: bytes | None = None,
        expires_time: int | None = None,
    ) -> None:
        """
        Store the data in the cache.
        """
>       raise NotImplementedError("TODO: implement this function")
E       NotImplementedError: TODO: implement this function

cachecontrol/controller.py:307: NotImplementedError
=========================== short test summary info ============================
FAILED tests/test_cache_control.py::TestCacheControllerResponse::test_no_cache_non_20x_response
FAILED tests/test_cache_control.py::TestCacheControllerResponse::test_cache_response_cache_max_age
FAILED tests/test_cache_control.py::TestCacheControllerResponse::test_update_cached_response_with_valid_headers_separate_body
FAILED tests/test_cache_control.py::TestCacheControllerResponse::test_update_cached_response_with_valid_headers
========================= 4 failed, 21 passed in 0.20s =========================