22/'

    def test_cache_for_one_day(self, url):
        the_url = url + "optional_cacheable_request"
>       r = self.sess.get(the_url)
            ^^^^^^^^^^^^^^^^^^^^^^

tests/test_expires_heuristics.py:77: 
_ _ _ _ _ _ _ _ _ _ _ _ _ _ _ _ _ _ _ _ _ _ _ _ _ _ _ _ _ _ _ _ _ _ _ _ _ _ _ _ 
.venv_swe/lib/python3.11/site-packages/requests/sessions.py:671: in get
    return self.request("GET", url, params=params, **kwargs)
           ^^^^^^^^^^^^^^^^^^^^^^^^^^^^^^^^^^^^^^^^^^^^^^^^^
.venv_swe/lib/python3.11/site-packages/requests/sessions.py:651: in request
    resp = self.send(prep, **send_kwargs)
           ^^^^^^^^^^^^^^^^^^^^^^^^^^^^^^
.venv_swe/lib/python3.11/site-packages/requests/sessions.py:784: in send
    r = adapter.send(request, **kwargs)
        ^^^^^^^^^^^^^^^^^^^^^^^^^^^^^^^
cachecontrol/adapter.py:76: in send
    resp = super().send(request, stream, timeout, verify, cert, proxies)
           ^^^^^^^^^^^^^^^^^^^^^^^^^^^^^^^^^^^^^^^^^^^^^^^^^^^^^^^^^^^^^
.venv_swe/lib/python3.11/site-packages/requests/adapters.py:748: in send
    return self.build_response(request, resp)
           ^^^^^^^^^^^^^^^^^^^^^^^^^^^^^^^^^^
cachecontrol/adapter.py:98: in build_response
    response = self.heuristic.apply(response)
               ^^^^^^^^^^^^^^^^^^^^^^^^^^^^^^
cachecontrol/heuristics.py:49: in apply
    updated_headers = self.update_headers(response)
                      ^^^^^^^^^^^^^^^^^^^^^^^^^^^^^
_ _ _ _ _ _ _ _ _ _ _ _ _ _ _ _ _ _ _ _ _ _ _ _ _ _ _ _ _ _ _ _ _ _ _ _ _ _ _ _ 

self = <cachecontrol.heuristics.OneDayCache object at 0x109e2d8d0>
response = <urllib3.response.HTTPResponse object at 0x109d575b0>

    def update_headers(self, response: HTTPResponse) -> dict[str, str]:
>       raise NotImplementedError("TODO: implement this function")
E       NotImplementedError: TODO: implement this function

cachecontrol/heuristics.py:67: NotImplementedError
----------------------------- Captured stderr call -----------------------------
[21/Aug/2026:00:24:28] ENGINE TypeError("'method' object is not iterable")
Traceback (most recent call last):
  File "/private/var/folders/rx/wxh4f2gx1mvdgc6spgk22bmw0000gn/T/swe_synth_work/psf__cachecontrol/.venv_swe/lib/python3.11/site-packages/cheroot/server.py", line 1319, in communicate
    req.respond()
  File "/private/var/folders/rx/wxh4f2gx1mvdgc6spgk22bmw0000gn/T/swe_synth_work/psf__cachecontrol/.venv_swe/lib/python3.11/site-packages/cheroot/server.py", line 1110, in respond
    self.server.gateway(self).respond()
  File "/private/var/folders/rx/wxh4f2gx1mvdgc6spgk22bmw0000gn/T/swe_synth_work/psf__cachecontrol/.venv_swe/lib/python3.11/site-packages/cheroot/wsgi.py", line 150, in respond
    for chunk in filter(None, response):
                 ^^^^^^^^^^^^^^^^^^^^^^
TypeError: 'method' object is not iterable

------------------------------ Captured log call -------------------------------
ERROR    cherrypy.error:_cplogging.py:213 [21/Aug/2026:00:24:28] ENGINE TypeError("'method' object is not iterable")
Traceback (most recent call last):
  File "/private/var/folders/rx/wxh4f2gx1mvdgc6spgk22bmw0000gn/T/swe_synth_work/psf__cachecontrol/.venv_swe/lib/python3.11/site-packages/cheroot/server.py", line 1319, in communicate
    req.respond()
  File "/private/var/folders/rx/wxh4f2gx1mvdgc6spgk22bmw0000gn/T/swe_synth_work/psf__cachecontrol/.venv_swe/lib/python3.11/site-packages/cheroot/server.py", line 1110, in respond
    self.server.gateway(self).respond()
  File "/private/var/folders/rx/wxh4f2gx1mvdgc6spgk22bmw0000gn/T/swe_synth_work/psf__cachecontrol/.venv_swe/lib/python3.11/site-packages/cheroot/wsgi.py", line 150, in respond
    for chunk in filter(None, response):
                 ^^^^^^^^^^^^^^^^^^^^^^
TypeError: 'method' object is not iterable
=========================== short test summary info ============================
FAILED tests/test_expires_heuristics.py::TestOneDayCache::test_cache_for_one_day
========================= 1 failed, 15 passed in 0.79s =========================