s/test_serializer.py::TestSerializer::test_serializer[serializer_factory1-None] PASSED [ 24%]
tests/test_itsdangerous/test_serializer.py::TestSerializer::test_serializer[serializer_factory1-True] PASSED [ 26%]
tests/test_itsdangerous/test_serializer.py::TestSerializer::test_serializer[serializer_factory1-str] PASSED [ 28%]
tests/test_itsdangerous/test_serializer.py::TestSerializer::test_serializer[serializer_factory1-text] PASSED [ 31%]
tests/test_itsdangerous/test_serializer.py::TestSerializer::test_serializer[serializer_factory1-value4] PASSED [ 33%]
tests/test_itsdangerous/test_serializer.py::TestSerializer::test_serializer[serializer_factory1-value5] PASSED [ 35%]
tests/test_itsdangerous/test_serializer.py::TestSerializer::test_changed_value[Serializer-<lambda>0] PASSED [ 37%]
tests/test_itsdangerous/test_serializer.py::TestSerializer::test_changed_value[Serializer-<lambda>1] PASSED [ 40%]
tests/test_itsdangerous/test_serializer.py::TestSerializer::test_changed_value[Serializer-<lambda>2] PASSED [ 42%]
tests/test_itsdangerous/test_serializer.py::TestSerializer::test_changed_value[Serializer-<lambda>3] PASSED [ 44%]
tests/test_itsdangerous/test_serializer.py::TestSerializer::test_changed_value[serializer_factory1-<lambda>0] PASSED [ 46%]
tests/test_itsdangerous/test_serializer.py::TestSerializer::test_changed_value[serializer_factory1-<lambda>1] PASSED [ 48%]
tests/test_itsdangerous/test_serializer.py::TestSerializer::test_changed_value[serializer_factory1-<lambda>2] PASSED [ 51%]
tests/test_itsdangerous/test_serializer.py::TestSerializer::test_changed_value[serializer_factory1-<lambda>3] PASSED [ 53%]
tests/test_itsdangerous/test_serializer.py::TestSerializer::test_bad_signature_exception[Serializer] PASSED [ 55%]
tests/test_itsdangerous/test_serializer.py::TestSerializer::test_bad_signature_exception[serializer_factory1] PASSED [ 57%]
tests/test_itsdangerous/test_serializer.py::TestSerializer::test_bad_payload_exception[Serializer] PASSED [ 60%]
tests/test_itsdangerous/test_serializer.py::TestSerializer::test_bad_payload_exception[serializer_factory1] PASSED [ 62%]
tests/test_itsdangerous/test_serializer.py::TestSerializer::test_loads_unsafe[Serializer] PASSED [ 64%]
tests/test_itsdangerous/test_serializer.py::TestSerializer::test_loads_unsafe[serializer_factory1] PASSED [ 66%]
tests/test_itsdangerous/test_serializer.py::TestSerializer::test_file[Serializer] PASSED [ 68%]
tests/test_itsdangerous/test_serializer.py::TestSerializer::test_file[serializer_factory1] PASSED [ 71%]
tests/test_itsdangerous/test_serializer.py::TestSerializer::test_alt_salt[Serializer] PASSED [ 73%]
tests/test_itsdangerous/test_serializer.py::TestSerializer::test_alt_salt[serializer_factory1] PASSED [ 75%]
tests/test_itsdangerous/test_serializer.py::TestSerializer::test_signer_cls[Serializer] PASSED [ 77%]
tests/test_itsdangerous/test_serializer.py::TestSerializer::test_signer_cls[serializer_factory1] PASSED [ 80%]
tests/test_itsdangerous/test_serializer.py::TestSerializer::test_signer_kwargs[Serializer] PASSED [ 82%]
tests/test_itsdangerous/test_serializer.py::TestSerializer::test_signer_kwargs[serializer_factory1] PASSED [ 84%]
tests/test_itsdangerous/test_serializer.py::TestSerializer::test_serializer_kwargs[Serializer] PASSED [ 86%]
tests/test_itsdangerous/test_serializer.py::TestSerializer::test_serializer_kwargs[serializer_factory1] PASSED [ 88%]
tests/test_itsdangerous/test_serializer.py::TestSerializer::test_fallback_signers[Serializer] PASSED [ 91%]
tests/test_itsdangerous/test_serializer.py::TestSerializer::test_fallback_signers[serializer_factory1] PASSED [ 93%]
tests/test_itsdangerous/test_serializer.py::TestSerializer::test_iter_unsigners[Serializer] PASSED [ 95%]
tests/test_itsdangerous/test_serializer.py::TestSerializer::test_iter_unsigners[serializer_factory1] PASSED [ 97%]
tests/test_itsdangerous/test_serializer.py::test_digests PASSED          [100%]

============================== 45 passed in 0.06s ==============================