test_coroutine_sink.py::test_coroutine_function - NotImplemented...
FAILED tests/test_coroutine_sink.py::test_async_callable_sink - NotImplemente...
FAILED tests/test_coroutine_sink.py::test_concurrent_execution - NotImplement...
FAILED tests/test_coroutine_sink.py::test_recursive_coroutine - NotImplemente...
FAILED tests/test_coroutine_sink.py::test_using_another_event_loop - NotImple...
FAILED tests/test_coroutine_sink.py::test_run_multiple_different_loops - NotI...
FAILED tests/test_coroutine_sink.py::test_run_multiple_same_loop - NotImpleme...
FAILED tests/test_coroutine_sink.py::test_using_sink_without_running_loop_not_none
FAILED tests/test_coroutine_sink.py::test_using_sink_without_running_loop_none
FAILED tests/test_coroutine_sink.py::test_global_loop_not_used - NotImplement...
FAILED tests/test_coroutine_sink.py::test_complete_in_another_run - NotImplem...
FAILED tests/test_coroutine_sink.py::test_tasks_cancelled_on_remove - NotImpl...
FAILED tests/test_coroutine_sink.py::test_remove_without_tasks - NotImplement...
FAILED tests/test_coroutine_sink.py::test_complete_without_tasks - NotImpleme...
FAILED tests/test_coroutine_sink.py::test_complete_stream_noop - NotImplement...
FAILED tests/test_coroutine_sink.py::test_complete_file_noop - NotImplemented...
FAILED tests/test_coroutine_sink.py::test_complete_function_noop - NotImpleme...
FAILED tests/test_coroutine_sink.py::test_complete_standard_noop - NotImpleme...
FAILED tests/test_coroutine_sink.py::test_exception_in_coroutine_caught - Not...
FAILED tests/test_coroutine_sink.py::test_exception_in_coroutine_not_caught
FAILED tests/test_coroutine_sink.py::test_exception_in_coroutine_during_complete_caught
FAILED tests/test_coroutine_sink.py::test_exception_in_coroutine_during_complete_not_caught
FAILED tests/test_coroutine_sink.py::test_enqueue_coroutine_loop - NotImpleme...
FAILED tests/test_coroutine_sink.py::test_enqueue_coroutine_from_inside_coroutine_without_loop
FAILED tests/test_coroutine_sink.py::test_custom_complete_function - NotImple...
FAILED tests/test_coroutine_sink.py::test_complete_from_another_loop[True] - ...
FAILED tests/test_coroutine_sink.py::test_complete_from_another_loop[False]
FAILED tests/test_coroutine_sink.py::test_complete_from_multiple_threads_loop_is_none
FAILED tests/test_coroutine_sink.py::test_complete_from_multiple_threads_loop_is_not_none
FAILED tests/test_coroutine_sink.py::test_complete_and_sink_write_concurrency
FAILED tests/test_coroutine_sink.py::test_complete_and_contextualize_concurrency
FAILED tests/test_coroutine_sink.py::test_complete_with_sub_processes - NotIm...
FAILED tests/test_multiprocessing.py::test_await_complete_spawn - AssertionEr...
FAILED tests/test_multiprocessing.py::test_await_complete_fork - AssertionErr...
FAILED tests/test_multiprocessing.py::test_await_complete_inheritance - Asser...
FAILED tests/test_multiprocessing.py::test_complete_from_multiple_child_processes
FAILED tests/test_add_sinks.py::test_coroutine_sink[0] - NotImplementedError:...
FAILED tests/test_add_sinks.py::test_coroutine_sink[1] - NotImplementedError:...
FAILED tests/test_add_sinks.py::test_coroutine_sink[2] - NotImplementedError:...
FAILED tests/test_add_sinks.py::test_custom_sink_invalid_complete[123] - NotI...
FAILED tests/test_add_sinks.py::test_custom_sink_invalid_complete[None] - Not...
FAILED tests/test_add_sinks.py::test_custom_sink_invalid_complete[<lambda>]
FAILED tests/test_exceptions_catch.py::test_unprintable_but_decorated_repr_with_enqueue
ERROR tests/test_coroutine_sink.py::test_using_sink_without_running_loop_not_none
ERROR tests/test_coroutine_sink.py::test_complete_from_multiple_threads_loop_is_not_none
ERROR tests/test_multiprocessing.py::test_await_complete_spawn - pytest.Pytes...
ERROR tests/test_multiprocessing.py::test_await_complete_fork - pytest.Pytest...
ERROR tests/test_multiprocessing.py::test_await_complete_inheritance - pytest...
=================== 43 failed, 129 passed, 5 errors in 8.95s ===================