::TestCacheControllerResponse::test_cache_response_no_store PASSED [ 63%]
tests/test_cache_control.py::TestCacheControllerResponse::test_cache_response_no_store_with_etag PASSED [ 65%]
tests/test_cache_control.py::TestCacheControllerResponse::test_no_cache_with_vary_star PASSED [ 68%]
tests/test_cache_control.py::TestCacheControllerResponse::test_update_cached_response_no_local_cache PASSED [ 70%]
tests/test_cache_control.py::TestCacheControllerResponse::test_update_cached_response_with_valid_headers_separate_body PASSED [ 72%]
tests/test_cache_control.py::TestCacheControllerResponse::test_update_cached_response_with_valid_headers PASSED [ 74%]
tests/test_cache_control.py::TestCacheControlRequest::test_cache_request_no_headers PASSED [ 76%]
tests/test_cache_control.py::TestCacheControlRequest::test_cache_request_no_cache PASSED [ 78%]
tests/test_cache_control.py::TestCacheControlRequest::test_cache_request_pragma_no_cache PASSED [ 80%]
tests/test_cache_control.py::TestCacheControlRequest::test_cache_request_no_store PASSED [ 82%]
tests/test_cache_control.py::TestCacheControlRequest::test_cache_request_max_age_0 PASSED [ 85%]
tests/test_cache_control.py::TestCacheControlRequest::test_cache_request_not_in_cache PASSED [ 87%]
tests/test_cache_control.py::TestCacheControlRequest::test_cache_request_fresh_max_age PASSED [ 89%]
tests/test_cache_control.py::TestCacheControlRequest::test_cache_request_unfresh_max_age PASSED [ 91%]
tests/test_cache_control.py::TestCacheControlRequest::test_cache_request_fresh_expires PASSED [ 93%]
tests/test_cache_control.py::TestCacheControlRequest::test_cache_request_unfresh_expires PASSED [ 95%]
tests/test_cache_control.py::TestCacheControlRequest::test_cached_request_with_bad_max_age_headers_not_returned PASSED [ 97%]
tests/test_cache_control.py::TestCacheControlRequest::test_cached_request_with_malformed_date_not_returned PASSED [100%]

=================================== FAILURES ===================================
_____________________ TestCurrentAge.test_with_date_header _____________________

self = <tests.test_rfc7234_freshness_synth.TestCurrentAge object at 0x10a240150>

    def test_with_date_header(self):
        headers = {"date": "Tue, 21 Oct 2014 07:28:00 GMT"}
        req = datetime(2014, 10, 21, 7, 28, 0)
        resp = datetime(2014, 10, 21, 7, 28, 10)
        now = datetime(2014, 10, 21, 7, 28, 25)
>       assert compute_current_age(headers, req, resp, now) == 25
               ^^^^^^^^^^^^^^^^^^^^^^^^^^^^^^^^^^^^^^^^^^^^

tests/test_rfc7234_freshness_synth.py:65: 
_ _ _ _ _ _ _ _ _ _ _ _ _ _ _ _ _ _ _ _ _ _ _ _ _ _ _ _ _ _ _ _ _ _ _ _ _ _ _ _ 

headers = {'date': 'Tue, 21 Oct 2014 07:28:00 GMT'}
request_time = datetime.datetime(2014, 10, 21, 7, 28)
response_time = datetime.datetime(2014, 10, 21, 7, 28, 10)
now = datetime.datetime(2014, 10, 21, 7, 28, 25)

    def compute_current_age(
        headers: Mapping[str, str],
        request_time: datetime,
        response_time: datetime,
        now: datetime,
    ) -> int:
        """计算响应当前年龄（秒）。
    
        根据 RFC 7234 的算法，结合 Age 头、Date 头以及请求/响应/当前时间。
    
        参数：
            headers: 响应头字典。
            request_time: 请求发送时间。
            response_time: 响应接收时间。
            now: 当前时间。
    
        返回：
            int: 当前年龄（非负秒数）。
        """
        normalized = _normalize_headers(headers)
        date_value = _parse_date(normalized.get("date"))
        if date_value is None:
            apparent_age = 0
        else:
>           apparent_age = max(0, int((response_time - date_value).total_seconds()))
                                       ^^^^^^^^^^^^^^^^^^^^^^^^^^
E           TypeError: can't subtract offset-naive and offset-aware datetimes

cachecontrol/rfc7234_freshness.py:122: TypeError
=========================== short test summary info ============================
FAILED tests/test_rfc7234_freshness_synth.py::TestCurrentAge::test_with_date_header
========================= 1 failed, 46 passed in 0.79s =========================