ristic: BaseHeuristic | None = None,
        controller_class: type[CacheController] | None = None,
        adapter_class: type[CacheControlAdapter] | None = None,
        cacheable_methods: Collection[str] | None = None,
    ) -> requests.Session:
>       raise NotImplementedError("TODO: implement this function")
E       NotImplementedError: TODO: implement this function

cachecontrol/wrapper.py:30: NotImplementedError
______________ TestUseExpiresHeuristic.test_expires_heuristic_arg ______________

self = <tests.test_expires_heuristics.TestUseExpiresHeuristic object at 0x7fcbc4fdafd0>

    def test_expires_heuristic_arg(self):
        sess = Session()
>       cached_sess = CacheControl(sess, heuristic=Mock())
                      ^^^^^^^^^^^^^^^^^^^^^^^^^^^^^^^^^^^^

tests/test_expires_heuristics.py:66: 
_ _ _ _ _ _ _ _ _ _ _ _ _ _ _ _ _ _ _ _ _ _ _ _ _ _ _ _ _ _ _ _ _ _ _ _ _ _ _ _ 

sess = <requests.sessions.Session object at 0x7fcbc501ebd0>, cache = None
cache_etags = True, serializer = None, heuristic = <Mock id='140513160319696'>
controller_class = None, adapter_class = None, cacheable_methods = None

    def CacheControl(
        sess: requests.Session,
        cache: BaseCache | None = None,
        cache_etags: bool = True,
        serializer: Serializer | None = None,
        heuristic: BaseHeuristic | None = None,
        controller_class: type[CacheController] | None = None,
        adapter_class: type[CacheControlAdapter] | None = None,
        cacheable_methods: Collection[str] | None = None,
    ) -> requests.Session:
>       raise NotImplementedError("TODO: implement this function")
E       NotImplementedError: TODO: implement this function

cachecontrol/wrapper.py:30: NotImplementedError
=========================== short test summary info ============================
FAILED tests/test_regressions.py::Test39::test_file_cache_recognizes_consumed_file_handle
FAILED tests/test_expires_heuristics.py::TestUseExpiresHeuristic::test_expires_heuristic_arg
ERROR tests/test_storage_filecache.py::TestFileCache::test_filecache_from_cache
ERROR tests/test_storage_filecache.py::TestFileCache::test_filecache_directory_not_exists
ERROR tests/test_storage_filecache.py::TestFileCache::test_filecache_directory_already_exists
ERROR tests/test_storage_filecache.py::TestFileCache::test_key_length - NotIm...
ERROR tests/test_storage_filecache.py::TestFileCache::test_filecache_with_delete_request
ERROR tests/test_storage_filecache.py::TestFileCache::test_filecache_with_put_request
ERROR tests/test_storage_filecache.py::TestFileCache::test_body_stored_inline
ERROR tests/test_storage_filecache.py::TestSeparateBodyFileCache::test_filecache_from_cache
ERROR tests/test_storage_filecache.py::TestSeparateBodyFileCache::test_filecache_directory_not_exists
ERROR tests/test_storage_filecache.py::TestSeparateBodyFileCache::test_filecache_directory_already_exists
ERROR tests/test_storage_filecache.py::TestSeparateBodyFileCache::test_key_length
ERROR tests/test_storage_filecache.py::TestSeparateBodyFileCache::test_filecache_with_delete_request
ERROR tests/test_storage_filecache.py::TestSeparateBodyFileCache::test_filecache_with_put_request
ERROR tests/test_storage_filecache.py::TestSeparateBodyFileCache::test_body_actually_stored_separately
ERROR tests/test_expires_heuristics.py::TestHeuristicWithoutWarning::test_no_header_change_means_no_warning_header
ERROR tests/test_expires_heuristics.py::TestHeuristicWith3xxResponse::test_heuristic_applies_to_301
ERROR tests/test_expires_heuristics.py::TestHeuristicWith3xxResponse::test_heuristic_applies_to_304
ERROR tests/test_expires_heuristics.py::TestOneDayCache::test_cache_for_one_day
ERROR tests/test_expires_heuristics.py::TestExpiresAfter::test_expires_after_one_day
ERROR tests/test_expires_heuristics.py::TestLastModified::test_last_modified
ERROR tests/test_vary.py::TestVary::test_vary_example - NotImplementedError: ...
=================== 2 failed, 14 passed, 21 errors in 0.74s ====================