_age PASSED [ 64%]
tests/test_cache_control.py::TestCacheControlRequest::test_cache_request_fresh_expires PASSED [ 66%]
tests/test_cache_control.py::TestCacheControlRequest::test_cache_request_unfresh_expires PASSED [ 69%]
tests/test_cache_control.py::TestCacheControlRequest::test_cached_request_with_bad_max_age_headers_not_returned PASSED [ 71%]
tests/test_cache_control.py::TestCacheControlRequest::test_cached_request_with_malformed_date_not_returned PASSED [ 74%]
tests/test_serialization.py::TestSerializer::test_load_by_version_v0 PASSED [ 76%]
tests/test_serialization.py::TestSerializer::test_load_by_version_v1 PASSED [ 79%]
tests/test_serialization.py::TestSerializer::test_load_by_version_v2 PASSED [ 82%]
tests/test_serialization.py::TestSerializer::test_load_by_version_v3 PASSED [ 84%]
tests/test_serialization.py::TestSerializer::test_read_version_v4 PASSED [ 87%]
tests/test_serialization.py::TestSerializer::test_read_latest_version_streamable PASSED [ 89%]
tests/test_serialization.py::TestSerializer::test_read_latest_version PASSED [ 92%]
tests/test_serialization.py::TestSerializer::test_no_vary_header PASSED  [ 94%]
tests/test_serialization.py::TestSerializer::test_no_body_creates_response_file_handle_on_dumps PASSED [ 97%]
tests/test_serialization.py::TestSerializer::test_no_incomplete_read_on_dumps PASSED [100%]

=================================== FAILURES ===================================
______________________ test_target_function_is_simplified ______________________

    def test_target_function_is_simplified():
        """目标函数的有效代码行数必须降下来（把职责拆分到更小的单元中）。"""
        lines, _, node = _target()
        n = _effective_body_lines(node, lines)
>       assert n <= MAX_TARGET_BODY_LINES, (
            "%s 的函数体仍有 %d 行有效代码（重构前 %d 行），要求不超过 %d 行。"
            "请将独立职责提取为单独的函数/方法，而不是原地压缩代码。"
            % (SYMBOL, n, BEFORE["body_lines"], MAX_TARGET_BODY_LINES)
        )
E       AssertionError: Serializer.dumps 的函数体仍有 27 行有效代码（重构前 27 行），要求不超过 12 行。请将独立职责提取为单独的函数/方法，而不是原地压缩代码。
E       assert 27 <= 12

tests/test_refactor_guard_swe_synth_0031.py:136: AssertionError
___________________ test_target_function_complexity_reduced ____________________

    def test_target_function_complexity_reduced():
        """目标函数的圈复杂度必须降下来（分支/循环/短路判断更少）。"""
        _, _, node = _target()
        cx = _cyclomatic(node)
>       assert cx <= MAX_TARGET_COMPLEXITY, (
            "%s 的圈复杂度仍为 %d（重构前 %d），要求不超过 %d。"
            "请减少嵌套分支，把条件判断收敛到辅助函数中。"
            % (SYMBOL, cx, BEFORE["cyclomatic"], MAX_TARGET_COMPLEXITY)
        )
E       AssertionError: Serializer.dumps 的圈复杂度仍为 6（重构前 6），要求不超过 3。请减少嵌套分支，把条件判断收敛到辅助函数中。
E       assert 6 <= 3

tests/test_refactor_guard_swe_synth_0031.py:147: AssertionError
_______________________ test_no_new_monolithic_function ________________________

    def test_no_new_monolithic_function():
        """防伪重构：不允许把复杂度整体搬运到另一个巨型函数里。"""
        lines, tree = _load()
        offenders = [
            (path, _effective_body_lines(node, lines))
            for path, node in _iter_defs(tree)
            if isinstance(node, (ast.FunctionDef, ast.AsyncFunctionDef))
            and _effective_body_lines(node, lines) > MAX_ANY_FUNC_BODY_LINES
        ]
>       assert not offenders, (
            "以下函数体量超过 %d 行：%r。"
            "把代码整体搬到另一个大函数不算重构，请真正拆分职责。"
            % (MAX_ANY_FUNC_BODY_LINES, offenders)
        )
E       AssertionError: 以下函数体量超过 26 行：[('Serializer.dumps', 27)]。把代码整体搬到另一个大函数不算重构，请真正拆分职责。
E       assert not [('Serializer.dumps', 27)]

tests/test_refactor_guard_swe_synth_0031.py:163: AssertionError
=========================== short test summary info ============================
FAILED tests/test_refactor_guard_swe_synth_0031.py::test_target_function_is_simplified
FAILED tests/test_refactor_guard_swe_synth_0031.py::test_target_function_complexity_reduced
FAILED tests/test_refactor_guard_swe_synth_0031.py::test_no_new_monolithic_function
========================= 3 failed, 36 passed in 0.90s =========================