= 2.0, previous_delay = 1.0, cap = 1.5
random_func = <function test_decorrelated_jitter_invalid_cap_raises.<locals>.<lambda> at 0x10958b380>

    def decorrelated_jitter(
        base_delay: float,
        previous_delay: float,
        cap: float,
        random_func: typing.Callable[[], float],
    ) -> float:
        """Return a jittered delay using the decorrelated jitter strategy.
    
        The result is uniformly distributed in
        [base_delay, min(cap, previous_delay * 3)] when that interval is valid.
        If the upper bound is not greater than base_delay, base_delay is returned.
    
        :param base_delay: non-negative base delay in seconds
        :param previous_delay: non-negative previous delay in seconds
        :param cap: maximum allowed delay; must be >= base_delay
        :param random_func: zero-argument callable returning a float in [0, 1)
        :returns: jittered delay
        :raises ValueError: if any numeric argument is invalid or *random_func*
            returns a value outside [0, 1)
        """
>       raise NotImplementedError("decorrelated_jitter")
E       NotImplementedError: decorrelated_jitter

tenacity/jitter.py:76: NotImplementedError
______________ test_decorrelated_jitter_negative_previous_raises _______________

    def test_decorrelated_jitter_negative_previous_raises() -> None:
        """decorrelated_jitter rejects negative previous_delay."""
        with pytest.raises(ValueError):
>           decorrelated_jitter(1.0, -1.0, 10.0, lambda: 0.5)

tests/test_jitter_synth.py:77: 
_ _ _ _ _ _ _ _ _ _ _ _ _ _ _ _ _ _ _ _ _ _ _ _ _ _ _ _ _ _ _ _ _ _ _ _ _ _ _ _ 

base_delay = 1.0, previous_delay = -1.0, cap = 10.0
random_func = <function test_decorrelated_jitter_negative_previous_raises.<locals>.<lambda> at 0x10958b4c0>

    def decorrelated_jitter(
        base_delay: float,
        previous_delay: float,
        cap: float,
        random_func: typing.Callable[[], float],
    ) -> float:
        """Return a jittered delay using the decorrelated jitter strategy.
    
        The result is uniformly distributed in
        [base_delay, min(cap, previous_delay * 3)] when that interval is valid.
        If the upper bound is not greater than base_delay, base_delay is returned.
    
        :param base_delay: non-negative base delay in seconds
        :param previous_delay: non-negative previous delay in seconds
        :param cap: maximum allowed delay; must be >= base_delay
        :param random_func: zero-argument callable returning a float in [0, 1)
        :returns: jittered delay
        :raises ValueError: if any numeric argument is invalid or *random_func*
            returns a value outside [0, 1)
        """
>       raise NotImplementedError("decorrelated_jitter")
E       NotImplementedError: decorrelated_jitter

tenacity/jitter.py:76: NotImplementedError
=========================== short test summary info ============================
FAILED tests/test_jitter_synth.py::test_full_jitter_basic - NotImplementedErr...
FAILED tests/test_jitter_synth.py::test_full_jitter_zero_random_value - NotIm...
FAILED tests/test_jitter_synth.py::test_full_jitter_negative_base_raises - No...
FAILED tests/test_jitter_synth.py::test_full_jitter_invalid_random_value_raises
FAILED tests/test_jitter_synth.py::test_equal_jitter_basic - NotImplementedEr...
FAILED tests/test_jitter_synth.py::test_equal_jitter_extremes - NotImplemente...
FAILED tests/test_jitter_synth.py::test_equal_jitter_negative_base_raises - N...
FAILED tests/test_jitter_synth.py::test_decorrelated_jitter_basic - NotImplem...
FAILED tests/test_jitter_synth.py::test_decorrelated_jitter_previous_zero_returns_base
FAILED tests/test_jitter_synth.py::test_decorrelated_jitter_cap_bounds - NotI...
FAILED tests/test_jitter_synth.py::test_decorrelated_jitter_invalid_cap_raises
FAILED tests/test_jitter_synth.py::test_decorrelated_jitter_negative_previous_raises
============================== 12 failed in 0.05s ==============================