number of attempts.
    
        Args:
            total_attempts: The number of delays to generate. Must be
                non-negative. If zero, an empty list is returned.
            base_delay: The delay for the first attempt (in seconds). Must be
                non-negative.
            multiplier: The multiplicative factor applied for each subsequent
                attempt. Must be non-negative.
            max_delay: The maximum allowed delay (in seconds). Must be
                non-negative.
    
        Returns:
            A list of floats representing the delay before each attempt,
            starting with attempt 1. The length of the list equals
            total_attempts.
    
        Raises:
            ValueError: If total_attempts is negative, or if base_delay,
                multiplier, or max_delay is negative.
        '''
>       raise NotImplementedError('backoff_schedule.build_exponential_backoff_schedule')
E       NotImplementedError: backoff_schedule.build_exponential_backoff_schedule

tenacity/backoff_schedule.py:64: NotImplementedError
_______ test_build_exponential_backoff_schedule_negative_attempts_raises _______

    def test_build_exponential_backoff_schedule_negative_attempts_raises():
        with pytest.raises(ValueError):
>           build_exponential_backoff_schedule(-1, 1.0, 2.0, 100.0)

tests/test_backoff_schedule_synth.py:56: 
_ _ _ _ _ _ _ _ _ _ _ _ _ _ _ _ _ _ _ _ _ _ _ _ _ _ _ _ _ _ _ _ _ _ _ _ _ _ _ _ 

total_attempts = -1, base_delay = 1.0, multiplier = 2.0, max_delay = 100.0

    def build_exponential_backoff_schedule(
        total_attempts: int,
        base_delay: float,
        multiplier: float,
        max_delay: float,
    ) -> List[float]:
        '''Build a list of backoff delays for the given total number of attempts.
    
        Args:
            total_attempts: The number of delays to generate. Must be
                non-negative. If zero, an empty list is returned.
            base_delay: The delay for the first attempt (in seconds). Must be
                non-negative.
            multiplier: The multiplicative factor applied for each subsequent
                attempt. Must be non-negative.
            max_delay: The maximum allowed delay (in seconds). Must be
                non-negative.
    
        Returns:
            A list of floats representing the delay before each attempt,
            starting with attempt 1. The length of the list equals
            total_attempts.
    
        Raises:
            ValueError: If total_attempts is negative, or if base_delay,
                multiplier, or max_delay is negative.
        '''
>       raise NotImplementedError('backoff_schedule.build_exponential_backoff_schedule')
E       NotImplementedError: backoff_schedule.build_exponential_backoff_schedule

tenacity/backoff_schedule.py:64: NotImplementedError
=========================== short test summary info ============================
FAILED tests/test_backoff_schedule_synth.py::test_exponential_backoff_delay_first_attempt_returns_base_delay
FAILED tests/test_backoff_schedule_synth.py::test_exponential_backoff_delay_second_attempt_returns_multiplied
FAILED tests/test_backoff_schedule_synth.py::test_exponential_backoff_delay_respects_max_delay
FAILED tests/test_backoff_schedule_synth.py::test_exponential_backoff_delay_zero_multiplier_yields_zero_after_first
FAILED tests/test_backoff_schedule_synth.py::test_exponential_backoff_delay_invalid_attempt_raises
FAILED tests/test_backoff_schedule_synth.py::test_exponential_backoff_delay_negative_params_raise
FAILED tests/test_backoff_schedule_synth.py::test_build_exponential_backoff_schedule_returns_correct_length_and_values
FAILED tests/test_backoff_schedule_synth.py::test_build_exponential_backoff_schedule_zero_attempts_returns_empty
FAILED tests/test_backoff_schedule_synth.py::test_build_exponential_backoff_schedule_negative_attempts_raises
============================== 9 failed in 0.05s ===============================