.ck'])
                ^^^^^^^^^^^^^^^^^^^^^^^^^^^^^^^^

tests/test_suffix_index_synth.py:41: 
_ _ _ _ _ _ _ _ _ _ _ _ _ _ _ _ _ _ _ _ _ _ _ _ _ _ _ _ _ _ _ _ _ _ _ _ _ _ _ _ 

self = <tldextract.suffix_index.SuffixIndex object at 0x7fbb7d69ced0>
rules = ['*.ck', '!www.ck']

    def __init__(self, rules: Iterable[str]) -> None:
>       raise NotImplementedError('TODO')
E       NotImplementedError: TODO

tldextract/suffix_index.py:22: NotImplementedError
________ test_exception_rule_stops_matching_when_candidate_is_exception ________

    def test_exception_rule_stops_matching_when_candidate_is_exception():
>       index = SuffixIndex(['*.ck', '!www.ck'])
                ^^^^^^^^^^^^^^^^^^^^^^^^^^^^^^^^

tests/test_suffix_index_synth.py:47: 
_ _ _ _ _ _ _ _ _ _ _ _ _ _ _ _ _ _ _ _ _ _ _ _ _ _ _ _ _ _ _ _ _ _ _ _ _ _ _ _ 

self = <tldextract.suffix_index.SuffixIndex object at 0x7fbb7d687850>
rules = ['*.ck', '!www.ck']

    def __init__(self, rules: Iterable[str]) -> None:
>       raise NotImplementedError('TODO')
E       NotImplementedError: TODO

tldextract/suffix_index.py:22: NotImplementedError
______________ test_hostname_normalization_trailing_dot_and_case _______________

    def test_hostname_normalization_trailing_dot_and_case():
>       index = SuffixIndex(['com', 'example.com'])
                ^^^^^^^^^^^^^^^^^^^^^^^^^^^^^^^^^^^

tests/test_suffix_index_synth.py:52: 
_ _ _ _ _ _ _ _ _ _ _ _ _ _ _ _ _ _ _ _ _ _ _ _ _ _ _ _ _ _ _ _ _ _ _ _ _ _ _ _ 

self = <tldextract.suffix_index.SuffixIndex object at 0x7fbb7d6b8610>
rules = ['com', 'example.com']

    def __init__(self, rules: Iterable[str]) -> None:
>       raise NotImplementedError('TODO')
E       NotImplementedError: TODO

tldextract/suffix_index.py:22: NotImplementedError
_________________________ test_is_public_suffix_method _________________________

    def test_is_public_suffix_method():
>       index = SuffixIndex(['com', '*.ck', '!www.ck'])
                ^^^^^^^^^^^^^^^^^^^^^^^^^^^^^^^^^^^^^^^

tests/test_suffix_index_synth.py:58: 
_ _ _ _ _ _ _ _ _ _ _ _ _ _ _ _ _ _ _ _ _ _ _ _ _ _ _ _ _ _ _ _ _ _ _ _ _ _ _ _ 

self = <tldextract.suffix_index.SuffixIndex object at 0x7fbb7d69ca10>
rules = ['com', '*.ck', '!www.ck']

    def __init__(self, rules: Iterable[str]) -> None:
>       raise NotImplementedError('TODO')
E       NotImplementedError: TODO

tldextract/suffix_index.py:22: NotImplementedError
__________________________ test_no_match_returns_none __________________________

    def test_no_match_returns_none():
>       index = SuffixIndex(['com'])
                ^^^^^^^^^^^^^^^^^^^^

tests/test_suffix_index_synth.py:66: 
_ _ _ _ _ _ _ _ _ _ _ _ _ _ _ _ _ _ _ _ _ _ _ _ _ _ _ _ _ _ _ _ _ _ _ _ _ _ _ _ 

self = <tldextract.suffix_index.SuffixIndex object at 0x7fbb7d684710>
rules = ['com']

    def __init__(self, rules: Iterable[str]) -> None:
>       raise NotImplementedError('TODO')
E       NotImplementedError: TODO

tldextract/suffix_index.py:22: NotImplementedError
=========================== short test summary info ============================
FAILED tests/test_suffix_index_synth.py::test_empty_rules_returns_none - NotI...
FAILED tests/test_suffix_index_synth.py::test_comment_and_blank_lines_are_ignored
FAILED tests/test_suffix_index_synth.py::test_longest_literal_rule_wins - Not...
FAILED tests/test_suffix_index_synth.py::test_wildcard_rule_matches_one_label
FAILED tests/test_suffix_index_synth.py::test_wildcard_rule_matches_deeper_parent
FAILED tests/test_suffix_index_synth.py::test_exception_rule_excludes_exact_hostname
FAILED tests/test_suffix_index_synth.py::test_exception_rule_stops_matching_when_candidate_is_exception
FAILED tests/test_suffix_index_synth.py::test_hostname_normalization_trailing_dot_and_case
FAILED tests/test_suffix_index_synth.py::test_is_public_suffix_method - NotIm...
FAILED tests/test_suffix_index_synth.py::test_no_match_returns_none - NotImpl...
============================== 10 failed in 0.04s ==============================