t_invalid_separator PASSED [ 71%]
tests/test_itsdangerous/test_timed.py::TestTimestampSigner::test_key_derivation[concat] PASSED [ 72%]
tests/test_itsdangerous/test_timed.py::TestTimestampSigner::test_key_derivation[django-concat] PASSED [ 73%]
tests/test_itsdangerous/test_timed.py::TestTimestampSigner::test_key_derivation[hmac] PASSED [ 73%]
tests/test_itsdangerous/test_timed.py::TestTimestampSigner::test_key_derivation[none] PASSED [ 74%]
tests/test_itsdangerous/test_timed.py::TestTimestampSigner::test_invalid_key_derivation PASSED [ 75%]
tests/test_itsdangerous/test_timed.py::TestTimestampSigner::test_digest_method PASSED [ 76%]
tests/test_itsdangerous/test_timed.py::TestTimestampSigner::test_algorithm[None] PASSED [ 76%]
tests/test_itsdangerous/test_timed.py::TestTimestampSigner::test_algorithm[algorithm1] PASSED [ 77%]
tests/test_itsdangerous/test_timed.py::TestTimestampSigner::test_algorithm[algorithm2] PASSED [ 78%]
tests/test_itsdangerous/test_timed.py::TestTimestampSigner::test_algorithm[algorithm3] PASSED [ 78%]
tests/test_itsdangerous/test_timed.py::TestTimestampSigner::test_secret_keys PASSED [ 79%]
tests/test_itsdangerous/test_timed.py::TestTimestampSigner::test_max_age PASSED [ 80%]
tests/test_itsdangerous/test_timed.py::TestTimestampSigner::test_return_timestamp PASSED [ 80%]
tests/test_itsdangerous/test_timed.py::TestTimestampSigner::test_timestamp_missing PASSED [ 81%]
tests/test_itsdangerous/test_timed.py::TestTimestampSigner::test_malformed_timestamp PASSED [ 82%]
tests/test_itsdangerous/test_timed.py::TestTimestampSigner::test_malformed_future_timestamp PASSED [ 83%]
tests/test_itsdangerous/test_timed.py::TestTimestampSigner::test_future_age PASSED [ 83%]
tests/test_itsdangerous/test_timed.py::TestTimestampSigner::test_sig_error_date_signed PASSED [ 84%]
tests/test_itsdangerous/test_timed.py::TestTimedSerializer::test_serializer[None] PASSED [ 85%]
tests/test_itsdangerous/test_timed.py::TestTimedSerializer::test_serializer[True] PASSED [ 85%]
tests/test_itsdangerous/test_timed.py::TestTimedSerializer::test_serializer[str] PASSED [ 86%]
tests/test_itsdangerous/test_timed.py::TestTimedSerializer::test_serializer[text] PASSED [ 87%]
tests/test_itsdangerous/test_timed.py::TestTimedSerializer::test_serializer[value4] PASSED [ 88%]
tests/test_itsdangerous/test_timed.py::TestTimedSerializer::test_serializer[value5] PASSED [ 88%]
tests/test_itsdangerous/test_timed.py::TestTimedSerializer::test_changed_value[<lambda>0] PASSED [ 89%]
tests/test_itsdangerous/test_timed.py::TestTimedSerializer::test_changed_value[<lambda>1] PASSED [ 90%]
tests/test_itsdangerous/test_timed.py::TestTimedSerializer::test_changed_value[<lambda>2] PASSED [ 90%]
tests/test_itsdangerous/test_timed.py::TestTimedSerializer::test_changed_value[<lambda>3] PASSED [ 91%]
tests/test_itsdangerous/test_timed.py::TestTimedSerializer::test_bad_signature_exception PASSED [ 92%]
tests/test_itsdangerous/test_timed.py::TestTimedSerializer::test_bad_payload_exception PASSED [ 92%]
tests/test_itsdangerous/test_timed.py::TestTimedSerializer::test_loads_unsafe PASSED [ 93%]
tests/test_itsdangerous/test_timed.py::TestTimedSerializer::test_file PASSED [ 94%]
tests/test_itsdangerous/test_timed.py::TestTimedSerializer::test_alt_salt PASSED [ 95%]
tests/test_itsdangerous/test_timed.py::TestTimedSerializer::test_signer_cls PASSED [ 95%]
tests/test_itsdangerous/test_timed.py::TestTimedSerializer::test_signer_kwargs PASSED [ 96%]
tests/test_itsdangerous/test_timed.py::TestTimedSerializer::test_serializer_kwargs PASSED [ 97%]
tests/test_itsdangerous/test_timed.py::TestTimedSerializer::test_fallback_signers PASSED [ 97%]
tests/test_itsdangerous/test_timed.py::TestTimedSerializer::test_iter_unsigners PASSED [ 98%]
tests/test_itsdangerous/test_timed.py::TestTimedSerializer::test_max_age PASSED [ 99%]
tests/test_itsdangerous/test_timed.py::TestTimedSerializer::test_return_payload PASSED [100%]

============================= 142 passed in 0.16s ==============================