st_changed_value[serializer_factory1-<lambda>0]
FAILED tests/test_itsdangerous/test_timed.py::TestSerializer::test_changed_value[serializer_factory1-<lambda>1]
FAILED tests/test_itsdangerous/test_timed.py::TestSerializer::test_changed_value[serializer_factory1-<lambda>2]
FAILED tests/test_itsdangerous/test_timed.py::TestSerializer::test_changed_value[serializer_factory1-<lambda>3]
FAILED tests/test_itsdangerous/test_timed.py::TestSerializer::test_bad_signature_exception[Serializer]
FAILED tests/test_itsdangerous/test_timed.py::TestSerializer::test_bad_signature_exception[serializer_factory1]
FAILED tests/test_itsdangerous/test_timed.py::TestSerializer::test_bad_payload_exception[Serializer]
FAILED tests/test_itsdangerous/test_timed.py::TestSerializer::test_bad_payload_exception[serializer_factory1]
FAILED tests/test_itsdangerous/test_timed.py::TestSerializer::test_loads_unsafe[Serializer]
FAILED tests/test_itsdangerous/test_timed.py::TestSerializer::test_loads_unsafe[serializer_factory1]
FAILED tests/test_itsdangerous/test_timed.py::TestSerializer::test_file[Serializer]
FAILED tests/test_itsdangerous/test_timed.py::TestSerializer::test_file[serializer_factory1]
FAILED tests/test_itsdangerous/test_timed.py::TestSerializer::test_alt_salt[Serializer]
FAILED tests/test_itsdangerous/test_timed.py::TestSerializer::test_alt_salt[serializer_factory1]
FAILED tests/test_itsdangerous/test_timed.py::TestSerializer::test_signer_cls[Serializer]
FAILED tests/test_itsdangerous/test_timed.py::TestSerializer::test_signer_cls[serializer_factory1]
FAILED tests/test_itsdangerous/test_timed.py::TestSerializer::test_signer_kwargs[Serializer]
FAILED tests/test_itsdangerous/test_timed.py::TestSerializer::test_signer_kwargs[serializer_factory1]
FAILED tests/test_itsdangerous/test_timed.py::TestSerializer::test_serializer_kwargs[Serializer]
FAILED tests/test_itsdangerous/test_timed.py::TestSerializer::test_fallback_signers[Serializer]
FAILED tests/test_itsdangerous/test_timed.py::TestSerializer::test_fallback_signers[serializer_factory1]
FAILED tests/test_itsdangerous/test_timed.py::TestTimedSerializer::test_serializer[None]
FAILED tests/test_itsdangerous/test_timed.py::TestTimedSerializer::test_serializer[True]
FAILED tests/test_itsdangerous/test_timed.py::TestTimedSerializer::test_serializer[str]
FAILED tests/test_itsdangerous/test_timed.py::TestTimedSerializer::test_serializer[text]
FAILED tests/test_itsdangerous/test_timed.py::TestTimedSerializer::test_serializer[value4]
FAILED tests/test_itsdangerous/test_timed.py::TestTimedSerializer::test_serializer[value5]
FAILED tests/test_itsdangerous/test_timed.py::TestTimedSerializer::test_changed_value[<lambda>0]
FAILED tests/test_itsdangerous/test_timed.py::TestTimedSerializer::test_changed_value[<lambda>1]
FAILED tests/test_itsdangerous/test_timed.py::TestTimedSerializer::test_changed_value[<lambda>2]
FAILED tests/test_itsdangerous/test_timed.py::TestTimedSerializer::test_changed_value[<lambda>3]
FAILED tests/test_itsdangerous/test_timed.py::TestTimedSerializer::test_bad_signature_exception
FAILED tests/test_itsdangerous/test_timed.py::TestTimedSerializer::test_bad_payload_exception
FAILED tests/test_itsdangerous/test_timed.py::TestTimedSerializer::test_loads_unsafe
FAILED tests/test_itsdangerous/test_timed.py::TestTimedSerializer::test_file
FAILED tests/test_itsdangerous/test_timed.py::TestTimedSerializer::test_alt_salt
FAILED tests/test_itsdangerous/test_timed.py::TestTimedSerializer::test_signer_cls
FAILED tests/test_itsdangerous/test_timed.py::TestTimedSerializer::test_signer_kwargs
FAILED tests/test_itsdangerous/test_timed.py::TestTimedSerializer::test_serializer_kwargs
FAILED tests/test_itsdangerous/test_timed.py::TestTimedSerializer::test_fallback_signers
FAILED tests/test_itsdangerous/test_timed.py::TestTimedSerializer::test_max_age
FAILED tests/test_itsdangerous/test_timed.py::TestTimedSerializer::test_return_payload
======================== 96 failed, 46 passed in 0.46s =========================