e either a non-negative integer number of seconds or an
        HTTP-date. If the value is a date in the past, the delay is 0.0.
        If the value cannot be parsed, None is returned.
        '''
        stripped = value.strip()
        if not stripped:
            return None
    
        if stripped.isdigit():
            return float(int(stripped))
    
        parsed = parsedate_to_datetime(stripped)
        if parsed is None:
            return None
    
>       delta = parsed - now
                ^^^^^^^^^^^^
E       TypeError: can't subtract offset-naive and offset-aware datetimes

tenacity/retry_after.py:24: TypeError
______________ test_parse_retry_after_invalid_string_returns_none ______________

    def test_parse_retry_after_invalid_string_returns_none():
        now = datetime.datetime(2023, 1, 1, 0, 0, 0)
>       assert parse_retry_after('not-a-date-or-seconds', now) is None
               ^^^^^^^^^^^^^^^^^^^^^^^^^^^^^^^^^^^^^^^^^^^^^^^

tests/test_retry_after_synth.py:40: 
_ _ _ _ _ _ _ _ _ _ _ _ _ _ _ _ _ _ _ _ _ _ _ _ _ _ _ _ _ _ _ _ _ _ _ _ _ _ _ _ 
tenacity/retry_after.py:20: in parse_retry_after
    parsed = parsedate_to_datetime(stripped)
             ^^^^^^^^^^^^^^^^^^^^^^^^^^^^^^^
_ _ _ _ _ _ _ _ _ _ _ _ _ _ _ _ _ _ _ _ _ _ _ _ _ _ _ _ _ _ _ _ _ _ _ _ _ _ _ _ 

data = 'not-a-date-or-seconds'

    def parsedate_to_datetime(data):
        parsed_date_tz = _parsedate_tz(data)
        if parsed_date_tz is None:
>           raise ValueError('Invalid date value or format "%s"' % str(data))
E           ValueError: Invalid date value or format "not-a-date-or-seconds"

/root/.local/share/uv/python/cpython-3.11.16-linux-x86_64-gnu/lib/python3.11/email/utils.py:316: ValueError
_________________ test_retry_after_delay_returns_parsed_value __________________

    def test_retry_after_delay_returns_parsed_value():
        now = datetime.datetime(2023, 1, 1, 0, 0, 0)
        headers = {'RETRY-AFTER': 'Sun, 01 Jan 2023 00:00:30 GMT'}
>       assert retry_after_delay(headers, now) == 30.0
               ^^^^^^^^^^^^^^^^^^^^^^^^^^^^^^^

tests/test_retry_after_synth.py:58: 
_ _ _ _ _ _ _ _ _ _ _ _ _ _ _ _ _ _ _ _ _ _ _ _ _ _ _ _ _ _ _ _ _ _ _ _ _ _ _ _ 
tenacity/retry_after.py:36: in retry_after_delay
    return parse_retry_after(value, now)
           ^^^^^^^^^^^^^^^^^^^^^^^^^^^^^
_ _ _ _ _ _ _ _ _ _ _ _ _ _ _ _ _ _ _ _ _ _ _ _ _ _ _ _ _ _ _ _ _ _ _ _ _ _ _ _ 

value = 'Sun, 01 Jan 2023 00:00:30 GMT'
now = datetime.datetime(2023, 1, 1, 0, 0)

    def parse_retry_after(value: str, now: datetime) -> float | None:
        '''Parse a Retry-After header value and return the retry delay in seconds.
    
        The value may be either a non-negative integer number of seconds or an
        HTTP-date. If the value is a date in the past, the delay is 0.0.
        If the value cannot be parsed, None is returned.
        '''
        stripped = value.strip()
        if not stripped:
            return None
    
        if stripped.isdigit():
            return float(int(stripped))
    
        parsed = parsedate_to_datetime(stripped)
        if parsed is None:
            return None
    
>       delta = parsed - now
                ^^^^^^^^^^^^
E       TypeError: can't subtract offset-naive and offset-aware datetimes

tenacity/retry_after.py:24: TypeError
=========================== short test summary info ============================
FAILED tests/test_retry_after_synth.py::test_parse_retry_after_negative_digit_returns_none
FAILED tests/test_retry_after_synth.py::test_parse_retry_after_float_string_returns_none
FAILED tests/test_retry_after_synth.py::test_parse_retry_after_future_http_date
FAILED tests/test_retry_after_synth.py::test_parse_retry_after_past_http_date_returns_zero
FAILED tests/test_retry_after_synth.py::test_parse_retry_after_invalid_string_returns_none
FAILED tests/test_retry_after_synth.py::test_retry_after_delay_returns_parsed_value
========================= 6 failed, 4 passed in 0.07s ==========================