nvalid_unit_rotation_duration[2 days 8 foobar]
ERROR tests/test_filesink_rotation.py::test_invalid_unit_rotation_duration[1 foobar 3 days]
ERROR tests/test_filesink_rotation.py::test_invalid_unit_rotation_duration[3 Ki]
ERROR tests/test_filesink_rotation.py::test_invalid_value_rotation_duration[e days]
ERROR tests/test_filesink_rotation.py::test_invalid_value_rotation_duration[1.2.3 days]
ERROR tests/test_standard_handler.py::test_stream_handler - NotImplementedErr...
ERROR tests/test_standard_handler.py::test_file_handler - NotImplementedError...
ERROR tests/test_standard_handler.py::test_null_handler - NotImplementedError...
ERROR tests/test_standard_handler.py::test_extra_dict - NotImplementedError: ...
ERROR tests/test_standard_handler.py::test_no_conflict_with_extra_dict - NotI...
ERROR tests/test_standard_handler.py::test_no_exception - NotImplementedError...
ERROR tests/test_standard_handler.py::test_exception - NotImplementedError: T...
ERROR tests/test_standard_handler.py::test_exception_formatting - NotImplemen...
ERROR tests/test_standard_handler.py::test_standard_formatter[False] - NotImp...
ERROR tests/test_standard_handler.py::test_standard_formatter[True] - NotImpl...
ERROR tests/test_standard_handler.py::test_standard_formatter_with_new_line[False]
ERROR tests/test_standard_handler.py::test_standard_formatter_with_new_line[True]
ERROR tests/test_standard_handler.py::test_raw_standard_formatter[False] - No...
ERROR tests/test_standard_handler.py::test_raw_standard_formatter[True] - Not...
ERROR tests/test_standard_handler.py::test_raw_standard_formatter_with_new_line[False]
ERROR tests/test_standard_handler.py::test_raw_standard_formatter_with_new_line[True]
ERROR tests/test_standard_handler.py::test_standard_formatter_with_non_standard_level_name
ERROR tests/test_standard_handler.py::test_standard_formatter_with_custom_level_name
ERROR tests/test_standard_handler.py::test_standard_formatter_with_unregistered_level
ERROR tests/test_standard_handler.py::test_standard_handler_with_configured_filter
ERROR tests/test_standard_handler.py::test_standard_handler_with_configured_level
ERROR tests/test_threading.py::test_safe_logging - NotImplementedError: TODO:...
ERROR tests/test_threading.py::test_safe_adding_while_logging - NotImplemente...
ERROR tests/test_threading.py::test_safe_removing_while_logging - NotImplemen...
ERROR tests/test_threading.py::test_safe_removing_all_while_logging - NotImpl...
ERROR tests/test_threading.py::test_safe_slow_removing_all_while_logging - No...
ERROR tests/test_threading.py::test_safe_writing_after_removing - NotImplemen...
ERROR tests/test_threading.py::test_heavily_threaded_logging - NotImplemented...
ERROR tests/test_filesink_delay.py::test_file_not_delayed - NotImplementedErr...
ERROR tests/test_filesink_delay.py::test_file_delayed - NotImplementedError: ...
ERROR tests/test_filesink_delay.py::test_compression - NotImplementedError: T...
ERROR tests/test_filesink_delay.py::test_compression_early_remove - NotImplem...
ERROR tests/test_filesink_delay.py::test_retention - NotImplementedError: TOD...
ERROR tests/test_filesink_delay.py::test_retention_early_remove - NotImplemen...
ERROR tests/test_filesink_delay.py::test_rotation - NotImplementedError: TODO...
ERROR tests/test_filesink_delay.py::test_rotation_early_remove - NotImplement...
ERROR tests/test_filesink_delay.py::test_rotation_and_retention - NotImplemen...
ERROR tests/test_filesink_delay.py::test_rotation_and_retention_timed_file - ...
======================== 7 skipped, 173 errors in 1.35s ========================

Exception ignored in atexit callback: <bound method Logger.remove of <loguru.logger handlers=[(id=0, level=10, sink=<_io.FileIO name=8 mode='rb+' closefd=True>)]>>
Traceback (most recent call last):
  File "/Users/jacobliang/学习/课题三-数据合成/.work/Delgan__loguru/loguru/_logger.py", line 1091, in remove
    raise NotImplementedError("TODO: implement this function")
NotImplementedError: TODO: implement this function