_stderr__] SKIPPED [ 90%]
tests/test_colorama.py::test_wrap_if_winapi_true_and_no_vt_support[__stdout__] SKIPPED [ 91%]
tests/test_colorama.py::test_wrap_if_winapi_true_and_no_vt_support[__stderr__] SKIPPED [ 92%]
tests/test_colorama.py::test_wrap_if_winapi_true_and_vt_check_fails[__stdout__] SKIPPED [ 93%]
tests/test_colorama.py::test_wrap_if_winapi_true_and_vt_check_fails[__stderr__] SKIPPED [ 95%]
tests/test_colorama.py::test_wrap_if_winapi_true_and_stream_has_no_fileno[__stdout__] SKIPPED [ 96%]
tests/test_colorama.py::test_wrap_if_winapi_true_and_stream_has_no_fileno[__stderr__] SKIPPED [ 97%]
tests/test_colorama.py::test_wrap_if_winapi_true_and_old_colorama_version[__stdout__] SKIPPED [ 98%]
tests/test_colorama.py::test_wrap_if_winapi_true_and_old_colorama_version[__stderr__] SKIPPED [100%]

=================================== FAILURES ===================================
______________________ test_target_function_is_simplified ______________________

    def test_target_function_is_simplified():
        """目标函数的有效代码行数必须降下来（把职责拆分到更小的单元中）。"""
        lines, _, node = _target()
        n = _effective_body_lines(node, lines)
>       assert n <= MAX_TARGET_BODY_LINES, (
            "%s 的函数体仍有 %d 行有效代码（重构前 %d 行），要求不超过 %d 行。"
            "请将独立职责提取为单独的函数/方法，而不是原地压缩代码。"
            % (SYMBOL, n, BEFORE["body_lines"], MAX_TARGET_BODY_LINES)
        )
E       AssertionError: should_colorize 的函数体仍有 37 行有效代码（重构前 37 行），要求不超过 22 行。请将独立职责提取为单独的函数/方法，而不是原地压缩代码。
E       assert 37 <= 22

_          = <ast.Module object at 0x10b913250>
lines      = ['import builtins', 'import os', 'import sys', '', '', 'def should_colorize(stream):', ...]
n          = 37
node       = <ast.FunctionDef object at 0x10b9136a0>

tests/test_refactor_guard_swe_synth_0018.py:136: AssertionError
___________________ test_target_function_complexity_reduced ____________________

    def test_target_function_complexity_reduced():
        """目标函数的圈复杂度必须降下来（分支/循环/短路判断更少）。"""
        _, _, node = _target()
        cx = _cyclomatic(node)
>       assert cx <= MAX_TARGET_COMPLEXITY, (
            "%s 的圈复杂度仍为 %d（重构前 %d），要求不超过 %d。"
            "请减少嵌套分支，把条件判断收敛到辅助函数中。"
            % (SYMBOL, cx, BEFORE["cyclomatic"], MAX_TARGET_COMPLEXITY)
        )
E       AssertionError: should_colorize 的圈复杂度仍为 22（重构前 22），要求不超过 13。请减少嵌套分支，把条件判断收敛到辅助函数中。
E       assert 22 <= 13

_          = <ast.Module object at 0x10b9f1f30>
cx         = 22
node       = <ast.FunctionDef object at 0x10b9f0790>

tests/test_refactor_guard_swe_synth_0018.py:147: AssertionError
_______________________ test_no_new_monolithic_function ________________________

    def test_no_new_monolithic_function():
        """防伪重构：不允许把复杂度整体搬运到另一个巨型函数里。"""
        lines, tree = _load()
        offenders = [
            (path, _effective_body_lines(node, lines))
            for path, node in _iter_defs(tree)
            if isinstance(node, (ast.FunctionDef, ast.AsyncFunctionDef))
            and _effective_body_lines(node, lines) > MAX_ANY_FUNC_BODY_LINES
        ]
>       assert not offenders, (
            "以下函数体量超过 %d 行：%r。"
            "把代码整体搬到另一个大函数不算重构，请真正拆分职责。"
            % (MAX_ANY_FUNC_BODY_LINES, offenders)
        )
E       AssertionError: 以下函数体量超过 20 行：[('should_colorize', 37)]。把代码整体搬到另一个大函数不算重构，请真正拆分职责。
E       assert not [('should_colorize', 37)]

lines      = ['import builtins', 'import os', 'import sys', '', '', 'def should_colorize(stream):', ...]
offenders  = [('should_colorize', 37)]
tree       = <ast.Module object at 0x10b94c310>

tests/test_refactor_guard_swe_synth_0018.py:163: AssertionError
=========================== short test summary info ============================
FAILED tests/test_refactor_guard_swe_synth_0018.py::test_target_function_is_simplified
FAILED tests/test_refactor_guard_swe_synth_0018.py::test_target_function_complexity_reduced
FAILED tests/test_refactor_guard_swe_synth_0018.py::test_no_new_monolithic_function
=================== 3 failed, 56 passed, 24 skipped in 0.06s ===================