:test_header_name_case_insensitive PASSED [ 17%]
tests/test_vary_matcher_synth.py::TestVaryMatcher::test_missing_header_treated_as_empty PASSED [ 19%]
tests/test_vary_matcher_synth.py::TestVaryMatcher::test_parse_vary_with_spaces_and_case PASSED [ 21%]
tests/test_vary_matcher_synth.py::TestVaryMatcher::test_parse_vary_handles_empty_parts PASSED [ 23%]
tests/test_serialization.py::TestSerializer::test_load_by_version_v0 PASSED [ 26%]
tests/test_serialization.py::TestSerializer::test_load_by_version_v1 PASSED [ 28%]
tests/test_serialization.py::TestSerializer::test_load_by_version_v2 PASSED [ 30%]
tests/test_serialization.py::TestSerializer::test_load_by_version_v3 PASSED [ 32%]
tests/test_serialization.py::TestSerializer::test_read_version_v4 PASSED [ 34%]
tests/test_serialization.py::TestSerializer::test_read_latest_version_streamable PASSED [ 36%]
tests/test_serialization.py::TestSerializer::test_read_latest_version PASSED [ 39%]
tests/test_serialization.py::TestSerializer::test_no_vary_header PASSED  [ 41%]
tests/test_serialization.py::TestSerializer::test_no_body_creates_response_file_handle_on_dumps PASSED [ 43%]
tests/test_serialization.py::TestSerializer::test_no_incomplete_read_on_dumps PASSED [ 45%]
tests/test_cache_control.py::TestCacheControllerResponse::test_no_cache_non_20x_response PASSED [ 47%]
tests/test_cache_control.py::TestCacheControllerResponse::test_no_cache_with_no_date PASSED [ 50%]
tests/test_cache_control.py::TestCacheControllerResponse::test_no_cache_with_malformed_date PASSED [ 52%]
tests/test_cache_control.py::TestCacheControllerResponse::test_no_cache_with_wrong_sized_body PASSED [ 54%]
tests/test_cache_control.py::TestCacheControllerResponse::test_cache_response_no_cache_control PASSED [ 56%]
tests/test_cache_control.py::TestCacheControllerResponse::test_cache_response_cache_max_age PASSED [ 58%]
tests/test_cache_control.py::TestCacheControllerResponse::test_cache_response_cache_max_age_with_invalid_value_not_cached PASSED [ 60%]
tests/test_cache_control.py::TestCacheControllerResponse::test_cache_response_no_store PASSED [ 63%]
tests/test_cache_control.py::TestCacheControllerResponse::test_cache_response_no_store_with_etag PASSED [ 65%]
tests/test_cache_control.py::TestCacheControllerResponse::test_no_cache_with_vary_star PASSED [ 67%]
tests/test_cache_control.py::TestCacheControllerResponse::test_update_cached_response_no_local_cache PASSED [ 69%]
tests/test_cache_control.py::TestCacheControllerResponse::test_update_cached_response_with_valid_headers_separate_body PASSED [ 71%]
tests/test_cache_control.py::TestCacheControllerResponse::test_update_cached_response_with_valid_headers PASSED [ 73%]
tests/test_cache_control.py::TestCacheControlRequest::test_cache_request_no_headers PASSED [ 76%]
tests/test_cache_control.py::TestCacheControlRequest::test_cache_request_no_cache PASSED [ 78%]
tests/test_cache_control.py::TestCacheControlRequest::test_cache_request_pragma_no_cache PASSED [ 80%]
tests/test_cache_control.py::TestCacheControlRequest::test_cache_request_no_store PASSED [ 82%]
tests/test_cache_control.py::TestCacheControlRequest::test_cache_request_max_age_0 PASSED [ 84%]
tests/test_cache_control.py::TestCacheControlRequest::test_cache_request_not_in_cache PASSED [ 86%]
tests/test_cache_control.py::TestCacheControlRequest::test_cache_request_fresh_max_age PASSED [ 89%]
tests/test_cache_control.py::TestCacheControlRequest::test_cache_request_unfresh_max_age PASSED [ 91%]
tests/test_cache_control.py::TestCacheControlRequest::test_cache_request_fresh_expires PASSED [ 93%]
tests/test_cache_control.py::TestCacheControlRequest::test_cache_request_unfresh_expires PASSED [ 95%]
tests/test_cache_control.py::TestCacheControlRequest::test_cached_request_with_bad_max_age_headers_not_returned PASSED [ 97%]
tests/test_cache_control.py::TestCacheControlRequest::test_cached_request_with_malformed_date_not_returned PASSED [100%]

============================== 46 passed in 0.78s ==============================