stVaryMatcher.test_missing_header_treated_as_empty _____________

self = <tests.test_vary_matcher_synth.TestVaryMatcher object at 0x1080ebb90>

    def test_missing_header_treated_as_empty(self):
>       matcher = VaryMatcher("Accept-Language")
                  ^^^^^^^^^^^^^^^^^^^^^^^^^^^^^^

tests/test_vary_matcher_synth.py:55: 
_ _ _ _ _ _ _ _ _ _ _ _ _ _ _ _ _ _ _ _ _ _ _ _ _ _ _ _ _ _ _ _ _ _ _ _ _ _ _ _ 

self = <cachecontrol.vary_matcher.VaryMatcher object at 0x108332f90>
vary = 'Accept-Language'

    def __init__(self, vary: str | None = None) -> None:
        """Initialize with the raw Vary header value.
    
        Args:
            vary: The value of the ``Vary`` response header, or ``None`` if absent.
        """
>       raise NotImplementedError("__init__ is not implemented")
E       NotImplementedError: __init__ is not implemented

cachecontrol/vary_matcher.py:18: NotImplementedError
_____________ TestVaryMatcher.test_parse_vary_with_spaces_and_case _____________

self = <tests.test_vary_matcher_synth.TestVaryMatcher object at 0x1080c4150>

    def test_parse_vary_with_spaces_and_case(self):
>       matcher = VaryMatcher("  Accept-Encoding ,  User-Agent  ")
                  ^^^^^^^^^^^^^^^^^^^^^^^^^^^^^^^^^^^^^^^^^^^^^^^^

tests/test_vary_matcher_synth.py:69: 
_ _ _ _ _ _ _ _ _ _ _ _ _ _ _ _ _ _ _ _ _ _ _ _ _ _ _ _ _ _ _ _ _ _ _ _ _ _ _ _ 

self = <cachecontrol.vary_matcher.VaryMatcher object at 0x1083777d0>
vary = '  Accept-Encoding ,  User-Agent  '

    def __init__(self, vary: str | None = None) -> None:
        """Initialize with the raw Vary header value.
    
        Args:
            vary: The value of the ``Vary`` response header, or ``None`` if absent.
        """
>       raise NotImplementedError("__init__ is not implemented")
E       NotImplementedError: __init__ is not implemented

cachecontrol/vary_matcher.py:18: NotImplementedError
_____________ TestVaryMatcher.test_parse_vary_handles_empty_parts ______________

self = <tests.test_vary_matcher_synth.TestVaryMatcher object at 0x1080c4710>

    def test_parse_vary_handles_empty_parts(self):
>       matcher = VaryMatcher("Accept,,User-Agent,")
                  ^^^^^^^^^^^^^^^^^^^^^^^^^^^^^^^^^^

tests/test_vary_matcher_synth.py:73: 
_ _ _ _ _ _ _ _ _ _ _ _ _ _ _ _ _ _ _ _ _ _ _ _ _ _ _ _ _ _ _ _ _ _ _ _ _ _ _ _ 

self = <cachecontrol.vary_matcher.VaryMatcher object at 0x108283e90>
vary = 'Accept,,User-Agent,'

    def __init__(self, vary: str | None = None) -> None:
        """Initialize with the raw Vary header value.
    
        Args:
            vary: The value of the ``Vary`` response header, or ``None`` if absent.
        """
>       raise NotImplementedError("__init__ is not implemented")
E       NotImplementedError: __init__ is not implemented

cachecontrol/vary_matcher.py:18: NotImplementedError
=========================== short test summary info ============================
FAILED tests/test_vary_matcher_synth.py::TestVaryMatcher::test_empty_vary_matches_any_request
FAILED tests/test_vary_matcher_synth.py::TestVaryMatcher::test_empty_string_vary_matches_any_request
FAILED tests/test_vary_matcher_synth.py::TestVaryMatcher::test_star_vary_never_matches
FAILED tests/test_vary_matcher_synth.py::TestVaryMatcher::test_single_field_match
FAILED tests/test_vary_matcher_synth.py::TestVaryMatcher::test_single_field_mismatch
FAILED tests/test_vary_matcher_synth.py::TestVaryMatcher::test_multiple_fields_all_match
FAILED tests/test_vary_matcher_synth.py::TestVaryMatcher::test_multiple_fields_one_mismatch
FAILED tests/test_vary_matcher_synth.py::TestVaryMatcher::test_header_name_case_insensitive
FAILED tests/test_vary_matcher_synth.py::TestVaryMatcher::test_missing_header_treated_as_empty
FAILED tests/test_vary_matcher_synth.py::TestVaryMatcher::test_parse_vary_with_spaces_and_case
FAILED tests/test_vary_matcher_synth.py::TestVaryMatcher::test_parse_vary_handles_empty_parts
======================== 11 failed, 35 passed in 0.80s =========================