============================= test session starts ==============================
collecting ... collected 17 items

tests/test_itsdangerous/test_signer.py::TestSigner::test_signer PASSED   [  5%]
tests/test_itsdangerous/test_signer.py::TestSigner::test_no_separator PASSED [ 11%]
tests/test_itsdangerous/test_signer.py::TestSigner::test_broken_signature PASSED [ 17%]
tests/test_itsdangerous/test_signer.py::TestSigner::test_changed_value PASSED [ 23%]
tests/test_itsdangerous/test_signer.py::TestSigner::test_invalid_separator PASSED [ 29%]
tests/test_itsdangerous/test_signer.py::TestSigner::test_key_derivation[concat] PASSED [ 35%]
tests/test_itsdangerous/test_signer.py::TestSigner::test_key_derivation[django-concat] PASSED [ 41%]
tests/test_itsdangerous/test_signer.py::TestSigner::test_key_derivation[hmac] PASSED [ 47%]
tests/test_itsdangerous/test_signer.py::TestSigner::test_key_derivation[none] PASSED [ 52%]
tests/test_itsdangerous/test_signer.py::TestSigner::test_invalid_key_derivation PASSED [ 58%]
tests/test_itsdangerous/test_signer.py::TestSigner::test_digest_method PASSED [ 64%]
tests/test_itsdangerous/test_signer.py::TestSigner::test_algorithm[None] PASSED [ 70%]
tests/test_itsdangerous/test_signer.py::TestSigner::test_algorithm[algorithm1] PASSED [ 76%]
tests/test_itsdangerous/test_signer.py::TestSigner::test_algorithm[algorithm2] PASSED [ 82%]
tests/test_itsdangerous/test_signer.py::TestSigner::test_algorithm[algorithm3] PASSED [ 88%]
tests/test_itsdangerous/test_signer.py::TestSigner::test_secret_keys PASSED [ 94%]
tests/test_itsdangerous/test_signer.py::test_abstract_algorithm PASSED   [100%]

============================== 17 passed in 0.02s ==============================