alizer[Serializer-str]
FAILED tests/test_itsdangerous/test_serializer.py::TestSerializer::test_serializer[Serializer-text]
FAILED tests/test_itsdangerous/test_serializer.py::TestSerializer::test_serializer[Serializer-value4]
FAILED tests/test_itsdangerous/test_serializer.py::TestSerializer::test_serializer[Serializer-value5]
FAILED tests/test_itsdangerous/test_serializer.py::TestSerializer::test_serializer[serializer_factory1-None]
FAILED tests/test_itsdangerous/test_serializer.py::TestSerializer::test_serializer[serializer_factory1-True]
FAILED tests/test_itsdangerous/test_serializer.py::TestSerializer::test_serializer[serializer_factory1-str]
FAILED tests/test_itsdangerous/test_serializer.py::TestSerializer::test_serializer[serializer_factory1-text]
FAILED tests/test_itsdangerous/test_serializer.py::TestSerializer::test_serializer[serializer_factory1-value4]
FAILED tests/test_itsdangerous/test_serializer.py::TestSerializer::test_serializer[serializer_factory1-value5]
FAILED tests/test_itsdangerous/test_serializer.py::TestSerializer::test_changed_value[Serializer-<lambda>0]
FAILED tests/test_itsdangerous/test_serializer.py::TestSerializer::test_changed_value[Serializer-<lambda>1]
FAILED tests/test_itsdangerous/test_serializer.py::TestSerializer::test_changed_value[Serializer-<lambda>2]
FAILED tests/test_itsdangerous/test_serializer.py::TestSerializer::test_changed_value[Serializer-<lambda>3]
FAILED tests/test_itsdangerous/test_serializer.py::TestSerializer::test_changed_value[serializer_factory1-<lambda>0]
FAILED tests/test_itsdangerous/test_serializer.py::TestSerializer::test_changed_value[serializer_factory1-<lambda>1]
FAILED tests/test_itsdangerous/test_serializer.py::TestSerializer::test_changed_value[serializer_factory1-<lambda>2]
FAILED tests/test_itsdangerous/test_serializer.py::TestSerializer::test_changed_value[serializer_factory1-<lambda>3]
FAILED tests/test_itsdangerous/test_serializer.py::TestSerializer::test_bad_signature_exception[Serializer]
FAILED tests/test_itsdangerous/test_serializer.py::TestSerializer::test_bad_signature_exception[serializer_factory1]
FAILED tests/test_itsdangerous/test_serializer.py::TestSerializer::test_bad_payload_exception[Serializer]
FAILED tests/test_itsdangerous/test_serializer.py::TestSerializer::test_bad_payload_exception[serializer_factory1]
FAILED tests/test_itsdangerous/test_serializer.py::TestSerializer::test_loads_unsafe[Serializer]
FAILED tests/test_itsdangerous/test_serializer.py::TestSerializer::test_loads_unsafe[serializer_factory1]
FAILED tests/test_itsdangerous/test_serializer.py::TestSerializer::test_file[Serializer]
FAILED tests/test_itsdangerous/test_serializer.py::TestSerializer::test_file[serializer_factory1]
FAILED tests/test_itsdangerous/test_serializer.py::TestSerializer::test_alt_salt[Serializer]
FAILED tests/test_itsdangerous/test_serializer.py::TestSerializer::test_alt_salt[serializer_factory1]
FAILED tests/test_itsdangerous/test_serializer.py::TestSerializer::test_signer_cls[Serializer]
FAILED tests/test_itsdangerous/test_serializer.py::TestSerializer::test_signer_cls[serializer_factory1]
FAILED tests/test_itsdangerous/test_serializer.py::TestSerializer::test_signer_kwargs[Serializer]
FAILED tests/test_itsdangerous/test_serializer.py::TestSerializer::test_signer_kwargs[serializer_factory1]
FAILED tests/test_itsdangerous/test_serializer.py::TestSerializer::test_serializer_kwargs[Serializer]
FAILED tests/test_itsdangerous/test_serializer.py::TestSerializer::test_fallback_signers[Serializer]
FAILED tests/test_itsdangerous/test_serializer.py::TestSerializer::test_fallback_signers[serializer_factory1]
FAILED tests/test_itsdangerous/test_serializer.py::TestSerializer::test_iter_unsigners[Serializer]
FAILED tests/test_itsdangerous/test_serializer.py::TestSerializer::test_iter_unsigners[serializer_factory1]
FAILED tests/test_itsdangerous/test_serializer.py::test_digests - NotImplemen...
========================= 40 failed, 1 passed in 0.17s =========================