path = PosixPath('/private/var/folders/rx/wxh4f2gx1mvdgc6spgk22bmw0000gn/T/pytest-of-jacobliang/pytest-54/test_update_cached_response_wi0')

    def test_update_cached_response_with_valid_headers_separate_body(self, tmp_path):
        """
        If the local cache has the given URL ``update_cached_response()`` will:
    
        1. Load the body from the cache.
        2. Update the stored headers to match the returned response.
    
        This is the version for a cache that stores a separate body.
        """
        cache = SeparateBodyFileCache(os.fsdecode(tmp_path))
>       self.update_cached_response_with_valid_headers_test(cache)

tests/test_cache_control.py:163: 
_ _ _ _ _ _ _ _ _ _ _ _ _ _ _ _ _ _ _ _ _ _ _ _ _ _ _ _ _ _ _ _ _ _ _ _ _ _ _ _ 
tests/test_cache_control.py:221: in update_cached_response_with_valid_headers_test
    result = cc.update_cached_response(req, resp)
             ^^^^^^^^^^^^^^^^^^^^^^^^^^^^^^^^^^^^
_ _ _ _ _ _ _ _ _ _ _ _ _ _ _ _ _ _ _ _ _ _ _ _ _ _ _ _ _ _ _ _ _ _ _ _ _ _ _ _ 

self = <cachecontrol.controller.CacheController object at 0x107659bd0>
request = <tests.utils.DummyRequest object at 0x107628ad0>
response = <tests.utils.DummyResponse object at 0x10762af10>

    def update_cached_response(
        self, request: PreparedRequest, response: HTTPResponse
    ) -> HTTPResponse:
        """On a 304 we will get a new set of headers that we want to
        update our cached value with, assuming we have one.
    
        This should only ever be called when we've sent an ETag and
        gotten a 304 as the response.
        """
>       raise NotImplementedError("TODO: implement this function")
E       NotImplementedError: TODO: implement this function

cachecontrol/controller.py:482: NotImplementedError
__ TestCacheControllerResponse.test_update_cached_response_with_valid_headers __

self = <tests.test_cache_control.TestCacheControllerResponse object at 0x107659590>

    def test_update_cached_response_with_valid_headers(self):
        """
        If the local cache has the given URL ``update_cached_response()`` will:
    
        1. Load the body from the cache.
        2. Update the stored headers to match the returned response.
    
        This is the version for non-separate body.
        """
        cache = DictCache({})
>       self.update_cached_response_with_valid_headers_test(cache)

tests/test_cache_control.py:175: 
_ _ _ _ _ _ _ _ _ _ _ _ _ _ _ _ _ _ _ _ _ _ _ _ _ _ _ _ _ _ _ _ _ _ _ _ _ _ _ _ 
tests/test_cache_control.py:221: in update_cached_response_with_valid_headers_test
    result = cc.update_cached_response(req, resp)
             ^^^^^^^^^^^^^^^^^^^^^^^^^^^^^^^^^^^^
_ _ _ _ _ _ _ _ _ _ _ _ _ _ _ _ _ _ _ _ _ _ _ _ _ _ _ _ _ _ _ _ _ _ _ _ _ _ _ _ 

self = <cachecontrol.controller.CacheController object at 0x107838a90>
request = <tests.utils.DummyRequest object at 0x107839ad0>
response = <tests.utils.DummyResponse object at 0x107838890>

    def update_cached_response(
        self, request: PreparedRequest, response: HTTPResponse
    ) -> HTTPResponse:
        """On a 304 we will get a new set of headers that we want to
        update our cached value with, assuming we have one.
    
        This should only ever be called when we've sent an ETag and
        gotten a 304 as the response.
        """
>       raise NotImplementedError("TODO: implement this function")
E       NotImplementedError: TODO: implement this function

cachecontrol/controller.py:482: NotImplementedError
=========================== short test summary info ============================
FAILED tests/test_cache_control.py::TestCacheControllerResponse::test_update_cached_response_no_local_cache
FAILED tests/test_cache_control.py::TestCacheControllerResponse::test_update_cached_response_with_valid_headers_separate_body
FAILED tests/test_cache_control.py::TestCacheControllerResponse::test_update_cached_response_with_valid_headers
========================= 3 failed, 22 passed in 0.18s =========================