test_coroutine_sink.py::test_complete_from_multiple_threads_loop_is_not_none PASSED [ 41%]
tests/test_coroutine_sink.py::test_complete_and_sink_write_concurrency PASSED [ 43%]
tests/test_coroutine_sink.py::test_complete_and_contextualize_concurrency PASSED [ 44%]
tests/test_coroutine_sink.py::test_complete_with_sub_processes PASSED    [ 45%]
tests/test_coroutine_sink.py::test_invalid_coroutine_sink_if_no_loop_with_enqueue PASSED [ 46%]
tests/test_multiprocessing.py::test_apply_spawn PASSED                   [ 48%]
tests/test_multiprocessing.py::test_apply_fork PASSED                    [ 49%]
tests/test_multiprocessing.py::test_apply_inheritance PASSED             [ 50%]
tests/test_multiprocessing.py::test_apply_async_spawn PASSED             [ 51%]
tests/test_multiprocessing.py::test_apply_async_fork PASSED              [ 53%]
tests/test_multiprocessing.py::test_apply_async_inheritance PASSED       [ 54%]
tests/test_multiprocessing.py::test_process_spawn PASSED                 [ 55%]
tests/test_multiprocessing.py::test_process_fork PASSED                  [ 56%]
tests/test_multiprocessing.py::test_process_inheritance PASSED           [ 58%]
tests/test_multiprocessing.py::test_remove_in_child_process_spawn PASSED [ 59%]
tests/test_multiprocessing.py::test_remove_in_child_process_fork PASSED  [ 60%]
tests/test_multiprocessing.py::test_remove_in_child_process_inheritance PASSED [ 62%]
tests/test_multiprocessing.py::test_remove_in_main_process_spawn PASSED  [ 63%]
tests/test_multiprocessing.py::test_remove_in_main_process_fork PASSED   [ 64%]
tests/test_multiprocessing.py::test_remove_in_main_process_inheritance PASSED [ 65%]
tests/test_multiprocessing.py::test_await_complete_spawn PASSED          [ 67%]
tests/test_multiprocessing.py::test_await_complete_fork PASSED           [ 68%]
tests/test_multiprocessing.py::test_await_complete_inheritance PASSED    [ 69%]
tests/test_multiprocessing.py::test_not_picklable_sinks_spawn PASSED     [ 70%]
tests/test_multiprocessing.py::test_not_picklable_sinks_fork PASSED      [ 72%]
tests/test_multiprocessing.py::test_not_picklable_sinks_inheritance PASSED [ 73%]
tests/test_multiprocessing.py::test_no_deadlock_if_internal_lock_in_use[True-True] PASSED [ 74%]
tests/test_multiprocessing.py::test_no_deadlock_if_internal_lock_in_use[True-False] PASSED [ 75%]
tests/test_multiprocessing.py::test_no_deadlock_if_internal_lock_in_use[False-True] PASSED [ 77%]
tests/test_multiprocessing.py::test_no_deadlock_if_internal_lock_in_use[False-False] PASSED [ 78%]
tests/test_multiprocessing.py::test_no_deadlock_if_external_lock_in_use[True] PASSED [ 79%]
tests/test_multiprocessing.py::test_no_deadlock_if_external_lock_in_use[False] PASSED [ 81%]
tests/test_multiprocessing.py::test_complete_from_multiple_child_processes PASSED [ 82%]
tests/test_contextualize.py::test_contextualize PASSED                   [ 83%]
tests/test_contextualize.py::test_contextualize_as_decorator PASSED      [ 84%]
tests/test_contextualize.py::test_contextualize_in_function PASSED       [ 86%]
tests/test_contextualize.py::test_contextualize_reset PASSED             [ 87%]
tests/test_contextualize.py::test_contextualize_async PASSED             [ 88%]
tests/test_contextualize.py::test_contextualize_thread PASSED            [ 89%]
tests/test_contextualize.py::test_contextualize_before_bind PASSED       [ 91%]
tests/test_contextualize.py::test_contextualize_after_bind PASSED        [ 92%]
tests/test_contextualize.py::test_contextualize_using_bound PASSED       [ 93%]
tests/test_contextualize.py::test_contextualize_before_configure PASSED  [ 94%]
tests/test_contextualize.py::test_contextualize_after_configure PASSED   [ 96%]
tests/test_contextualize.py::test_nested_contextualize PASSED            [ 97%]
tests/test_contextualize.py::test_context_reset_despite_error PASSED     [ 98%]
tests/test_contextualize.py::test_contextvars_fallback_352 PASSED        [100%]

============================== 79 passed in 8.16s ==============================