      [ 88%]
tests/test_contextualize.py::test_contextualize_thread PASSED            [ 89%]
tests/test_contextualize.py::test_contextualize_before_bind PASSED       [ 91%]
tests/test_contextualize.py::test_contextualize_after_bind PASSED        [ 92%]
tests/test_contextualize.py::test_contextualize_using_bound PASSED       [ 93%]
tests/test_contextualize.py::test_contextualize_before_configure PASSED  [ 94%]
tests/test_contextualize.py::test_contextualize_after_configure PASSED   [ 96%]
tests/test_contextualize.py::test_nested_contextualize PASSED            [ 97%]
tests/test_contextualize.py::test_context_reset_despite_error PASSED     [ 98%]
tests/test_contextualize.py::test_contextvars_fallback_352 PASSED        [100%]

=================================== FAILURES ===================================
______________________ test_target_function_is_simplified ______________________

    def test_target_function_is_simplified():
        """目标函数的有效代码行数必须降下来（把职责拆分到更小的单元中）。"""
        lines, _, node = _target()
        n = _effective_body_lines(node, lines)
>       assert n <= MAX_TARGET_BODY_LINES, (
            "%s 的函数体仍有 %d 行有效代码（重构前 %d 行），要求不超过 %d 行。"
            "请将独立职责提取为单独的函数/方法，而不是原地压缩代码。"
            % (SYMBOL, n, BEFORE["body_lines"], MAX_TARGET_BODY_LINES)
        )
E       AssertionError: main 的函数体仍有 21 行有效代码（重构前 21 行），要求不超过 12 行。请将独立职责提取为单独的函数/方法，而不是原地压缩代码。
E       assert 21 <= 12

_          = <ast.Module object at 0x107452e30>
lines      = ['import sys', '', 'from loguru import logger', '', 'logger.remove()', 'logger.add(sys.stderr, format="", diagnose=True, backtrace=True, colorize=False)', ...]
n          = 21
node       = <ast.FunctionDef object at 0x1077c00a0>

tests/test_refactor_guard_swe_synth_0020.py:136: AssertionError
___________________ test_target_function_complexity_reduced ____________________

    def test_target_function_complexity_reduced():
        """目标函数的圈复杂度必须降下来（分支/循环/短路判断更少）。"""
        _, _, node = _target()
        cx = _cyclomatic(node)
>       assert cx <= MAX_TARGET_COMPLEXITY, (
            "%s 的圈复杂度仍为 %d（重构前 %d），要求不超过 %d。"
            "请减少嵌套分支，把条件判断收敛到辅助函数中。"
            % (SYMBOL, cx, BEFORE["cyclomatic"], MAX_TARGET_COMPLEXITY)
        )
E       AssertionError: main 的圈复杂度仍为 7（重构前 7），要求不超过 4。请减少嵌套分支，把条件判断收敛到辅助函数中。
E       assert 7 <= 4

_          = <ast.Module object at 0x107438ac0>
cx         = 7
node       = <ast.FunctionDef object at 0x10754ef20>

tests/test_refactor_guard_swe_synth_0020.py:147: AssertionError
_______________________ test_no_new_monolithic_function ________________________

    def test_no_new_monolithic_function():
        """防伪重构：不允许把复杂度整体搬运到另一个巨型函数里。"""
        lines, tree = _load()
        offenders = [
            (path, _effective_body_lines(node, lines))
            for path, node in _iter_defs(tree)
            if isinstance(node, (ast.FunctionDef, ast.AsyncFunctionDef))
            and _effective_body_lines(node, lines) > MAX_ANY_FUNC_BODY_LINES
        ]
>       assert not offenders, (
            "以下函数体量超过 %d 行：%r。"
            "把代码整体搬到另一个大函数不算重构，请真正拆分职责。"
            % (MAX_ANY_FUNC_BODY_LINES, offenders)
        )
E       AssertionError: 以下函数体量超过 12 行：[('main', 21)]。把代码整体搬到另一个大函数不算重构，请真正拆分职责。
E       assert not [('main', 21)]

lines      = ['import sys', '', 'from loguru import logger', '', 'logger.remove()', 'logger.add(sys.stderr, format="", diagnose=True, backtrace=True, colorize=False)', ...]
offenders  = [('main', 21)]
tree       = <ast.Module object at 0x1074800d0>

tests/test_refactor_guard_swe_synth_0020.py:163: AssertionError
=========================== short test summary info ============================
FAILED tests/test_refactor_guard_swe_synth_0020.py::test_target_function_is_simplified
FAILED tests/test_refactor_guard_swe_synth_0020.py::test_target_function_complexity_reduced
FAILED tests/test_refactor_guard_swe_synth_0020.py::test_no_new_monolithic_function
========================= 3 failed, 76 passed in 8.23s =========================