7: NotImplementedError
_____________________________ test_invalid_budget ______________________________

    def test_invalid_budget():
        with pytest.raises(ValueError):
>           attempts_possible_within_budget(-1.0, initial_delay=1.0, multiplier=2.0)

tests/test_backoff_calculator_synth.py:63: 
_ _ _ _ _ _ _ _ _ _ _ _ _ _ _ _ _ _ _ _ _ _ _ _ _ _ _ _ _ _ _ _ _ _ _ _ _ _ _ _ 

budget = -1.0, initial_delay = 1.0, multiplier = 2.0, max_delay = None

    def attempts_possible_within_budget(
        budget: float,
        initial_delay: float,
        multiplier: float = 1.0,
        max_delay: typing.Optional[float] = None,
    ) -> int:
        '''Calculate the maximum number of retries possible within a time budget.
    
        The initial call is not counted as a retry. The function returns the
        largest non-negative integer N such that ``total_delay_until_attempt(N+1)``
        is less than or equal to ``budget``.
    
        :param budget: Total time budget in seconds (must be >= 0).
        :param initial_delay: The delay for the first attempt.
        :param multiplier: The backoff multiplier (must be >= 1).
        :param max_delay: Optional cap on the delay (must be > 0 if provided).
        :return: The maximum number of retries.
        :raises ValueError: If any argument is invalid.
        '''
>       raise NotImplementedError('Implement attempts_possible_within_budget')
E       NotImplementedError: Implement attempts_possible_within_budget

tenacity/backoff_calculator.py:79: NotImplementedError
____________________________ test_invalid_max_delay ____________________________

    def test_invalid_max_delay():
        with pytest.raises(ValueError):
>           exponential_delay(1, initial_delay=1.0, multiplier=2.0, max_delay=0.0)

tests/test_backoff_calculator_synth.py:68: 
_ _ _ _ _ _ _ _ _ _ _ _ _ _ _ _ _ _ _ _ _ _ _ _ _ _ _ _ _ _ _ _ _ _ _ _ _ _ _ _ 

attempt = 1, initial_delay = 1.0, multiplier = 2.0, max_delay = 0.0

    def exponential_delay(
        attempt: int,
        initial_delay: float,
        multiplier: float = 1.0,
        max_delay: typing.Optional[float] = None,
    ) -> float:
        '''Calculate the delay for a given attempt using exponential backoff.
    
        The delay is computed as ``initial_delay * (multiplier ** (attempt - 1))``,
        capped at ``max_delay`` if provided.
    
        :param attempt: The attempt number (starting from 1).
        :param initial_delay: The delay for the first attempt.
        :param multiplier: The backoff multiplier (must be >= 1).
        :param max_delay: Optional cap on the delay (must be > 0 if provided).
        :return: The computed delay in seconds.
        :raises ValueError: If any argument is invalid.
        '''
>       raise NotImplementedError('Implement exponential_delay')
E       NotImplementedError: Implement exponential_delay

tenacity/backoff_calculator.py:37: NotImplementedError
=========================== short test summary info ============================
FAILED tests/test_backoff_calculator_synth.py::test_exponential_delay_basic
FAILED tests/test_backoff_calculator_synth.py::test_exponential_delay_with_max_delay
FAILED tests/test_backoff_calculator_synth.py::test_total_delay_until_attempt
FAILED tests/test_backoff_calculator_synth.py::test_total_delay_with_cap - No...
FAILED tests/test_backoff_calculator_synth.py::test_attempts_possible_within_budget
FAILED tests/test_backoff_calculator_synth.py::test_attempts_possible_within_budget_zero
FAILED tests/test_backoff_calculator_synth.py::test_invalid_attempt - NotImpl...
FAILED tests/test_backoff_calculator_synth.py::test_invalid_initial_delay - N...
FAILED tests/test_backoff_calculator_synth.py::test_invalid_multiplier - NotI...
FAILED tests/test_backoff_calculator_synth.py::test_invalid_budget - NotImple...
FAILED tests/test_backoff_calculator_synth.py::test_invalid_max_delay - NotIm...
============================== 11 failed in 0.05s ==============================