
FAILED tests/test_itsdangerous/test_serializer.py::TestSerializer::test_serializer[serializer_factory1-value5]
FAILED tests/test_itsdangerous/test_serializer.py::TestSerializer::test_changed_value[Serializer-<lambda>0]
FAILED tests/test_itsdangerous/test_serializer.py::TestSerializer::test_changed_value[Serializer-<lambda>1]
FAILED tests/test_itsdangerous/test_serializer.py::TestSerializer::test_changed_value[Serializer-<lambda>2]
FAILED tests/test_itsdangerous/test_serializer.py::TestSerializer::test_changed_value[Serializer-<lambda>3]
FAILED tests/test_itsdangerous/test_serializer.py::TestSerializer::test_changed_value[serializer_factory1-<lambda>0]
FAILED tests/test_itsdangerous/test_serializer.py::TestSerializer::test_changed_value[serializer_factory1-<lambda>1]
FAILED tests/test_itsdangerous/test_serializer.py::TestSerializer::test_changed_value[serializer_factory1-<lambda>2]
FAILED tests/test_itsdangerous/test_serializer.py::TestSerializer::test_changed_value[serializer_factory1-<lambda>3]
FAILED tests/test_itsdangerous/test_serializer.py::TestSerializer::test_bad_signature_exception[Serializer]
FAILED tests/test_itsdangerous/test_serializer.py::TestSerializer::test_bad_signature_exception[serializer_factory1]
FAILED tests/test_itsdangerous/test_serializer.py::TestSerializer::test_bad_payload_exception[Serializer]
FAILED tests/test_itsdangerous/test_serializer.py::TestSerializer::test_bad_payload_exception[serializer_factory1]
FAILED tests/test_itsdangerous/test_serializer.py::TestSerializer::test_loads_unsafe[Serializer]
FAILED tests/test_itsdangerous/test_serializer.py::TestSerializer::test_loads_unsafe[serializer_factory1]
FAILED tests/test_itsdangerous/test_serializer.py::TestSerializer::test_file[Serializer]
FAILED tests/test_itsdangerous/test_serializer.py::TestSerializer::test_file[serializer_factory1]
FAILED tests/test_itsdangerous/test_serializer.py::TestSerializer::test_alt_salt[Serializer]
FAILED tests/test_itsdangerous/test_serializer.py::TestSerializer::test_alt_salt[serializer_factory1]
FAILED tests/test_itsdangerous/test_serializer.py::TestSerializer::test_signer_cls[Serializer]
FAILED tests/test_itsdangerous/test_serializer.py::TestSerializer::test_signer_cls[serializer_factory1]
FAILED tests/test_itsdangerous/test_serializer.py::TestSerializer::test_signer_kwargs[Serializer]
FAILED tests/test_itsdangerous/test_serializer.py::TestSerializer::test_signer_kwargs[serializer_factory1]
FAILED tests/test_itsdangerous/test_serializer.py::TestSerializer::test_serializer_kwargs[Serializer]
FAILED tests/test_itsdangerous/test_serializer.py::TestSerializer::test_fallback_signers[Serializer]
FAILED tests/test_itsdangerous/test_serializer.py::TestSerializer::test_fallback_signers[serializer_factory1]
FAILED tests/test_itsdangerous/test_signer.py::TestSigner::test_signer - NotI...
FAILED tests/test_itsdangerous/test_signer.py::TestSigner::test_no_separator
FAILED tests/test_itsdangerous/test_signer.py::TestSigner::test_broken_signature
FAILED tests/test_itsdangerous/test_signer.py::TestSigner::test_changed_value
FAILED tests/test_itsdangerous/test_signer.py::TestSigner::test_key_derivation[concat]
FAILED tests/test_itsdangerous/test_signer.py::TestSigner::test_key_derivation[django-concat]
FAILED tests/test_itsdangerous/test_signer.py::TestSigner::test_key_derivation[hmac]
FAILED tests/test_itsdangerous/test_signer.py::TestSigner::test_key_derivation[none]
FAILED tests/test_itsdangerous/test_signer.py::TestSigner::test_digest_method
FAILED tests/test_itsdangerous/test_signer.py::TestSigner::test_algorithm[None]
FAILED tests/test_itsdangerous/test_signer.py::TestSigner::test_algorithm[algorithm1]
FAILED tests/test_itsdangerous/test_signer.py::TestSigner::test_algorithm[algorithm2]
FAILED tests/test_itsdangerous/test_signer.py::TestSigner::test_algorithm[algorithm3]
FAILED tests/test_itsdangerous/test_signer.py::TestSigner::test_secret_keys
======================== 144 failed, 15 passed in 1.08s ========================