actor_guard_swe_synth_0031.py::test_signature_unchanged PASSED [  2%]
tests/test_refactor_guard_swe_synth_0031.py::test_target_function_is_simplified PASSED [  5%]
tests/test_refactor_guard_swe_synth_0031.py::test_target_function_complexity_reduced PASSED [  7%]
tests/test_refactor_guard_swe_synth_0031.py::test_no_new_monolithic_function PASSED [ 10%]
tests/test_cache_control.py::TestCacheControllerResponse::test_no_cache_non_20x_response PASSED [ 12%]
tests/test_cache_control.py::TestCacheControllerResponse::test_no_cache_with_no_date PASSED [ 15%]
tests/test_cache_control.py::TestCacheControllerResponse::test_no_cache_with_malformed_date PASSED [ 17%]
tests/test_cache_control.py::TestCacheControllerResponse::test_no_cache_with_wrong_sized_body PASSED [ 20%]
tests/test_cache_control.py::TestCacheControllerResponse::test_cache_response_no_cache_control PASSED [ 23%]
tests/test_cache_control.py::TestCacheControllerResponse::test_cache_response_cache_max_age PASSED [ 25%]
tests/test_cache_control.py::TestCacheControllerResponse::test_cache_response_cache_max_age_with_invalid_value_not_cached PASSED [ 28%]
tests/test_cache_control.py::TestCacheControllerResponse::test_cache_response_no_store PASSED [ 30%]
tests/test_cache_control.py::TestCacheControllerResponse::test_cache_response_no_store_with_etag PASSED [ 33%]
tests/test_cache_control.py::TestCacheControllerResponse::test_no_cache_with_vary_star PASSED [ 35%]
tests/test_cache_control.py::TestCacheControllerResponse::test_update_cached_response_no_local_cache PASSED [ 38%]
tests/test_cache_control.py::TestCacheControllerResponse::test_update_cached_response_with_valid_headers_separate_body PASSED [ 41%]
tests/test_cache_control.py::TestCacheControllerResponse::test_update_cached_response_with_valid_headers PASSED [ 43%]
tests/test_cache_control.py::TestCacheControlRequest::test_cache_request_no_headers PASSED [ 46%]
tests/test_cache_control.py::TestCacheControlRequest::test_cache_request_no_cache PASSED [ 48%]
tests/test_cache_control.py::TestCacheControlRequest::test_cache_request_pragma_no_cache PASSED [ 51%]
tests/test_cache_control.py::TestCacheControlRequest::test_cache_request_no_store PASSED [ 53%]
tests/test_cache_control.py::TestCacheControlRequest::test_cache_request_max_age_0 PASSED [ 56%]
tests/test_cache_control.py::TestCacheControlRequest::test_cache_request_not_in_cache PASSED [ 58%]
tests/test_cache_control.py::TestCacheControlRequest::test_cache_request_fresh_max_age PASSED [ 61%]
tests/test_cache_control.py::TestCacheControlRequest::test_cache_request_unfresh_max_age PASSED [ 64%]
tests/test_cache_control.py::TestCacheControlRequest::test_cache_request_fresh_expires PASSED [ 66%]
tests/test_cache_control.py::TestCacheControlRequest::test_cache_request_unfresh_expires PASSED [ 69%]
tests/test_cache_control.py::TestCacheControlRequest::test_cached_request_with_bad_max_age_headers_not_returned PASSED [ 71%]
tests/test_cache_control.py::TestCacheControlRequest::test_cached_request_with_malformed_date_not_returned PASSED [ 74%]
tests/test_serialization.py::TestSerializer::test_load_by_version_v0 PASSED [ 76%]
tests/test_serialization.py::TestSerializer::test_load_by_version_v1 PASSED [ 79%]
tests/test_serialization.py::TestSerializer::test_load_by_version_v2 PASSED [ 82%]
tests/test_serialization.py::TestSerializer::test_load_by_version_v3 PASSED [ 84%]
tests/test_serialization.py::TestSerializer::test_read_version_v4 PASSED [ 87%]
tests/test_serialization.py::TestSerializer::test_read_latest_version_streamable PASSED [ 89%]
tests/test_serialization.py::TestSerializer::test_read_latest_version PASSED [ 92%]
tests/test_serialization.py::TestSerializer::test_no_vary_header PASSED  [ 94%]
tests/test_serialization.py::TestSerializer::test_no_body_creates_response_file_handle_on_dumps PASSED [ 97%]
tests/test_serialization.py::TestSerializer::test_no_incomplete_read_on_dumps PASSED [100%]

============================== 39 passed in 0.80s ==============================