` is
        raised. All arguments are forwarded to the signer's
        :meth:`~TimestampSigner.unsign` method.
        """
>       raise NotImplementedError("TODO: implement this function")
E       NotImplementedError: TODO: implement this function

src/itsdangerous/timed.py:199: NotImplementedError
___________________ TestTimedSerializer.test_return_payload ____________________

self = <test_itsdangerous.test_timed.TestTimedSerializer object at 0x106deb450>
serializer = <itsdangerous.timed.TimedSerializer object at 0x106f0f690>
value = {'id': 42}
ts = datetime.datetime(2011, 6, 24, 0, 9, 5, tzinfo=datetime.timezone.utc)

    def test_return_payload(self, serializer, value, ts):
        signed = serializer.dumps(value)
>       assert serializer.loads(signed, return_timestamp=True) == (value, ts)
               ^^^^^^^^^^^^^^^^^^^^^^^^^^^^^^^^^^^^^^^^^^^^^^^

tests/test_itsdangerous/test_timed.py:115: 
_ _ _ _ _ _ _ _ _ _ _ _ _ _ _ _ _ _ _ _ _ _ _ _ _ _ _ _ _ _ _ _ _ _ _ _ _ _ _ _ 

self = <itsdangerous.timed.TimedSerializer object at 0x106f0f690>
s = '{"id": 42}.TgPVoQ.go_XSHIC1FOMQN1sUJC45Z1lZRw', max_age = None
return_timestamp = True, salt = None

    def loads(  # type: ignore[override]
        self,
        s: str | bytes,
        max_age: int | None = None,
        return_timestamp: bool = False,
        salt: str | bytes | None = None,
    ) -> t.Any:
        """Reverse of :meth:`dumps`, raises :exc:`.BadSignature` if the
        signature validation fails. If a ``max_age`` is provided it will
        ensure the signature is not older than that time in seconds. In
        case the signature is outdated, :exc:`.SignatureExpired` is
        raised. All arguments are forwarded to the signer's
        :meth:`~TimestampSigner.unsign` method.
        """
>       raise NotImplementedError("TODO: implement this function")
E       NotImplementedError: TODO: implement this function

src/itsdangerous/timed.py:199: NotImplementedError
=========================== short test summary info ============================
FAILED tests/test_itsdangerous/test_timed.py::TestTimedSerializer::test_serializer[None]
FAILED tests/test_itsdangerous/test_timed.py::TestTimedSerializer::test_serializer[True]
FAILED tests/test_itsdangerous/test_timed.py::TestTimedSerializer::test_serializer[str]
FAILED tests/test_itsdangerous/test_timed.py::TestTimedSerializer::test_serializer[text]
FAILED tests/test_itsdangerous/test_timed.py::TestTimedSerializer::test_serializer[value4]
FAILED tests/test_itsdangerous/test_timed.py::TestTimedSerializer::test_serializer[value5]
FAILED tests/test_itsdangerous/test_timed.py::TestTimedSerializer::test_changed_value[<lambda>0]
FAILED tests/test_itsdangerous/test_timed.py::TestTimedSerializer::test_changed_value[<lambda>1]
FAILED tests/test_itsdangerous/test_timed.py::TestTimedSerializer::test_changed_value[<lambda>2]
FAILED tests/test_itsdangerous/test_timed.py::TestTimedSerializer::test_changed_value[<lambda>3]
FAILED tests/test_itsdangerous/test_timed.py::TestTimedSerializer::test_bad_signature_exception
FAILED tests/test_itsdangerous/test_timed.py::TestTimedSerializer::test_bad_payload_exception
FAILED tests/test_itsdangerous/test_timed.py::TestTimedSerializer::test_loads_unsafe
FAILED tests/test_itsdangerous/test_timed.py::TestTimedSerializer::test_file
FAILED tests/test_itsdangerous/test_timed.py::TestTimedSerializer::test_alt_salt
FAILED tests/test_itsdangerous/test_timed.py::TestTimedSerializer::test_signer_cls
FAILED tests/test_itsdangerous/test_timed.py::TestTimedSerializer::test_signer_kwargs
FAILED tests/test_itsdangerous/test_timed.py::TestTimedSerializer::test_serializer_kwargs
FAILED tests/test_itsdangerous/test_timed.py::TestTimedSerializer::test_fallback_signers
FAILED tests/test_itsdangerous/test_timed.py::TestTimedSerializer::test_max_age
FAILED tests/test_itsdangerous/test_timed.py::TestTimedSerializer::test_return_payload
======================== 21 failed, 121 passed in 0.22s ========================