onse::test_update_cached_response_with_valid_headers PASSED [ 39%]
tests/test_cache_control.py::TestCacheControllerResponse::test_update_cached_response_with_valid_headers_separate_body PASSED [ 40%]
tests/test_expires_heuristics.py::TestExpiresAfter::test_expires_after_one_day PASSED [ 42%]
tests/test_expires_heuristics.py::TestHeuristicWith3xxResponse::test_heuristic_applies_to_301 PASSED [ 44%]
tests/test_expires_heuristics.py::TestHeuristicWith3xxResponse::test_heuristic_applies_to_304 PASSED [ 45%]
tests/test_expires_heuristics.py::TestHeuristicWithoutWarning::test_no_header_change_means_no_warning_header PASSED [ 47%]
tests/test_expires_heuristics.py::TestLastModified::test_last_modified PASSED [ 49%]
tests/test_expires_heuristics.py::TestModifiedUnitTests::test_expires_is_not_replaced_when_present PASSED [ 50%]
tests/test_expires_heuristics.py::TestModifiedUnitTests::test_expiry_is_no_more_that_twenty_four_hours PASSED [ 52%]
tests/test_expires_heuristics.py::TestModifiedUnitTests::test_last_modified_is_not_used_when_cache_control_present PASSED [ 54%]
tests/test_expires_heuristics.py::TestModifiedUnitTests::test_last_modified_is_not_used_when_status_is_unknown PASSED [ 55%]
tests/test_expires_heuristics.py::TestModifiedUnitTests::test_last_modified_is_used PASSED [ 57%]
tests/test_expires_heuristics.py::TestModifiedUnitTests::test_last_modified_is_used_when_cache_control_public PASSED [ 59%]
tests/test_expires_heuristics.py::TestModifiedUnitTests::test_no_expiry_is_inferred_when_no_last_modified_is_present PASSED [ 60%]
tests/test_expires_heuristics.py::TestModifiedUnitTests::test_warning_is_not_added_when_heuristic_was_not_used PASSED [ 62%]
tests/test_expires_heuristics.py::TestModifiedUnitTests::test_warning_not_added_when_response_more_recent_than_24_hours PASSED [ 63%]
tests/test_expires_heuristics.py::TestOneDayCache::test_cache_for_one_day PASSED [ 65%]
tests/test_expires_heuristics.py::TestUseExpiresHeuristic::test_expires_heuristic_arg PASSED [ 67%]
tests/test_regressions.py::Test39::test_file_cache_recognizes_consumed_file_handle PASSED [ 68%]
tests/test_regressions.py::test_getattr_during_gc PASSED                 [ 70%]
tests/test_storage_filecache.py::TestFileCache::test_body_stored_inline PASSED [ 72%]
tests/test_storage_filecache.py::TestFileCache::test_filecache_directory_already_exists PASSED [ 73%]
tests/test_storage_filecache.py::TestFileCache::test_filecache_directory_not_exists PASSED [ 75%]
tests/test_storage_filecache.py::TestFileCache::test_filecache_from_cache PASSED [ 77%]
tests/test_storage_filecache.py::TestFileCache::test_filecache_with_delete_request PASSED [ 78%]
tests/test_storage_filecache.py::TestFileCache::test_filecache_with_put_request PASSED [ 80%]
tests/test_storage_filecache.py::TestFileCache::test_key_length PASSED   [ 81%]
tests/test_storage_filecache.py::TestFileCache::test_lock_class PASSED   [ 83%]
tests/test_storage_filecache.py::TestFileCache::test_simple_lockfile_arg PASSED [ 85%]
tests/test_storage_filecache.py::TestSeparateBodyFileCache::test_body_actually_stored_separately PASSED [ 86%]
tests/test_storage_filecache.py::TestSeparateBodyFileCache::test_filecache_directory_already_exists PASSED [ 88%]
tests/test_storage_filecache.py::TestSeparateBodyFileCache::test_filecache_directory_not_exists PASSED [ 90%]
tests/test_storage_filecache.py::TestSeparateBodyFileCache::test_filecache_from_cache PASSED [ 91%]
tests/test_storage_filecache.py::TestSeparateBodyFileCache::test_filecache_with_delete_request PASSED [ 93%]
tests/test_storage_filecache.py::TestSeparateBodyFileCache::test_filecache_with_put_request PASSED [ 95%]
tests/test_storage_filecache.py::TestSeparateBodyFileCache::test_key_length PASSED [ 96%]
tests/test_storage_filecache.py::TestSeparateBodyFileCache::test_lock_class PASSED [ 98%]
tests/test_storage_filecache.py::TestSeparateBodyFileCache::test_simple_lockfile_arg PASSED [100%]

============================== 61 passed in 0.84s ==============================