ED [ 81%]
tests/test_cache_control.py::TestCacheControlRequest::test_cache_request_unfresh_expires PASSED [ 84%]
tests/test_cache_control.py::TestCacheControlRequest::test_cached_request_with_bad_max_age_headers_not_returned PASSED [ 87%]
tests/test_cache_control.py::TestCacheControlRequest::test_cached_request_with_malformed_date_not_returned PASSED [ 90%]
tests/test_storage_redis.py::TestRedisCache::test_set_expiration_datetime FAILED [ 93%]
tests/test_storage_redis.py::TestRedisCache::test_set_expiration_datetime_aware FAILED [ 96%]
tests/test_storage_redis.py::TestRedisCache::test_set_expiration_int FAILED [100%]

=================================== FAILURES ===================================
_________________ TestRedisCache.test_set_expiration_datetime __________________

self = <tests.test_storage_redis.TestRedisCache object at 0x10c3ae250>

    def test_set_expiration_datetime(self):
>       self.cache.set("foo", "bar", expires=datetime(2014, 2, 2))

tests/test_storage_redis.py:17: 
_ _ _ _ _ _ _ _ _ _ _ _ _ _ _ _ _ _ _ _ _ _ _ _ _ _ _ _ _ _ _ _ _ _ _ _ _ _ _ _ 

self = <cachecontrol.caches.redis_cache.RedisCache object at 0x10c435050>
key = 'foo', value = 'bar', expires = datetime.datetime(2014, 2, 2, 0, 0)

    def set(
        self, key: str, value: bytes, expires: int | datetime | None = None
    ) -> None:
>       raise NotImplementedError("TODO: implement this function")
E       NotImplementedError: TODO: implement this function

cachecontrol/caches/redis_cache.py:26: NotImplementedError
______________ TestRedisCache.test_set_expiration_datetime_aware _______________

self = <tests.test_storage_redis.TestRedisCache object at 0x10c3afb50>

    def test_set_expiration_datetime_aware(self):
>       self.cache.set("foo", "bar", expires=datetime(2014, 2, 2, tzinfo=timezone.utc))

tests/test_storage_redis.py:21: 
_ _ _ _ _ _ _ _ _ _ _ _ _ _ _ _ _ _ _ _ _ _ _ _ _ _ _ _ _ _ _ _ _ _ _ _ _ _ _ _ 

self = <cachecontrol.caches.redis_cache.RedisCache object at 0x10bf31210>
key = 'foo', value = 'bar'
expires = datetime.datetime(2014, 2, 2, 0, 0, tzinfo=datetime.timezone.utc)

    def set(
        self, key: str, value: bytes, expires: int | datetime | None = None
    ) -> None:
>       raise NotImplementedError("TODO: implement this function")
E       NotImplementedError: TODO: implement this function

cachecontrol/caches/redis_cache.py:26: NotImplementedError
____________________ TestRedisCache.test_set_expiration_int ____________________

self = <tests.test_storage_redis.TestRedisCache object at 0x10c3afad0>

    def test_set_expiration_int(self):
>       self.cache.set("foo", "bar", expires=600)

tests/test_storage_redis.py:25: 
_ _ _ _ _ _ _ _ _ _ _ _ _ _ _ _ _ _ _ _ _ _ _ _ _ _ _ _ _ _ _ _ _ _ _ _ _ _ _ _ 

self = <cachecontrol.caches.redis_cache.RedisCache object at 0x10c4b1a90>
key = 'foo', value = 'bar', expires = 600

    def set(
        self, key: str, value: bytes, expires: int | datetime | None = None
    ) -> None:
>       raise NotImplementedError("TODO: implement this function")
E       NotImplementedError: TODO: implement this function

cachecontrol/caches/redis_cache.py:26: NotImplementedError
--------------------------- Captured stderr teardown ---------------------------
[21/Aug/2026:00:18:12] ENGINE HTTP Server cherrypy._cpwsgi_server.CPWSGIServer(('127.0.0.1', 54368)) shut down
---------------------------- Captured log teardown -----------------------------
INFO     cherrypy.error:_cplogging.py:213 [21/Aug/2026:00:18:12] ENGINE HTTP Server cherrypy._cpwsgi_server.CPWSGIServer(('127.0.0.1', 54368)) shut down
=========================== short test summary info ============================
FAILED tests/test_storage_redis.py::TestRedisCache::test_set_expiration_datetime
FAILED tests/test_storage_redis.py::TestRedisCache::test_set_expiration_datetime_aware
FAILED tests/test_storage_redis.py::TestRedisCache::test_set_expiration_int
========================= 3 failed, 30 passed in 0.80s =========================