.py::TestTimedSerializer::test_changed_value[<lambda>1] PASSED [ 74%]
tests/test_itsdangerous/test_timed.py::TestTimedSerializer::test_changed_value[<lambda>2] PASSED [ 75%]
tests/test_itsdangerous/test_timed.py::TestTimedSerializer::test_changed_value[<lambda>3] PASSED [ 76%]
tests/test_itsdangerous/test_timed.py::TestTimedSerializer::test_fallback_signers PASSED [ 76%]
tests/test_itsdangerous/test_timed.py::TestTimedSerializer::test_file PASSED [ 77%]
tests/test_itsdangerous/test_timed.py::TestTimedSerializer::test_iter_unsigners PASSED [ 77%]
tests/test_itsdangerous/test_timed.py::TestTimedSerializer::test_loads_unsafe PASSED [ 78%]
tests/test_itsdangerous/test_timed.py::TestTimedSerializer::test_max_age PASSED [ 79%]
tests/test_itsdangerous/test_timed.py::TestTimedSerializer::test_return_payload PASSED [ 79%]
tests/test_itsdangerous/test_timed.py::TestTimedSerializer::test_serializer[None] PASSED [ 80%]
tests/test_itsdangerous/test_timed.py::TestTimedSerializer::test_serializer[True] PASSED [ 81%]
tests/test_itsdangerous/test_timed.py::TestTimedSerializer::test_serializer[str] PASSED [ 81%]
tests/test_itsdangerous/test_timed.py::TestTimedSerializer::test_serializer[text] PASSED [ 82%]
tests/test_itsdangerous/test_timed.py::TestTimedSerializer::test_serializer[value4] PASSED [ 83%]
tests/test_itsdangerous/test_timed.py::TestTimedSerializer::test_serializer[value5] PASSED [ 83%]
tests/test_itsdangerous/test_timed.py::TestTimedSerializer::test_serializer_kwargs PASSED [ 84%]
tests/test_itsdangerous/test_timed.py::TestTimedSerializer::test_signer_cls PASSED [ 84%]
tests/test_itsdangerous/test_timed.py::TestTimedSerializer::test_signer_kwargs PASSED [ 85%]
tests/test_itsdangerous/test_timed.py::TestTimestampSigner::test_algorithm[None] PASSED [ 86%]
tests/test_itsdangerous/test_timed.py::TestTimestampSigner::test_algorithm[algorithm1] PASSED [ 86%]
tests/test_itsdangerous/test_timed.py::TestTimestampSigner::test_algorithm[algorithm2] PASSED [ 87%]
tests/test_itsdangerous/test_timed.py::TestTimestampSigner::test_algorithm[algorithm3] PASSED [ 88%]
tests/test_itsdangerous/test_timed.py::TestTimestampSigner::test_broken_signature PASSED [ 88%]
tests/test_itsdangerous/test_timed.py::TestTimestampSigner::test_changed_value PASSED [ 89%]
tests/test_itsdangerous/test_timed.py::TestTimestampSigner::test_digest_method PASSED [ 89%]
tests/test_itsdangerous/test_timed.py::TestTimestampSigner::test_future_age PASSED [ 90%]
tests/test_itsdangerous/test_timed.py::TestTimestampSigner::test_invalid_key_derivation PASSED [ 91%]
tests/test_itsdangerous/test_timed.py::TestTimestampSigner::test_invalid_separator PASSED [ 91%]
tests/test_itsdangerous/test_timed.py::TestTimestampSigner::test_key_derivation[concat] PASSED [ 92%]
tests/test_itsdangerous/test_timed.py::TestTimestampSigner::test_key_derivation[django-concat] PASSED [ 93%]
tests/test_itsdangerous/test_timed.py::TestTimestampSigner::test_key_derivation[hmac] PASSED [ 93%]
tests/test_itsdangerous/test_timed.py::TestTimestampSigner::test_key_derivation[none] PASSED [ 94%]
tests/test_itsdangerous/test_timed.py::TestTimestampSigner::test_malformed_future_timestamp PASSED [ 94%]
tests/test_itsdangerous/test_timed.py::TestTimestampSigner::test_malformed_timestamp PASSED [ 95%]
tests/test_itsdangerous/test_timed.py::TestTimestampSigner::test_max_age PASSED [ 96%]
tests/test_itsdangerous/test_timed.py::TestTimestampSigner::test_no_separator PASSED [ 96%]
tests/test_itsdangerous/test_timed.py::TestTimestampSigner::test_return_timestamp PASSED [ 97%]
tests/test_itsdangerous/test_timed.py::TestTimestampSigner::test_secret_keys PASSED [ 98%]
tests/test_itsdangerous/test_timed.py::TestTimestampSigner::test_sig_error_date_signed PASSED [ 98%]
tests/test_itsdangerous/test_timed.py::TestTimestampSigner::test_signer PASSED [ 99%]
tests/test_itsdangerous/test_timed.py::TestTimestampSigner::test_timestamp_missing PASSED [100%]

============================= 159 passed in 0.18s ==============================