_invalid_raises PASSED    [ 11%]
tests/test_http_date_utils_synth.py::test_parse_missing_gmt_raises PASSED [ 13%]
tests/test_http_date_utils_synth.py::test_format_http_date PASSED        [ 15%]
tests/test_http_date_utils_synth.py::test_format_zero PASSED             [ 18%]
tests/test_http_date_utils_synth.py::test_roundtrip PASSED               [ 20%]
tests/test_serialization.py::TestSerializer::test_load_by_version_v0 PASSED [ 22%]
tests/test_serialization.py::TestSerializer::test_load_by_version_v1 PASSED [ 25%]
tests/test_serialization.py::TestSerializer::test_load_by_version_v2 PASSED [ 27%]
tests/test_serialization.py::TestSerializer::test_load_by_version_v3 PASSED [ 29%]
tests/test_serialization.py::TestSerializer::test_read_version_v4 PASSED [ 31%]
tests/test_serialization.py::TestSerializer::test_read_latest_version_streamable PASSED [ 34%]
tests/test_serialization.py::TestSerializer::test_read_latest_version PASSED [ 36%]
tests/test_serialization.py::TestSerializer::test_no_vary_header PASSED  [ 38%]
tests/test_serialization.py::TestSerializer::test_no_body_creates_response_file_handle_on_dumps PASSED [ 40%]
tests/test_serialization.py::TestSerializer::test_no_incomplete_read_on_dumps PASSED [ 43%]
tests/test_cache_control.py::TestCacheControllerResponse::test_no_cache_non_20x_response PASSED [ 45%]
tests/test_cache_control.py::TestCacheControllerResponse::test_no_cache_with_no_date PASSED [ 47%]
tests/test_cache_control.py::TestCacheControllerResponse::test_no_cache_with_malformed_date PASSED [ 50%]
tests/test_cache_control.py::TestCacheControllerResponse::test_no_cache_with_wrong_sized_body PASSED [ 52%]
tests/test_cache_control.py::TestCacheControllerResponse::test_cache_response_no_cache_control PASSED [ 54%]
tests/test_cache_control.py::TestCacheControllerResponse::test_cache_response_cache_max_age PASSED [ 56%]
tests/test_cache_control.py::TestCacheControllerResponse::test_cache_response_cache_max_age_with_invalid_value_not_cached PASSED [ 59%]
tests/test_cache_control.py::TestCacheControllerResponse::test_cache_response_no_store PASSED [ 61%]
tests/test_cache_control.py::TestCacheControllerResponse::test_cache_response_no_store_with_etag PASSED [ 63%]
tests/test_cache_control.py::TestCacheControllerResponse::test_no_cache_with_vary_star PASSED [ 65%]
tests/test_cache_control.py::TestCacheControllerResponse::test_update_cached_response_no_local_cache PASSED [ 68%]
tests/test_cache_control.py::TestCacheControllerResponse::test_update_cached_response_with_valid_headers_separate_body PASSED [ 70%]
tests/test_cache_control.py::TestCacheControllerResponse::test_update_cached_response_with_valid_headers PASSED [ 72%]
tests/test_cache_control.py::TestCacheControlRequest::test_cache_request_no_headers PASSED [ 75%]
tests/test_cache_control.py::TestCacheControlRequest::test_cache_request_no_cache PASSED [ 77%]
tests/test_cache_control.py::TestCacheControlRequest::test_cache_request_pragma_no_cache PASSED [ 79%]
tests/test_cache_control.py::TestCacheControlRequest::test_cache_request_no_store PASSED [ 81%]
tests/test_cache_control.py::TestCacheControlRequest::test_cache_request_max_age_0 PASSED [ 84%]
tests/test_cache_control.py::TestCacheControlRequest::test_cache_request_not_in_cache PASSED [ 86%]
tests/test_cache_control.py::TestCacheControlRequest::test_cache_request_fresh_max_age PASSED [ 88%]
tests/test_cache_control.py::TestCacheControlRequest::test_cache_request_unfresh_max_age PASSED [ 90%]
tests/test_cache_control.py::TestCacheControlRequest::test_cache_request_fresh_expires PASSED [ 93%]
tests/test_cache_control.py::TestCacheControlRequest::test_cache_request_unfresh_expires PASSED [ 95%]
tests/test_cache_control.py::TestCacheControlRequest::test_cached_request_with_bad_max_age_headers_not_returned PASSED [ 97%]
tests/test_cache_control.py::TestCacheControlRequest::test_cached_request_with_malformed_date_not_returned PASSED [100%]

============================== 44 passed in 0.75s ==============================