 HTTPResponse | None:
>       raise NotImplementedError("TODO: implement this function")
E       NotImplementedError: TODO: implement this function

cachecontrol/serialize.py:141: NotImplementedError
______________________ TestSerializer.test_no_vary_header ______________________

self = <tests.test_serialization.TestSerializer object at 0x107c3bd90>
url = 'http://127.0.0.1:50492/'

    def test_no_vary_header(self, url):
        original_resp = requests.get(url)
        data = original_resp.content
        req = original_resp.request
    
        # We make sure our response has a Vary header and that the
        # request doesn't have the header.
        original_resp.raw.headers["vary"] = "Foo"
    
>       assert self.serializer.loads(
            req, self.serializer.dumps(req, original_resp.raw, data)
        )

tests/test_serialization.py:94: 
_ _ _ _ _ _ _ _ _ _ _ _ _ _ _ _ _ _ _ _ _ _ _ _ _ _ _ _ _ _ _ _ _ _ _ _ _ _ _ _ 
cachecontrol/serialize.py:81: in loads
    return self._loads_v4(request, data, body_file)
           ^^^^^^^^^^^^^^^^^^^^^^^^^^^^^^^^^^^^^^^^
_ _ _ _ _ _ _ _ _ _ _ _ _ _ _ _ _ _ _ _ _ _ _ _ _ _ _ _ _ _ _ _ _ _ _ _ _ _ _ _ 

self = <cachecontrol.serialize.Serializer object at 0x107cb8690>
request = <PreparedRequest [GET]>
data = b'\x82\xa8response\x86\xa4body\xc5\x03o{\'ACTUAL_SERVER_PROTOCOL\': \'HTTP/1.1\',\n \'HTTP_ACCEPT\': \'*/*\',\n \'HTTP...127.0.0.1\xa4vary\xa3Foo\xa6status\xcc\xc8\xa7version\x0b\xa6reason\xa2OK\xaedecode_content\xc2\xa4vary\x81\xa3Foo\xc0'
body_file = None

    def _loads_v4(
        self,
        request: PreparedRequest,
        data: bytes,
        body_file: IO[bytes] | None = None,
    ) -> HTTPResponse | None:
>       raise NotImplementedError("TODO: implement this function")
E       NotImplementedError: TODO: implement this function

cachecontrol/serialize.py:141: NotImplementedError
______ TestSerializer.test_no_body_creates_response_file_handle_on_dumps _______

self = <tests.test_serialization.TestSerializer object at 0x107c30c90>
url = 'http://127.0.0.1:50492/'

    def test_no_body_creates_response_file_handle_on_dumps(self, url):
        original_resp = requests.get(url, stream=True)
        data = None
        req = original_resp.request
    
>       assert self.serializer.loads(
            req, self.serializer.dumps(req, original_resp.raw, data)
        )

tests/test_serialization.py:103: 
_ _ _ _ _ _ _ _ _ _ _ _ _ _ _ _ _ _ _ _ _ _ _ _ _ _ _ _ _ _ _ _ _ _ _ _ _ _ _ _ 
cachecontrol/serialize.py:81: in loads
    return self._loads_v4(request, data, body_file)
           ^^^^^^^^^^^^^^^^^^^^^^^^^^^^^^^^^^^^^^^^
_ _ _ _ _ _ _ _ _ _ _ _ _ _ _ _ _ _ _ _ _ _ _ _ _ _ _ _ _ _ _ _ _ _ _ _ _ _ _ _ 

self = <cachecontrol.serialize.Serializer object at 0x107c7de10>
request = <PreparedRequest [GET]>
data = b'\x82\xa8response\x86\xa4body\xc5\x03o{\'ACTUAL_SERVER_PROTOCOL\': \'HTTP/1.1\',\n \'HTTP_ACCEPT\': \'*/*\',\n \'HTTP...19:03:12 GMT\xa6Server\xa9127.0.0.1\xa6status\xcc\xc8\xa7version\x0b\xa6reason\xa2OK\xaedecode_content\xc2\xa4vary\x80'
body_file = None

    def _loads_v4(
        self,
        request: PreparedRequest,
        data: bytes,
        body_file: IO[bytes] | None = None,
    ) -> HTTPResponse | None:
>       raise NotImplementedError("TODO: implement this function")
E       NotImplementedError: TODO: implement this function

cachecontrol/serialize.py:141: NotImplementedError
=========================== short test summary info ============================
FAILED tests/test_serialization.py::TestSerializer::test_read_version_v4 - No...
FAILED tests/test_serialization.py::TestSerializer::test_read_latest_version_streamable
FAILED tests/test_serialization.py::TestSerializer::test_read_latest_version
FAILED tests/test_serialization.py::TestSerializer::test_no_vary_header - Not...
FAILED tests/test_serialization.py::TestSerializer::test_no_body_creates_response_file_handle_on_dumps
========================= 5 failed, 5 passed in 0.75s ==========================